 ballonplate_correctordinates_sfun

 Timestamp is 57795429 (Sun Jul 03 14:06:33 2016)

 Preferred load address is 0000000180000000

 Start         Length     Name                   Class
 0001:00000000 00010c42H .text$mn                CODE
 0001:00010c50 0000007bH .text$x                 CODE
 0002:00000000 00000488H .idata$5                DATA
 0002:00000488 00000008H .CRT$XCA                DATA
 0002:00000490 00000008H .CRT$XCZ                DATA
 0002:00000498 00000008H .CRT$XIA                DATA
 0002:000004a0 00000008H .CRT$XIAA               DATA
 0002:000004a8 00000008H .CRT$XIC                DATA
 0002:000004b0 00000008H .CRT$XIZ                DATA
 0002:000004c0 00000730H .rdata                  DATA
 0002:00000bf0 00000008H .rtc$IAA                DATA
 0002:00000bf8 00000008H .rtc$IZZ                DATA
 0002:00000c00 00000008H .rtc$TAA                DATA
 0002:00000c08 00000008H .rtc$TZZ                DATA
 0002:00000c10 00000744H .xdata                  DATA
 0002:00001360 00000067H .edata                  DATA
 0002:000013c8 0000008cH .idata$2                DATA
 0002:00001454 00000014H .idata$3                DATA
 0002:00001468 00000488H .idata$4                DATA
 0002:000018f0 00000cd8H .idata$6                DATA
 0003:00000000 00002088H .data                   DATA
 0003:00002090 000006b8H .bss                    DATA
 0004:00000000 000008d0H .pdata                  DATA

  Address         Publics by Value              Rva+Base               Lib:Object

 0000:00000000       __guard_fids_count         0000000000000000     <absolute>
 0000:00000000       ___safe_se_handler_table   0000000000000000     <absolute>
 0000:00000000       __guard_fids_table         0000000000000000     <absolute>
 0000:00000000       ___safe_se_handler_count   0000000000000000     <absolute>
 0000:00000000       __guard_flags              0000000000000000     <absolute>
 0000:00000000       __ImageBase                0000000180000000     <linker-defined>
 0001:00000000       ballonplate_correctordinates_initializer 0000000180001000 f   ballonplate_correctordinates_sfun.obj
 0001:00000010       ballonplate_correctordinates_terminator 0000000180001010 f   ballonplate_correctordinates_sfun.obj
 0001:00000020       load_ballonplate_correctordinates_optimization_info 0000000180001020 f   ballonplate_correctordinates_sfun.obj
 0001:000000d0       unload_ballonplate_correctordinates_optimization_info 00000001800010d0 f   ballonplate_correctordinates_sfun.obj
 0001:00000100       sf_ballonplate_correctordinates_method_dispatcher 0000000180001100 f   ballonplate_correctordinates_sfun.obj
 0001:00000150       sf_ballonplate_correctordinates_process_check_sum_call 0000000180001150 f   ballonplate_correctordinates_sfun.obj
 0001:00000700       sf_ballonplate_correctordinates_autoinheritance_info 0000000180001700 f   ballonplate_correctordinates_sfun.obj
 0001:000008e0       sf_ballonplate_correctordinates_get_eml_resolved_functions_info 00000001800018e0 f   ballonplate_correctordinates_sfun.obj
 0001:00000a60       sf_ballonplate_correctordinates_third_party_uses_info 0000000180001a60 f   ballonplate_correctordinates_sfun.obj
 0001:00000c30       sf_ballonplate_correctordinates_jit_fallback_info 0000000180001c30 f   ballonplate_correctordinates_sfun.obj
 0001:00000e00       sf_ballonplate_correctordinates_updateBuildInfo_args_info 0000000180001e00 f   ballonplate_correctordinates_sfun.obj
 0001:00000fd0       ballonplate_correctordinates_debug_initialize 0000000180001fd0 f   ballonplate_correctordinates_sfun.obj
 0001:00001050       ballonplate_correctordinates_register_exported_symbols 0000000180002050 f   ballonplate_correctordinates_sfun.obj
 0001:00001060       sf_c12_ballonplate_correctordinates_get_eml_resolved_functions_info 0000000180002060 f   c12_ballonplate_correctordinates.obj
 0001:000010e0       sf_c12_ballonplate_correctordinates_get_check_sum 00000001800020e0 f   c12_ballonplate_correctordinates.obj
 0001:000011b0       c12_ballonplate_correctordinates_method_dispatcher 00000001800021b0 f   c12_ballonplate_correctordinates.obj
 0001:00006360       sf_c12_ballonplate_correctordinates_get_post_codegen_info 0000000180007360 f   c12_ballonplate_correctordinates.obj
 0001:00006430       sf_c12_ballonplate_correctordinates_get_autoinheritance_info 0000000180007430 f   c12_ballonplate_correctordinates.obj
 0001:00007660       sf_c12_ballonplate_correctordinates_third_party_uses_info 0000000180008660 f   c12_ballonplate_correctordinates.obj
 0001:00007690       sf_c12_ballonplate_correctordinates_jit_fallback_info 0000000180008690 f   c12_ballonplate_correctordinates.obj
 0001:00007820       sf_c12_ballonplate_correctordinates_updateBuildInfo_args_info 0000000180008820 f   c12_ballonplate_correctordinates.obj
 0001:00008690       mexFunction                0000000180009690 f   ballonplate_correctordinates_sfun_registry.obj
 0001:00009a60       _ssSetInputPortDirectFeedThroughFcn 000000018000aa60 f   ballonplate_correctordinates_sfun_registry.obj
 0001:00009c10       _ssGetInputPortSignalPtrsFcn 000000018000ac10 f   ballonplate_correctordinates_sfun_registry.obj
 0001:00009ee0       _ssGetInputPortSignalFcn   000000018000aee0 f   ballonplate_correctordinates_sfun_registry.obj
 0001:0000a1b0       _ssSetInputPortReusableFcn 000000018000b1b0 f   ballonplate_correctordinates_sfun_registry.obj
 0001:0000a290       _ssSetOutputPortReusableFcn 000000018000b290 f   ballonplate_correctordinates_sfun_registry.obj
 0001:0000a370       _ssSetSymbolicDimsSupport  000000018000b370 f   ballonplate_correctordinates_sfun_registry.obj
 0001:0000a3e0       _ssRegisterSymbolicDimsExpr 000000018000b3e0 f   ballonplate_correctordinates_sfun_registry.obj
 0001:0000a460       _ssRegisterSymbolicDims    000000018000b460 f   ballonplate_correctordinates_sfun_registry.obj
 0001:0000a500       _ssRegisterSymbolicDimsString 000000018000b500 f   ballonplate_correctordinates_sfun_registry.obj
 0001:0000a580       _ssRegisterSymbolicDimsIntValue 000000018000b580 f   ballonplate_correctordinates_sfun_registry.obj
 0001:0000a5f0       _ssRegisterSymbolicDimsPlus 000000018000b5f0 f   ballonplate_correctordinates_sfun_registry.obj
 0001:0000a670       _ssRegisterSymbolicDimsMinus 000000018000b670 f   ballonplate_correctordinates_sfun_registry.obj
 0001:0000a6f0       _ssRegisterSymbolicDimsMultiply 000000018000b6f0 f   ballonplate_correctordinates_sfun_registry.obj
 0001:0000a770       _ssRegisterSymbolicDimsDivide 000000018000b770 f   ballonplate_correctordinates_sfun_registry.obj
 0001:0000a7f0       _ssGetNumSymbolicDims      000000018000b7f0 f   ballonplate_correctordinates_sfun_registry.obj
 0001:0000a860       _ssGetSymbolicDim          000000018000b860 f   ballonplate_correctordinates_sfun_registry.obj
 0001:0000a8e0       _ssSetInputPortSymbolicDimsId 000000018000b8e0 f   ballonplate_correctordinates_sfun_registry.obj
 0001:0000a950       _ssGetCompInputPortSymbolicDimsId 000000018000b950 f   ballonplate_correctordinates_sfun_registry.obj
 0001:0000a9c0       _ssSetCompInputPortSymbolicDimsId 000000018000b9c0 f   ballonplate_correctordinates_sfun_registry.obj
 0001:0000aa30       _ssSetOutputPortSymbolicDimsId 000000018000ba30 f   ballonplate_correctordinates_sfun_registry.obj
 0001:0000aaa0       _ssGetCompOutputPortSymbolicDimsId 000000018000baa0 f   ballonplate_correctordinates_sfun_registry.obj
 0001:0000ab10       _ssSetCompOutputPortSymbolicDimsId 000000018000bb10 f   ballonplate_correctordinates_sfun_registry.obj
 0001:0000ab80       _ssSetCompDWorkSymbolicDimsId 000000018000bb80 f   ballonplate_correctordinates_sfun_registry.obj
 0001:0000abf0       ssGetIsZeroCrossControlDisabled 000000018000bbf0 f   ballonplate_correctordinates_sfun_registry.obj
 0001:0000ac60       ssSetIsInputPortUsedForContZcSignal 000000018000bc60 f   ballonplate_correctordinates_sfun_registry.obj
 0001:0000acd0       ssSetZcSignalIsZcElementDisc 000000018000bcd0 f   ballonplate_correctordinates_sfun_registry.obj
 0001:0000ad80       ssSetZcSignalName          000000018000bd80 f   ballonplate_correctordinates_sfun_registry.obj
 0001:0000adf0       ssSetZcSignalWidth         000000018000bdf0 f   ballonplate_correctordinates_sfun_registry.obj
 0001:0000ae60       ssSetZcSignalZcEventType   000000018000be60 f   ballonplate_correctordinates_sfun_registry.obj
 0001:0000aed0       ssSetZcSignalType          000000018000bed0 f   ballonplate_correctordinates_sfun_registry.obj
 0001:0000af40       ssSetZcSignalZcTol         000000018000bf40 f   ballonplate_correctordinates_sfun_registry.obj
 0001:0000afb0       ssSetZcSignalNeedsEventNotification 000000018000bfb0 f   ballonplate_correctordinates_sfun_registry.obj
 0001:0000b020       ssCreateAndAddZcSignalInfo 000000018000c020 f   ballonplate_correctordinates_sfun_registry.obj
 0001:0000b090       ssCloneAndAddZcSignalInfo  000000018000c090 f   ballonplate_correctordinates_sfun_registry.obj
 0001:0000b100       ssGetNumZcSignals          000000018000c100 f   ballonplate_correctordinates_sfun_registry.obj
 0001:0000b170       ssGetZcSignalVector        000000018000c170 f   ballonplate_correctordinates_sfun_registry.obj
 0001:0000b1e0       ssGetZcSignalName          000000018000c1e0 f   ballonplate_correctordinates_sfun_registry.obj
 0001:0000b250       ssGetZcSignalWidth         000000018000c250 f   ballonplate_correctordinates_sfun_registry.obj
 0001:0000b2c0       ssGetZcSignalZcEventType   000000018000c2c0 f   ballonplate_correctordinates_sfun_registry.obj
 0001:0000b330       ssGetZcSignalZcEvents      000000018000c330 f   ballonplate_correctordinates_sfun_registry.obj
 0001:0000b3a0       ssGetZcSignalType          000000018000c3a0 f   ballonplate_correctordinates_sfun_registry.obj
 0001:0000b410       ssGetZcSignalZcTol         000000018000c410 f   ballonplate_correctordinates_sfun_registry.obj
 0001:0000b490       ssGetZcSignalNeedsEventNotification 000000018000c490 f   ballonplate_correctordinates_sfun_registry.obj
 0001:0000b500       ssGetZcSignalIsZcElementDisc 000000018000c500 f   ballonplate_correctordinates_sfun_registry.obj
 0001:0000b5a0       ssGetIsInputPortElementContinuous 000000018000c5a0 f   ballonplate_correctordinates_sfun_registry.obj
 0001:0000b640       ssGetDTypeIdFromMxArray    000000018000c640 f   ballonplate_correctordinates_sfun_registry.obj
 0001:0000b760       ssWriteRTWStr              000000018000c760 f   ballonplate_correctordinates_sfun_registry.obj
 0001:0000b7c0       ssWriteRTWNameValuePair    000000018000c7c0 f   ballonplate_correctordinates_sfun_registry.obj
 0001:0000bcc0       ssWriteRTWParamSettings    000000018000ccc0 f   ballonplate_correctordinates_sfun_registry.obj
 0001:0000c3b0       ssWriteRTWParameters       000000018000d3b0 f   ballonplate_correctordinates_sfun_registry.obj
 0001:0000c980       ssWriteRTWWorkVect         000000018000d980 f   ballonplate_correctordinates_sfun_registry.obj
 0001:0000ce70       ssWriteRTWMxVectParam      000000018000de70 f   ballonplate_correctordinates_sfun_registry.obj
 0001:0000cef0       ssWriteRTWMx2dMatParam     000000018000def0 f   ballonplate_correctordinates_sfun_registry.obj
 0001:0000cf80       _ssSetInputPortMatrixDimensions 000000018000df80 f   ballonplate_correctordinates_sfun_registry.obj
 0001:0000d080       _ssSetOutputPortMatrixDimensions 000000018000e080 f   ballonplate_correctordinates_sfun_registry.obj
 0001:0000d180       _ssSetInputPortVectorDimension 000000018000e180 f   ballonplate_correctordinates_sfun_registry.obj
 0001:0000d230       _ssSetOutputPortVectorDimension 000000018000e230 f   ballonplate_correctordinates_sfun_registry.obj
 0001:0000d2e0       ssIsRunTimeParamTunable    000000018000e2e0 f   ballonplate_correctordinates_sfun_registry.obj
 0001:0000d350       ssGetSFuncBlockHandle      000000018000e350 f   ballonplate_correctordinates_sfun_registry.obj
 0001:0000d3c0       _ssGetCurrentInputPortWidth 000000018000e3c0 f   ballonplate_correctordinates_sfun_registry.obj
 0001:0000d4e0       _ssGetCurrentOutputPortWidth 000000018000e4e0 f   ballonplate_correctordinates_sfun_registry.obj
 0001:0000d600       _ssGetCallSystemNumFcnCallDestinations 000000018000e600 f   ballonplate_correctordinates_sfun_registry.obj
 0001:0000d670       ssGetParameterTuningCompliance 000000018000e670 f   ballonplate_correctordinates_sfun_registry.obj
 0001:0000d6e0       ssWarning                  000000018000e6e0 f   ballonplate_correctordinates_sfun_registry.obj
 0001:0000d7d0       _ssGetAbsTol               000000018000e7d0 f   ballonplate_correctordinates_sfun_registry.obj
 0001:0000d840       _ssSetStateAbsTol          000000018000e840 f   ballonplate_correctordinates_sfun_registry.obj
 0001:0000d920       sf_process_check_sum_call  000000018000e920 f   ballonplate_correctordinates_sfun_registry.obj
 0001:0000d970       sf_process_autoinheritance_call 000000018000e970 f   ballonplate_correctordinates_sfun_registry.obj
 0001:0000dba0       sf_process_get_third_party_uses_info_call 000000018000eba0 f   ballonplate_correctordinates_sfun_registry.obj
 0001:0000ddd0       sf_process_get_jit_fallback_info_call 000000018000edd0 f   ballonplate_correctordinates_sfun_registry.obj
 0001:0000e000       sf_process_get_updateBuildInfo_args_info_call 000000018000f000 f   ballonplate_correctordinates_sfun_registry.obj
 0001:0000e230       sf_process_get_eml_resolved_functions_info_call 000000018000f230 f   ballonplate_correctordinates_sfun_registry.obj
 0001:0000e430       sf_mex_unlock_call         000000018000f430 f   ballonplate_correctordinates_sfun_registry.obj
 0001:0000e6d0       sf_machine_global_initializer_called 000000018000f6d0 f   ballonplate_correctordinates_sfun_registry.obj
 0001:0000e700       sf_machine_global_method_dispatcher 000000018000f700 f   ballonplate_correctordinates_sfun_registry.obj
 0001:0000e760       sf_machine_global_terminator 000000018000f760 f   ballonplate_correctordinates_sfun_registry.obj
 0001:0000e7b0       sf_register_machine_exported_symbols 000000018000f7b0 f   ballonplate_correctordinates_sfun_registry.obj
 0001:0000e7d0       callCustomFcn              000000018000f7d0 f   ballonplate_correctordinates_sfun_registry.obj
 0001:0000e7e0       sf_machine_global_initializer 000000018000f7e0 f   ballonplate_correctordinates_sfun_registry.obj
 0001:0000e860       mdlGetSimState             000000018000f860 f   ballonplate_correctordinates_sfun_registry.obj
 0001:0000e8a0       mdlSetSimState             000000018000f8a0 f   ballonplate_correctordinates_sfun_registry.obj
 0001:0000f100       ProcessMexSfunctionEveryCall 0000000180010100 f   ballonplate_correctordinates_sfun_registry.obj
 0001:0000fe06       sf_load_rtw_optimization_info 0000000180010e06 f   sf_runtime:sf_runtime.dll
 0001:0000fe0c       sf_debug_initialize_machine 0000000180010e0c f   sf_runtime:sf_runtime.dll
 0001:0000fe12       sf_debug_set_machine_event_thresholds 0000000180010e12 f   sf_runtime:sf_runtime.dll
 0001:0000fe18       sf_debug_set_machine_data_thresholds 0000000180010e18 f   sf_runtime:sf_runtime.dll
 0001:0000fe1e       sf_init_ChartRunTimeInfo   0000000180010e1e f   sf_runtime:sf_runtime.dll
 0001:0000fe24       sf_free_ChartRunTimeInfo   0000000180010e24 f   sf_runtime:sf_runtime.dll
 0001:0000fe2a       sf_get_chart_instance_ptr  0000000180010e2a f   sf_runtime:sf_runtime.dll
 0001:0000fe30       sf_rtw_info_uint_prop      0000000180010e30 f   sf_runtime:sf_runtime.dll
 0001:0000fe36       sf_update_buildInfo        0000000180010e36 f   sf_runtime:sf_runtime.dll
 0001:0000fe3c       sf_is_chart_inlinable      0000000180010e3c f   sf_runtime:sf_runtime.dll
 0001:0000fe42       sf_mark_chart_reusable_outputs 0000000180010e42 f   sf_runtime:sf_runtime.dll
 0001:0000fe48       sf_mark_chart_expressionable_inputs 0000000180010e48 f   sf_runtime:sf_runtime.dll
 0001:0000fe4e       sim_mode_is_rtw_gen        0000000180010e4e f   sf_runtime:sf_runtime.dll
 0001:0000fe54       sim_mode_is_external       0000000180010e54 f   sf_runtime:sf_runtime.dll
 0001:0000fe5a       sim_mode_is_modelref_sim   0000000180010e5a f   sf_runtime:sf_runtime.dll
 0001:0000fe60       sf_clear_rtw_identifier    0000000180010e60 f   sf_runtime:sf_runtime.dll
 0001:0000fe66       sf_set_rtw_dwork_info      0000000180010e66 f   sf_runtime:sf_runtime.dll
 0001:0000fe6c       sf_get_time                0000000180010e6c f   sf_runtime:sf_runtime.dll
 0001:0000fe72       sf_is_first_init_cond      0000000180010e72 f   sf_runtime:sf_runtime.dll
 0001:0000fe78       sf_set_chart_accesses_machine_info 0000000180010e78 f   sf_runtime:sf_runtime.dll
 0001:0000fe7e       sf_mex_call_debug          0000000180010e7e f   sf_runtime:sf_runtime.dll
 0001:0000fe84       sf_mex_error_message       0000000180010e84 f   sf_runtime:sf_runtime.dll
 0001:0000fe8a       sf_mex_create              0000000180010e8a f   sf_runtime:sf_runtime.dll
 0001:0000fe90       sf_mex_createcellmatrix    0000000180010e90 f   sf_runtime:sf_runtime.dll
 0001:0000fe96       sf_mex_setcell             0000000180010e96 f   sf_runtime:sf_runtime.dll
 0001:0000fe9c       sf_mex_getcell             0000000180010e9c f   sf_runtime:sf_runtime.dll
 0001:0000fea2       sf_mex_assign              0000000180010ea2 f   sf_runtime:sf_runtime.dll
 0001:0000fea8       sf_mex_dup                 0000000180010ea8 f   sf_runtime:sf_runtime.dll
 0001:0000feae       sf_mex_destroy             0000000180010eae f   sf_runtime:sf_runtime.dll
 0001:0000feb4       sf_mex_import              0000000180010eb4 f   sf_runtime:sf_runtime.dll
 0001:0000feba       sf_mex_decode_encoded_mx_struct_array 0000000180010eba f   sf_runtime:sf_runtime.dll
 0001:0000fec0       ssGetInputPortSignal_wrapper 0000000180010ec0 f   sf_runtime:sf_runtime.dll
 0001:0000fec6       ssGetOutputPortSignal_wrapper 0000000180010ec6 f   sf_runtime:sf_runtime.dll
 0001:0000fecc       sf_debug_initialize_chart  0000000180010ecc f   sf_runtime:sf_runtime.dll
 0001:0000fed2       sf_debug_call              0000000180010ed2 f   sf_runtime:sf_runtime.dll
 0001:0000fed8       eml_debug_line_call        0000000180010ed8 f   sf_runtime:sf_runtime.dll
 0001:0000fede       cv_eml_eval                0000000180010ede f   sf_runtime:sf_runtime.dll
 0001:0000fee4       cv_eval_relational         0000000180010ee4 f   sf_runtime:sf_runtime.dll
 0001:0000feea       cv_eml_init_script         0000000180010eea f   sf_runtime:sf_runtime.dll
 0001:0000fef0       cv_eml_init_fcn            0000000180010ef0 f   sf_runtime:sf_runtime.dll
 0001:0000fef6       cv_eml_init_if             0000000180010ef6 f   sf_runtime:sf_runtime.dll
 0001:0000fefc       cv_eml_init_mcdc           0000000180010efc f   sf_runtime:sf_runtime.dll
 0001:0000ff02       cv_eml_init_relational     0000000180010f02 f   sf_runtime:sf_runtime.dll
 0001:0000ff08       sf_debug_reset_current_state_configuration 0000000180010f08 f   sf_runtime:sf_runtime.dll
 0001:0000ff0e       sf_debug_check_for_state_inconsistency 0000000180010f0e f   sf_runtime:sf_runtime.dll
 0001:0000ff14       sf_debug_set_chart_data_props 0000000180010f14 f   sf_runtime:sf_runtime.dll
 0001:0000ff1a       sf_debug_set_chart_data_compiled_props 0000000180010f1a f   sf_runtime:sf_runtime.dll
 0001:0000ff20       sf_debug_symbol_scope_push 0000000180010f20 f   sf_runtime:sf_runtime.dll
 0001:0000ff26       sf_debug_symbol_scope_push_eml 0000000180010f26 f   sf_runtime:sf_runtime.dll
 0001:0000ff2c       sf_debug_symbol_scope_pop  0000000180010f2c f   sf_runtime:sf_runtime.dll
 0001:0000ff32       sf_debug_symbol_scope_add_eml 0000000180010f32 f   sf_runtime:sf_runtime.dll
 0001:0000ff38       sf_debug_symbol_scope_add_eml_importable 0000000180010f38 f   sf_runtime:sf_runtime.dll
 0001:0000ff3e       sf_debug_set_instance_data_value_ptr 0000000180010f3e f   sf_runtime:sf_runtime.dll
 0001:0000ff44       sf_debug_set_chart_disable_implicit_casting 0000000180010f44 f   sf_runtime:sf_runtime.dll
 0001:0000ff4a       sf_debug_set_chart_event_thresholds 0000000180010f4a f   sf_runtime:sf_runtime.dll
 0001:0000ff50       sf_debug_set_chart_state_info 0000000180010f50 f   sf_runtime:sf_runtime.dll
 0001:0000ff56       sf_debug_set_chart_decomposition 0000000180010f56 f   sf_runtime:sf_runtime.dll
 0001:0000ff5c       sf_debug_set_chart_substate_count 0000000180010f5c f   sf_runtime:sf_runtime.dll
 0001:0000ff62       sf_debug_data_range_wrapper 0000000180010f62 f   sf_runtime:sf_runtime.dll
 0001:0000ff68       sf_debug_cv_init_trans     0000000180010f68 f   sf_runtime:sf_runtime.dll
 0001:0000ff6e       sf_debug_cv_init_chart     0000000180010f6e f   sf_runtime:sf_runtime.dll
 0001:0000ff74       sf_debug_cv_init_state     0000000180010f74 f   sf_runtime:sf_runtime.dll
 0001:0000ff7a       sf_get_ChartInfoStruct_CodeGen 0000000180010f7a f   sf_runtime:sf_runtime.dll
 0001:0000ff80       sf_get_isEnhancedMooreMachine 0000000180010f80 f   sf_runtime:sf_runtime.dll
 0001:0000ff86       sf_set_compiledInfo        0000000180010f86 f   sf_runtime:sf_runtime.dll
 0001:0000ff8c       callMdlMethodAndReportError 0000000180010f8c f   sf_runtime:sf_runtime.dll
 0001:0000ff92       call_sf_machine_global_method_dispatcher 0000000180010f92 f   sf_runtime:sf_runtime.dll
 0001:0000ff98       sf_mex_error_direct_call   0000000180010f98 f   sf_runtime:sf_runtime.dll
 0001:0000ff9e       sf_clear_error_manager_info 0000000180010f9e f   sf_runtime:sf_runtime.dll
 0001:0000ffa4       sf_debug_create_debug_instance_struct 0000000180010fa4 f   sf_runtime:sf_runtime.dll
 0001:0000ffaa       sf_debug_terminate         0000000180010faa f   sf_runtime:sf_runtime.dll
 0001:0000ffb0       sf_debug_api               0000000180010fb0 f   sf_runtime:sf_runtime.dll
 0001:0000ffb6       mxIsChar                   0000000180010fb6 f   libmx:libmx.dll
 0001:0000ffbc       mxGetPr                    0000000180010fbc f   libmx:libmx.dll
 0001:0000ffc2       mxGetScalar                0000000180010fc2 f   libmx:libmx.dll
 0001:0000ffc8       mxDestroyArray             0000000180010fc8 f   libmx:libmx.dll
 0001:0000ffce       mxCreateDoubleMatrix_730   0000000180010fce f   libmx:libmx.dll
 0001:0000ffd4       mxGetString_730            0000000180010fd4 f   libmx:libmx.dll
 0001:0000ffda       mxDuplicateArray           0000000180010fda f   libmx:libmx.dll
 0001:0000ffe0       mxSetField_730             0000000180010fe0 f   libmx:libmx.dll
 0001:0000ffe6       mxCreateDoubleScalar       0000000180010fe6 f   libmx:libmx.dll
 0001:0000ffec       mxCreateString             0000000180010fec f   libmx:libmx.dll
 0001:0000fff2       mxCreateCellMatrix_730     0000000180010ff2 f   libmx:libmx.dll
 0001:0000fff8       mxCreateCellArray_730      0000000180010ff8 f   libmx:libmx.dll
 0001:0000fffe       mxCreateStructMatrix_730   0000000180010ffe f   libmx:libmx.dll
 0001:00010004       mxCreateStructArray_730    0000000180011004 f   libmx:libmx.dll
 0001:0001000a       mxCalloc                   000000018001100a f   libmx:libmx.dll
 0001:00010010       mxGetM                     0000000180011010 f   libmx:libmx.dll
 0001:00010016       mxGetClassID               0000000180011016 f   libmx:libmx.dll
 0001:0001001c       mxIsNumeric                000000018001101c f   libmx:libmx.dll
 0001:00010022       mxIsComplex                0000000180011022 f   libmx:libmx.dll
 0001:00010028       mxGetN                     0000000180011028 f   libmx:libmx.dll
 0001:0001002e       mexMakeArrayPersistent     000000018001102e f   libmex:libmex.dll
 0001:00010034       mexErrMsgTxt               0000000180011034 f   libmex:libmex.dll
 0001:0001003a       mexWarnMsgTxt              000000018001103a f   libmex:libmex.dll
 0001:00010040       mexCallMATLABWithObject    0000000180011040 f   libmex:libmex.dll
 0001:00010046       mexLock                    0000000180011046 f   libmex:libmex.dll
 0001:0001004c       mexUnlock                  000000018001104c f   libmex:libmex.dll
 0001:00010052       mexIsLocked                0000000180011052 f   libmex:libmex.dll
 0001:00010058       utMalloc                   0000000180011058 f   libut:libut.dll
 0001:0001005e       utFree                     000000018001105e f   libut:libut.dll
 0001:00010064       muDoubleScalarAsin         0000000180011064 f   libmwmathutil:libmwmathutil.dll
 0001:0001006a       muDoubleScalarCos          000000018001106a f   libmwmathutil:libmwmathutil.dll
 0001:00010070       muDoubleScalarSin          0000000180011070 f   libmwmathutil:libmwmathutil.dll
 0001:00010078       __raise_securityfailure    0000000180011078 f   MSVCRT:gs_report.obj
 0001:000100c4       __report_gsfailure         00000001800110c4 f   MSVCRT:gs_report.obj
 0001:00010198       __report_rangecheckfailure 0000000180011198 f   MSVCRT:gs_report.obj
 0001:000101ac       __report_securityfailure   00000001800111ac f   MSVCRT:gs_report.obj
 0001:00010248       __report_securityfailureEx 0000000180011248 f   MSVCRT:gs_report.obj
 0001:00010356       strcmp                     0000000180011356 f   MSVCRT:MSVCR120.dll
 0001:0001035c       __GSHandlerCheck           000000018001135c f   MSVCRT:gshandler.obj
 0001:0001037c       __GSHandlerCheckCommon     000000018001137c f   MSVCRT:gshandler.obj
 0001:000103f0       __security_check_cookie    00000001800113f0 f   MSVCRT:amdsecgs.obj
 0001:00010410       memset                     0000000180011410 f   MSVCRT:MSVCR120.dll
 0001:00010416       memcpy                     0000000180011416 f   MSVCRT:MSVCR120.dll
 0001:0001041c       strcat                     000000018001141c f   MSVCRT:MSVCR120.dll
 0001:00010422       strlen                     0000000180011422 f   MSVCRT:MSVCR120.dll
 0001:00010428       sprintf                    0000000180011428 f   MSVCRT:MSVCR120.dll
 0001:0001042e       free                       000000018001142e f   MSVCRT:MSVCR120.dll
 0001:00010434       malloc                     0000000180011434 f   MSVCRT:MSVCR120.dll
 0001:0001049c       NtCurrentTeb               000000018001149c f i MSVCRT:crtdll.obj
 0001:000104a8       _CRT_INIT                  00000001800114a8 f   MSVCRT:crtdll.obj
 0001:000106f4       _DllMainCRTStartup         00000001800116f4 f   MSVCRT:crtdll.obj
 0001:0001086a       __crt_debugger_hook        000000018001186a f   MSVCRT:MSVCR120.dll
 0001:00010870       __crtUnhandledException    0000000180011870 f   MSVCRT:MSVCR120.dll
 0001:00010876       __crtTerminateProcess      0000000180011876 f   MSVCRT:MSVCR120.dll
 0001:0001087c       __crtCaptureCurrentContext 000000018001187c f   MSVCRT:MSVCR120.dll
 0001:00010882       __crtCapturePreviousContext 0000000180011882 f   MSVCRT:MSVCR120.dll
 0001:00010888       __CppXcptFilter            0000000180011888 f   MSVCRT:MSVCR120.dll
 0001:0001088e       _amsg_exit                 000000018001188e f   MSVCRT:MSVCR120.dll
 0001:000108a0       _FindPESection             00000001800118a0 f   MSVCRT:pesect.obj
 0001:000108f0       _IsNonwritableInCurrentImage 00000001800118f0 f   MSVCRT:pesect.obj
 0001:00010940       _ValidateImageBase         0000000180011940 f   MSVCRT:pesect.obj
 0001:00010970       __atonexitinit             0000000180011970 f   MSVCRT:atonexit.obj
 0001:000109c0       _onexit                    00000001800119c0 f   MSVCRT:atonexit.obj
 0001:00010a70       atexit                     0000000180011a70 f   MSVCRT:atonexit.obj
 0001:00010a88       __security_init_cookie     0000000180011a88 f   MSVCRT:gs_support.obj
 0001:00010b34       DllMain                    0000000180011b34 f   MSVCRT:dllmain.obj
 0001:00010b58       _malloc_crt                0000000180011b58 f   MSVCRT:MSVCR120.dll
 0001:00010b60       _RTC_Initialize            0000000180011b60 f   MSVCRT:initsect.obj
 0001:00010b98       _RTC_Terminate             0000000180011b98 f   MSVCRT:initsect.obj
 0001:00010bd0       _initterm                  0000000180011bd0 f   MSVCRT:MSVCR120.dll
 0001:00010bd6       _initterm_e                0000000180011bd6 f   MSVCRT:MSVCR120.dll
 0001:00010bdc       __clean_type_info_names    0000000180011bdc f   MSVCRT:tncleanup.obj
 0001:00010be8       __C_specific_handler       0000000180011be8 f   MSVCRT:MSVCR120.dll
 0001:00010bee       _lock                      0000000180011bee f   MSVCRT:MSVCR120.dll
 0001:00010bf4       _unlock                    0000000180011bf4 f   MSVCRT:MSVCR120.dll
 0001:00010bfa       _calloc_crt                0000000180011bfa f   MSVCRT:MSVCR120.dll
 0001:00010c00       __dllonexit                0000000180011c00 f   MSVCRT:MSVCR120.dll
 0001:00010c06       __clean_type_info_names_internal 0000000180011c06 f   MSVCRT:MSVCR120.dll
 0001:00010c0c       IsDebuggerPresent          0000000180011c0c f   kernel32:KERNEL32.dll
 0001:00010c12       IsProcessorFeaturePresent  0000000180011c12 f   kernel32:KERNEL32.dll
 0001:00010c18       EncodePointer              0000000180011c18 f   kernel32:KERNEL32.dll
 0001:00010c1e       DecodePointer              0000000180011c1e f   kernel32:KERNEL32.dll
 0001:00010c24       QueryPerformanceCounter    0000000180011c24 f   kernel32:KERNEL32.dll
 0001:00010c2a       GetCurrentProcessId        0000000180011c2a f   kernel32:KERNEL32.dll
 0001:00010c30       GetCurrentThreadId         0000000180011c30 f   kernel32:KERNEL32.dll
 0001:00010c36       GetSystemTimeAsFileTime    0000000180011c36 f   kernel32:KERNEL32.dll
 0001:00010c3c       DisableThreadLibraryCalls  0000000180011c3c f   kernel32:KERNEL32.dll
 0002:00000000       __imp_GetSystemTimeAsFileTime 0000000180012000     kernel32:KERNEL32.dll
 0002:00000008       __imp_GetCurrentThreadId   0000000180012008     kernel32:KERNEL32.dll
 0002:00000010       __imp_GetCurrentProcessId  0000000180012010     kernel32:KERNEL32.dll
 0002:00000018       __imp_QueryPerformanceCounter 0000000180012018     kernel32:KERNEL32.dll
 0002:00000020       __imp_DecodePointer        0000000180012020     kernel32:KERNEL32.dll
 0002:00000028       __imp_EncodePointer        0000000180012028     kernel32:KERNEL32.dll
 0002:00000030       __imp_IsProcessorFeaturePresent 0000000180012030     kernel32:KERNEL32.dll
 0002:00000038       __imp_IsDebuggerPresent    0000000180012038     kernel32:KERNEL32.dll
 0002:00000040       __imp_DisableThreadLibraryCalls 0000000180012040     kernel32:KERNEL32.dll
 0002:00000048       \177KERNEL32_NULL_THUNK_DATA 0000000180012048     kernel32:KERNEL32.dll
 0002:00000050       __imp___clean_type_info_names_internal 0000000180012050     MSVCRT:MSVCR120.dll
 0002:00000058       __imp__onexit              0000000180012058     MSVCRT:MSVCR120.dll
 0002:00000060       __imp___dllonexit          0000000180012060     MSVCRT:MSVCR120.dll
 0002:00000068       __imp__calloc_crt          0000000180012068     MSVCRT:MSVCR120.dll
 0002:00000070       __imp__unlock              0000000180012070     MSVCRT:MSVCR120.dll
 0002:00000078       __imp__lock                0000000180012078     MSVCRT:MSVCR120.dll
 0002:00000080       __imp___C_specific_handler 0000000180012080     MSVCRT:MSVCR120.dll
 0002:00000088       __imp__initterm_e          0000000180012088     MSVCRT:MSVCR120.dll
 0002:00000090       __imp__initterm            0000000180012090     MSVCRT:MSVCR120.dll
 0002:00000098       __imp__malloc_crt          0000000180012098     MSVCRT:MSVCR120.dll
 0002:000000a0       __imp__amsg_exit           00000001800120a0     MSVCRT:MSVCR120.dll
 0002:000000a8       __imp___CppXcptFilter      00000001800120a8     MSVCRT:MSVCR120.dll
 0002:000000b0       __imp___crtCapturePreviousContext 00000001800120b0     MSVCRT:MSVCR120.dll
 0002:000000b8       __imp___crtCaptureCurrentContext 00000001800120b8     MSVCRT:MSVCR120.dll
 0002:000000c0       __imp___crtTerminateProcess 00000001800120c0     MSVCRT:MSVCR120.dll
 0002:000000c8       __imp___crtUnhandledException 00000001800120c8     MSVCRT:MSVCR120.dll
 0002:000000d0       __imp___crt_debugger_hook  00000001800120d0     MSVCRT:MSVCR120.dll
 0002:000000d8       __imp_malloc               00000001800120d8     MSVCRT:MSVCR120.dll
 0002:000000e0       __imp_free                 00000001800120e0     MSVCRT:MSVCR120.dll
 0002:000000e8       __imp_sprintf              00000001800120e8     MSVCRT:MSVCR120.dll
 0002:000000f0       __imp_strlen               00000001800120f0     MSVCRT:MSVCR120.dll
 0002:000000f8       __imp_strcat               00000001800120f8     MSVCRT:MSVCR120.dll
 0002:00000100       __imp_memcpy               0000000180012100     MSVCRT:MSVCR120.dll
 0002:00000108       __imp_memset               0000000180012108     MSVCRT:MSVCR120.dll
 0002:00000110       __imp_strcmp               0000000180012110     MSVCRT:MSVCR120.dll
 0002:00000118       \177MSVCR120_NULL_THUNK_DATA 0000000180012118     MSVCRT:MSVCR120.dll
 0002:00000120       __imp_mexUnlock            0000000180012120     libmex:libmex.dll
 0002:00000128       __imp_mexErrMsgTxt         0000000180012128     libmex:libmex.dll
 0002:00000130       __imp_mexWarnMsgTxt        0000000180012130     libmex:libmex.dll
 0002:00000138       __imp_mexCallMATLABWithObject 0000000180012138     libmex:libmex.dll
 0002:00000140       __imp_mexIsLocked          0000000180012140     libmex:libmex.dll
 0002:00000148       __imp_mexMakeArrayPersistent 0000000180012148     libmex:libmex.dll
 0002:00000150       __imp_mexLock              0000000180012150     libmex:libmex.dll
 0002:00000158       \177libmex_NULL_THUNK_DATA 0000000180012158     libmex:libmex.dll
 0002:00000160       __imp_muDoubleScalarCos    0000000180012160     libmwmathutil:libmwmathutil.dll
 0002:00000168       __imp_muDoubleScalarSin    0000000180012168     libmwmathutil:libmwmathutil.dll
 0002:00000170       __imp_muDoubleScalarAsin   0000000180012170     libmwmathutil:libmwmathutil.dll
 0002:00000178       \177libmwmathutil_NULL_THUNK_DATA 0000000180012178     libmwmathutil:libmwmathutil.dll
 0002:00000180       __imp_mxGetN               0000000180012180     libmx:libmx.dll
 0002:00000188       __imp_mxIsComplex          0000000180012188     libmx:libmx.dll
 0002:00000190       __imp_mxIsNumeric          0000000180012190     libmx:libmx.dll
 0002:00000198       __imp_mxGetClassID         0000000180012198     libmx:libmx.dll
 0002:000001a0       __imp_mxGetM               00000001800121a0     libmx:libmx.dll
 0002:000001a8       __imp_mxCalloc             00000001800121a8     libmx:libmx.dll
 0002:000001b0       __imp_mxCreateStructArray_730 00000001800121b0     libmx:libmx.dll
 0002:000001b8       __imp_mxCreateStructMatrix_730 00000001800121b8     libmx:libmx.dll
 0002:000001c0       __imp_mxCreateCellArray_730 00000001800121c0     libmx:libmx.dll
 0002:000001c8       __imp_mxCreateCellMatrix_730 00000001800121c8     libmx:libmx.dll
 0002:000001d0       __imp_mxCreateString       00000001800121d0     libmx:libmx.dll
 0002:000001d8       __imp_mxCreateDoubleScalar 00000001800121d8     libmx:libmx.dll
 0002:000001e0       __imp_mxSetField_730       00000001800121e0     libmx:libmx.dll
 0002:000001e8       __imp_mxDuplicateArray     00000001800121e8     libmx:libmx.dll
 0002:000001f0       __imp_mxGetString_730      00000001800121f0     libmx:libmx.dll
 0002:000001f8       __imp_mxDestroyArray       00000001800121f8     libmx:libmx.dll
 0002:00000200       __imp_mxGetScalar          0000000180012200     libmx:libmx.dll
 0002:00000208       __imp_mxGetPr              0000000180012208     libmx:libmx.dll
 0002:00000210       __imp_mxIsChar             0000000180012210     libmx:libmx.dll
 0002:00000218       __imp_mxCreateDoubleMatrix_730 0000000180012218     libmx:libmx.dll
 0002:00000220       \177libmx_NULL_THUNK_DATA  0000000180012220     libmx:libmx.dll
 0002:00000228       __imp_utMalloc             0000000180012228     libut:libut.dll
 0002:00000230       __imp_utFree               0000000180012230     libut:libut.dll
 0002:00000238       \177libut_NULL_THUNK_DATA  0000000180012238     libut:libut.dll
 0002:00000240       __imp_sf_clear_error_manager_info 0000000180012240     sf_runtime:sf_runtime.dll
 0002:00000248       __imp_sf_mex_error_direct_call 0000000180012248     sf_runtime:sf_runtime.dll
 0002:00000250       __imp_call_sf_machine_global_method_dispatcher 0000000180012250     sf_runtime:sf_runtime.dll
 0002:00000258       __imp_callMdlMethodAndReportError 0000000180012258     sf_runtime:sf_runtime.dll
 0002:00000260       __imp_sf_set_compiledInfo  0000000180012260     sf_runtime:sf_runtime.dll
 0002:00000268       __imp_sf_mark_chart_reusable_outputs 0000000180012268     sf_runtime:sf_runtime.dll
 0002:00000270       __imp_sf_get_isEnhancedMooreMachine 0000000180012270     sf_runtime:sf_runtime.dll
 0002:00000278       __imp_sf_get_ChartInfoStruct_CodeGen 0000000180012278     sf_runtime:sf_runtime.dll
 0002:00000280       __imp_sf_debug_cv_init_state 0000000180012280     sf_runtime:sf_runtime.dll
 0002:00000288       __imp_sf_debug_cv_init_chart 0000000180012288     sf_runtime:sf_runtime.dll
 0002:00000290       __imp_sf_debug_cv_init_trans 0000000180012290     sf_runtime:sf_runtime.dll
 0002:00000298       __imp_sf_debug_data_range_wrapper 0000000180012298     sf_runtime:sf_runtime.dll
 0002:000002a0       __imp_sf_debug_set_chart_substate_count 00000001800122a0     sf_runtime:sf_runtime.dll
 0002:000002a8       __imp_sf_debug_set_chart_decomposition 00000001800122a8     sf_runtime:sf_runtime.dll
 0002:000002b0       __imp_sf_debug_set_chart_state_info 00000001800122b0     sf_runtime:sf_runtime.dll
 0002:000002b8       __imp_sf_debug_api         00000001800122b8     sf_runtime:sf_runtime.dll
 0002:000002c0       __imp_sf_debug_set_chart_disable_implicit_casting 00000001800122c0     sf_runtime:sf_runtime.dll
 0002:000002c8       __imp_sf_debug_set_instance_data_value_ptr 00000001800122c8     sf_runtime:sf_runtime.dll
 0002:000002d0       __imp_sf_debug_symbol_scope_add_eml_importable 00000001800122d0     sf_runtime:sf_runtime.dll
 0002:000002d8       __imp_sf_debug_symbol_scope_add_eml 00000001800122d8     sf_runtime:sf_runtime.dll
 0002:000002e0       __imp_sf_debug_symbol_scope_pop 00000001800122e0     sf_runtime:sf_runtime.dll
 0002:000002e8       __imp_sf_debug_symbol_scope_push_eml 00000001800122e8     sf_runtime:sf_runtime.dll
 0002:000002f0       __imp_sf_debug_symbol_scope_push 00000001800122f0     sf_runtime:sf_runtime.dll
 0002:000002f8       __imp_sf_debug_set_chart_data_compiled_props 00000001800122f8     sf_runtime:sf_runtime.dll
 0002:00000300       __imp_sf_debug_set_chart_data_props 0000000180012300     sf_runtime:sf_runtime.dll
 0002:00000308       __imp_sf_debug_check_for_state_inconsistency 0000000180012308     sf_runtime:sf_runtime.dll
 0002:00000310       __imp_sf_debug_reset_current_state_configuration 0000000180012310     sf_runtime:sf_runtime.dll
 0002:00000318       __imp_cv_eml_init_relational 0000000180012318     sf_runtime:sf_runtime.dll
 0002:00000320       __imp_cv_eml_init_mcdc     0000000180012320     sf_runtime:sf_runtime.dll
 0002:00000328       __imp_cv_eml_init_if       0000000180012328     sf_runtime:sf_runtime.dll
 0002:00000330       __imp_sf_debug_create_debug_instance_struct 0000000180012330     sf_runtime:sf_runtime.dll
 0002:00000338       __imp_sf_debug_terminate   0000000180012338     sf_runtime:sf_runtime.dll
 0002:00000340       __imp_sf_debug_set_chart_event_thresholds 0000000180012340     sf_runtime:sf_runtime.dll
 0002:00000348       __imp_cv_eml_init_fcn      0000000180012348     sf_runtime:sf_runtime.dll
 0002:00000350       __imp_cv_eml_init_script   0000000180012350     sf_runtime:sf_runtime.dll
 0002:00000358       __imp_cv_eval_relational   0000000180012358     sf_runtime:sf_runtime.dll
 0002:00000360       __imp_cv_eml_eval          0000000180012360     sf_runtime:sf_runtime.dll
 0002:00000368       __imp_eml_debug_line_call  0000000180012368     sf_runtime:sf_runtime.dll
 0002:00000370       __imp_sf_debug_call        0000000180012370     sf_runtime:sf_runtime.dll
 0002:00000378       __imp_sf_debug_initialize_chart 0000000180012378     sf_runtime:sf_runtime.dll
 0002:00000380       __imp_ssGetOutputPortSignal_wrapper 0000000180012380     sf_runtime:sf_runtime.dll
 0002:00000388       __imp_ssGetInputPortSignal_wrapper 0000000180012388     sf_runtime:sf_runtime.dll
 0002:00000390       __imp_sf_mex_decode_encoded_mx_struct_array 0000000180012390     sf_runtime:sf_runtime.dll
 0002:00000398       __imp_sf_mex_import        0000000180012398     sf_runtime:sf_runtime.dll
 0002:000003a0       __imp_sf_mex_destroy       00000001800123a0     sf_runtime:sf_runtime.dll
 0002:000003a8       __imp_sf_mex_dup           00000001800123a8     sf_runtime:sf_runtime.dll
 0002:000003b0       __imp_sf_mex_assign        00000001800123b0     sf_runtime:sf_runtime.dll
 0002:000003b8       __imp_sf_mex_getcell       00000001800123b8     sf_runtime:sf_runtime.dll
 0002:000003c0       __imp_sf_mex_setcell       00000001800123c0     sf_runtime:sf_runtime.dll
 0002:000003c8       __imp_sf_mex_createcellmatrix 00000001800123c8     sf_runtime:sf_runtime.dll
 0002:000003d0       __imp_sf_mex_create        00000001800123d0     sf_runtime:sf_runtime.dll
 0002:000003d8       __imp_sf_mex_error_message 00000001800123d8     sf_runtime:sf_runtime.dll
 0002:000003e0       __imp_sf_mex_call_debug    00000001800123e0     sf_runtime:sf_runtime.dll
 0002:000003e8       __imp_sf_set_chart_accesses_machine_info 00000001800123e8     sf_runtime:sf_runtime.dll
 0002:000003f0       __imp_sf_is_first_init_cond 00000001800123f0     sf_runtime:sf_runtime.dll
 0002:000003f8       __imp_sf_get_time          00000001800123f8     sf_runtime:sf_runtime.dll
 0002:00000400       __imp_sf_set_rtw_dwork_info 0000000180012400     sf_runtime:sf_runtime.dll
 0002:00000408       __imp_sf_clear_rtw_identifier 0000000180012408     sf_runtime:sf_runtime.dll
 0002:00000410       __imp_sim_mode_is_modelref_sim 0000000180012410     sf_runtime:sf_runtime.dll
 0002:00000418       __imp_sim_mode_is_external 0000000180012418     sf_runtime:sf_runtime.dll
 0002:00000420       __imp_sim_mode_is_rtw_gen  0000000180012420     sf_runtime:sf_runtime.dll
 0002:00000428       __imp_sf_mark_chart_expressionable_inputs 0000000180012428     sf_runtime:sf_runtime.dll
 0002:00000430       __imp_sf_is_chart_inlinable 0000000180012430     sf_runtime:sf_runtime.dll
 0002:00000438       __imp_sf_update_buildInfo  0000000180012438     sf_runtime:sf_runtime.dll
 0002:00000440       __imp_sf_rtw_info_uint_prop 0000000180012440     sf_runtime:sf_runtime.dll
 0002:00000448       __imp_sf_get_chart_instance_ptr 0000000180012448     sf_runtime:sf_runtime.dll
 0002:00000450       __imp_sf_free_ChartRunTimeInfo 0000000180012450     sf_runtime:sf_runtime.dll
 0002:00000458       __imp_sf_init_ChartRunTimeInfo 0000000180012458     sf_runtime:sf_runtime.dll
 0002:00000460       __imp_sf_debug_set_machine_data_thresholds 0000000180012460     sf_runtime:sf_runtime.dll
 0002:00000468       __imp_sf_debug_set_machine_event_thresholds 0000000180012468     sf_runtime:sf_runtime.dll
 0002:00000470       __imp_sf_debug_initialize_machine 0000000180012470     sf_runtime:sf_runtime.dll
 0002:00000478       __imp_sf_load_rtw_optimization_info 0000000180012478     sf_runtime:sf_runtime.dll
 0002:00000480       \177sf_runtime_NULL_THUNK_DATA 0000000180012480     sf_runtime:sf_runtime.dll
 0002:00000488       __xc_a                     0000000180012488     MSVCRT:cinitexe.obj
 0002:00000490       __xc_z                     0000000180012490     MSVCRT:cinitexe.obj
 0002:00000498       __xi_a                     0000000180012498     MSVCRT:cinitexe.obj
 0002:000004b0       __xi_z                     00000001800124b0     MSVCRT:cinitexe.obj
 0002:000004c0       __real@41a528e36c000000    00000001800124c0     ballonplate_correctordinates_sfun.obj
 0002:000004c8       __real@41b48881c0000000    00000001800124c8     ballonplate_correctordinates_sfun.obj
 0002:000004d0       __real@41b64913e0000000    00000001800124d0     ballonplate_correctordinates_sfun.obj
 0002:000004d8       __real@41b6fd8ce5000000    00000001800124d8     ballonplate_correctordinates_sfun.obj
 0002:000004e0       __real@41e439a0c9c00000    00000001800124e0     ballonplate_correctordinates_sfun.obj
 0002:000004e8       __real@41e8583dfc000000    00000001800124e8     ballonplate_correctordinates_sfun.obj
 0002:000004f0       __real@41e8cffe7aa00000    00000001800124f0     ballonplate_correctordinates_sfun.obj
 0002:000004f8       __real@41e8d62adb400000    00000001800124f8     ballonplate_correctordinates_sfun.obj
 0002:00000500       __real@41eb490a2fc00000    0000000180012500     ballonplate_correctordinates_sfun.obj
 0002:00000508       __real@41ec62af3f000000    0000000180012508     ballonplate_correctordinates_sfun.obj
 0002:00000510       __real@41ee045bab400000    0000000180012510     ballonplate_correctordinates_sfun.obj
 0002:00000518       __real@41ee7d45f2600000    0000000180012518     ballonplate_correctordinates_sfun.obj
 0002:00000520       __real@0000000000000000    0000000180012520     c12_ballonplate_correctordinates.obj
 0002:00000528       __real@3f060fe1ca5fe00f    0000000180012528     c12_ballonplate_correctordinates.obj
 0002:00000530       __real@3f947ae147ae147b    0000000180012530     c12_ballonplate_correctordinates.obj
 0002:00000538       __real@3fd0d4fdf3b645a2    0000000180012538     c12_ballonplate_correctordinates.obj
 0002:00000540       __real@3fe0000000000000    0000000180012540     c12_ballonplate_correctordinates.obj
 0002:00000548       __real@3fe6db6db6db6db7    0000000180012548     c12_ballonplate_correctordinates.obj
 0002:00000550       __real@3ff0000000000000    0000000180012550     c12_ballonplate_correctordinates.obj
 0002:00000558       __real@4000000000000000    0000000180012558     c12_ballonplate_correctordinates.obj
 0002:00000560       __real@4008000000000000    0000000180012560     c12_ballonplate_correctordinates.obj
 0002:00000568       __real@4024000000000000    0000000180012568     c12_ballonplate_correctordinates.obj
 0002:00000570       __real@4026000000000000    0000000180012570     c12_ballonplate_correctordinates.obj
 0002:00000578       __real@41d3b75a51c00000    0000000180012578     c12_ballonplate_correctordinates.obj
 0002:00000580       __real@41da1dc15b400000    0000000180012580     c12_ballonplate_correctordinates.obj
 0002:00000588       __real@41e2b1df60800000    0000000180012588     c12_ballonplate_correctordinates.obj
 0002:00000590       __real@41e53c413a800000    0000000180012590     c12_ballonplate_correctordinates.obj
 0002:00000598       __real@bff0000000000000    0000000180012598     c12_ballonplate_correctordinates.obj
 0002:000005a0       __real@c02399999999999a    00000001800125a0     c12_ballonplate_correctordinates.obj
 0002:000005b0       __xmm@80000000000000008000000000000000 00000001800125b0     c12_ballonplate_correctordinates.obj
 0002:000005c0       DYNAMIC_DIMENSION_DEF      00000001800125c0     ballonplate_correctordinates_sfun_registry.obj
 0002:000005e0       _ssBadLevel2InputAccessMsg 00000001800125e0     ballonplate_correctordinates_sfun_registry.obj
 0002:00000770       _ssBadLevel2DirectFeedMsg  0000000180012770     ballonplate_correctordinates_sfun_registry.obj
 0002:000008b0       _ssBadLevel2DirectFeedSolutionMsg 00000001800128b0     ballonplate_correctordinates_sfun_registry.obj
 0002:00000920       _ssBadLevel2ZeroDirectFeedMsg 0000000180012920     ballonplate_correctordinates_sfun_registry.obj
 0002:00000a60       _ssBadLevel2ZeroDirectFeedMsg2 0000000180012a60     ballonplate_correctordinates_sfun_registry.obj
 0002:00000b48       __real@41602cbca0000000    0000000180012b48     ballonplate_correctordinates_sfun_registry.obj
 0002:00000b60       _pDefaultRawDllMain        0000000180012b60     MSVCRT:crtdll.obj
 0002:00000b60       _pRawDllMain               0000000180012b60     MSVCRT:crtdll.obj
 0002:00000b68       ?ProcessDetach@NativeDll@<CrtImplementationDetails>@@0IB 0000000180012b68     MSVCRT:initsect.obj
 0002:00000b6c       ?ProcessAttach@NativeDll@<CrtImplementationDetails>@@0IB 0000000180012b6c     MSVCRT:initsect.obj
 0002:00000b70       ?ThreadAttach@NativeDll@<CrtImplementationDetails>@@0IB 0000000180012b70     MSVCRT:initsect.obj
 0002:00000b74       ?ThreadDetach@NativeDll@<CrtImplementationDetails>@@0IB 0000000180012b74     MSVCRT:initsect.obj
 0002:00000b78       ?ProcessVerifier@NativeDll@<CrtImplementationDetails>@@0IB 0000000180012b78     MSVCRT:initsect.obj
 0002:00000b7c       ?value@?$integral_constant@_N$0A@@std@@2_NB 0000000180012b7c     MSVCRT:tncleanup.obj
 0002:00000b7d       ?value@?$integral_constant@_N$00@std@@2_NB 0000000180012b7d     MSVCRT:tncleanup.obj
 0002:00000b80       _load_config_used          0000000180012b80     MSVCRT:loadcfg.obj
 0002:00000bf0       __rtc_iaa                  0000000180012bf0     MSVCRT:initsect.obj
 0002:00000bf8       __rtc_izz                  0000000180012bf8     MSVCRT:initsect.obj
 0002:00000c00       __rtc_taa                  0000000180012c00     MSVCRT:initsect.obj
 0002:00000c08       __rtc_tzz                  0000000180012c08     MSVCRT:initsect.obj
 0002:000013c8       __IMPORT_DESCRIPTOR_sf_runtime 00000001800133c8     sf_runtime:sf_runtime.dll
 0002:000013dc       __IMPORT_DESCRIPTOR_libmx  00000001800133dc     libmx:libmx.dll
 0002:000013f0       __IMPORT_DESCRIPTOR_libmex 00000001800133f0     libmex:libmex.dll
 0002:00001404       __IMPORT_DESCRIPTOR_libut  0000000180013404     libut:libut.dll
 0002:00001418       __IMPORT_DESCRIPTOR_libmwmathutil 0000000180013418     libmwmathutil:libmwmathutil.dll
 0002:0000142c       __IMPORT_DESCRIPTOR_MSVCR120 000000018001342c     MSVCRT:MSVCR120.dll
 0002:00001440       __IMPORT_DESCRIPTOR_KERNEL32 0000000180013440     kernel32:KERNEL32.dll
 0002:00001454       __NULL_IMPORT_DESCRIPTOR   0000000180013454     sf_runtime:sf_runtime.dll
 0003:00001970       DYNAMIC_DIMENSION          0000000180016970     ballonplate_correctordinates_sfun_registry.obj
 0003:00002070       __security_cookie          0000000180017070     MSVCRT:gs_cookie.obj
 0003:00002078       __security_cookie_complement 0000000180017078     MSVCRT:gs_cookie.obj
 0003:00002080       _fltused                   0000000180017080     MSVCRT:dllsupp.obj
 0003:00002084       __native_dllmain_reason    0000000180017084     MSVCRT:natstart.obj
 0003:000020b8       sfGlobalDebugInstanceStruct 00000001800170b8     ballonplate_correctordinates_sfun_registry.obj
 0003:00002708       ?__type_info_root_node@@3U__type_info_node@@A 0000000180017708     MSVCRT:tncleanup.obj
 0003:00002718       _ballonplate_correctordinatesMachineNumber_ 0000000180017718     <common>
 0003:00002720       __native_startup_lock      0000000180017720     <common>
 0003:00002728       __native_startup_state     0000000180017728     <common>
 0003:00002730       __onexitend                0000000180017730     <common>
 0003:00002738       __onexitbegin              0000000180017738     <common>
 0003:00002740       __dyn_tls_init_callback    0000000180017740     <common>

 entry point at        0001:000106f4

 Static symbols

 0000:00000000       .debug$S                   0000000180000000     sf_runtime:sf_runtime.dll
 0000:00000000       .debug$S                   0000000180000000     sf_runtime:sf_runtime.dll
 0000:00000000       .debug$S                   0000000180000000     sf_runtime:sf_runtime.dll
 0000:00000000       .debug$S                   0000000180000000     sf_runtime:sf_runtime.dll
 0000:00000000       .debug$S                   0000000180000000     sf_runtime:sf_runtime.dll
 0000:00000000       .debug$S                   0000000180000000     sf_runtime:sf_runtime.dll
 0000:00000000       .debug$S                   0000000180000000     kernel32:KERNEL32.dll
 0000:00000000       .debug$S                   0000000180000000     kernel32:KERNEL32.dll
 0000:00000000       .debug$S                   0000000180000000     kernel32:KERNEL32.dll
 0000:00000000       .debug$S                   0000000180000000     kernel32:KERNEL32.dll
 0000:00000000       .debug$S                   0000000180000000     kernel32:KERNEL32.dll
 0000:00000000       .debug$S                   0000000180000000     kernel32:KERNEL32.dll
 0000:00000000       .debug$S                   0000000180000000     kernel32:KERNEL32.dll
 0000:00000000       .debug$S                   0000000180000000     kernel32:KERNEL32.dll
 0000:00000000       .debug$S                   0000000180000000     kernel32:KERNEL32.dll
 0000:00000000       .debug$S                   0000000180000000     MSVCRT:MSVCR120.dll
 0000:00000000       .debug$S                   0000000180000000     MSVCRT:MSVCR120.dll
 0000:00000000       .debug$S                   0000000180000000     MSVCRT:MSVCR120.dll
 0000:00000000       .debug$S                   0000000180000000     MSVCRT:MSVCR120.dll
 0000:00000000       .debug$S                   0000000180000000     MSVCRT:MSVCR120.dll
 0000:00000000       .debug$S                   0000000180000000     MSVCRT:MSVCR120.dll
 0000:00000000       .debug$S                   0000000180000000     MSVCRT:MSVCR120.dll
 0000:00000000       .debug$S                   0000000180000000     MSVCRT:MSVCR120.dll
 0000:00000000       .debug$S                   0000000180000000     MSVCRT:MSVCR120.dll
 0000:00000000       .debug$S                   0000000180000000     MSVCRT:MSVCR120.dll
 0000:00000000       .debug$S                   0000000180000000     MSVCRT:MSVCR120.dll
 0000:00000000       .debug$S                   0000000180000000     MSVCRT:MSVCR120.dll
 0000:00000000       .debug$S                   0000000180000000     MSVCRT:MSVCR120.dll
 0000:00000000       .debug$S                   0000000180000000     MSVCRT:MSVCR120.dll
 0000:00000000       .debug$S                   0000000180000000     MSVCRT:MSVCR120.dll
 0000:00000000       .debug$S                   0000000180000000     MSVCRT:MSVCR120.dll
 0000:00000000       .debug$S                   0000000180000000     MSVCRT:MSVCR120.dll
 0000:00000000       .debug$S                   0000000180000000     MSVCRT:MSVCR120.dll
 0000:00000000       .debug$S                   0000000180000000     MSVCRT:MSVCR120.dll
 0000:00000000       .debug$S                   0000000180000000     MSVCRT:MSVCR120.dll
 0000:00000000       .debug$S                   0000000180000000     MSVCRT:MSVCR120.dll
 0000:00000000       .debug$S                   0000000180000000     MSVCRT:MSVCR120.dll
 0000:00000000       .debug$S                   0000000180000000     MSVCRT:MSVCR120.dll
 0000:00000000       .debug$S                   0000000180000000     MSVCRT:MSVCR120.dll
 0000:00000000       .debug$S                   0000000180000000     MSVCRT:MSVCR120.dll
 0000:00000000       .debug$S                   0000000180000000     sf_runtime:sf_runtime.dll
 0000:00000000       .debug$S                   0000000180000000     sf_runtime:sf_runtime.dll
 0000:00000000       .debug$S                   0000000180000000     sf_runtime:sf_runtime.dll
 0000:00000000       .debug$S                   0000000180000000     sf_runtime:sf_runtime.dll
 0000:00000000       .debug$S                   0000000180000000     sf_runtime:sf_runtime.dll
 0000:00000000       .debug$S                   0000000180000000     sf_runtime:sf_runtime.dll
 0000:00000000       .debug$S                   0000000180000000     sf_runtime:sf_runtime.dll
 0000:00000000       .debug$S                   0000000180000000     sf_runtime:sf_runtime.dll
 0000:00000000       .debug$S                   0000000180000000     sf_runtime:sf_runtime.dll
 0000:00000000       .debug$S                   0000000180000000     sf_runtime:sf_runtime.dll
 0000:00000000       .debug$S                   0000000180000000     sf_runtime:sf_runtime.dll
 0000:00000000       .debug$S                   0000000180000000     sf_runtime:sf_runtime.dll
 0000:00000000       .debug$S                   0000000180000000     sf_runtime:sf_runtime.dll
 0000:00000000       .debug$S                   0000000180000000     sf_runtime:sf_runtime.dll
 0000:00000000       .debug$S                   0000000180000000     sf_runtime:sf_runtime.dll
 0000:00000000       .debug$S                   0000000180000000     sf_runtime:sf_runtime.dll
 0000:00000000       .debug$S                   0000000180000000     sf_runtime:sf_runtime.dll
 0000:00000000       .debug$S                   0000000180000000     sf_runtime:sf_runtime.dll
 0000:00000000       .debug$S                   0000000180000000     sf_runtime:sf_runtime.dll
 0000:00000000       .debug$S                   0000000180000000     sf_runtime:sf_runtime.dll
 0000:00000000       .debug$S                   0000000180000000     sf_runtime:sf_runtime.dll
 0000:00000000       .debug$S                   0000000180000000     sf_runtime:sf_runtime.dll
 0000:00000000       .debug$S                   0000000180000000     sf_runtime:sf_runtime.dll
 0000:00000000       .debug$S                   0000000180000000     sf_runtime:sf_runtime.dll
 0000:00000000       .debug$S                   0000000180000000     sf_runtime:sf_runtime.dll
 0000:00000000       .debug$S                   0000000180000000     sf_runtime:sf_runtime.dll
 0000:00000000       .debug$S                   0000000180000000     sf_runtime:sf_runtime.dll
 0000:00000000       .debug$S                   0000000180000000     sf_runtime:sf_runtime.dll
 0000:00000000       .debug$S                   0000000180000000     sf_runtime:sf_runtime.dll
 0000:00000000       .debug$S                   0000000180000000     sf_runtime:sf_runtime.dll
 0000:00000000       .debug$S                   0000000180000000     sf_runtime:sf_runtime.dll
 0000:00000000       .debug$S                   0000000180000000     sf_runtime:sf_runtime.dll
 0000:00000000       .debug$S                   0000000180000000     sf_runtime:sf_runtime.dll
 0000:00000000       .debug$S                   0000000180000000     sf_runtime:sf_runtime.dll
 0000:00000000       .debug$S                   0000000180000000     sf_runtime:sf_runtime.dll
 0000:00000000       .debug$S                   0000000180000000     sf_runtime:sf_runtime.dll
 0000:00000000       .debug$S                   0000000180000000     libmwmathutil:libmwmathutil.dll
 0000:00000000       .debug$S                   0000000180000000     libmwmathutil:libmwmathutil.dll
 0000:00000000       .debug$S                   0000000180000000     libmwmathutil:libmwmathutil.dll
 0000:00000000       .debug$S                   0000000180000000     sf_runtime:sf_runtime.dll
 0000:00000000       .debug$S                   0000000180000000     libut:libut.dll
 0000:00000000       .debug$S                   0000000180000000     libut:libut.dll
 0000:00000000       .debug$S                   0000000180000000     sf_runtime:sf_runtime.dll
 0000:00000000       .debug$S                   0000000180000000     libmex:libmex.dll
 0000:00000000       .debug$S                   0000000180000000     libmex:libmex.dll
 0000:00000000       .debug$S                   0000000180000000     libmex:libmex.dll
 0000:00000000       .debug$S                   0000000180000000     libmex:libmex.dll
 0000:00000000       .debug$S                   0000000180000000     libmex:libmex.dll
 0000:00000000       .debug$S                   0000000180000000     libmex:libmex.dll
 0000:00000000       .debug$S                   0000000180000000     libmex:libmex.dll
 0000:00000000       .debug$S                   0000000180000000     sf_runtime:sf_runtime.dll
 0000:00000000       .debug$S                   0000000180000000     libmx:libmx.dll
 0000:00000000       .debug$S                   0000000180000000     libmx:libmx.dll
 0000:00000000       .debug$S                   0000000180000000     libmx:libmx.dll
 0000:00000000       .debug$S                   0000000180000000     libmx:libmx.dll
 0000:00000000       .debug$S                   0000000180000000     libmx:libmx.dll
 0000:00000000       .debug$S                   0000000180000000     libmx:libmx.dll
 0000:00000000       .debug$S                   0000000180000000     libmx:libmx.dll
 0000:00000000       .debug$S                   0000000180000000     libmx:libmx.dll
 0000:00000000       .debug$S                   0000000180000000     libmx:libmx.dll
 0000:00000000       .debug$S                   0000000180000000     sf_runtime:sf_runtime.dll
 0000:00000000       .debug$S                   0000000180000000     sf_runtime:sf_runtime.dll
 0000:00000000       .debug$S                   0000000180000000     sf_runtime:sf_runtime.dll
 0000:00000000       .debug$S                   0000000180000000     sf_runtime:sf_runtime.dll
 0000:00000000       .debug$S                   0000000180000000     sf_runtime:sf_runtime.dll
 0000:00000000       .debug$S                   0000000180000000     sf_runtime:sf_runtime.dll
 0000:00000000       .debug$S                   0000000180000000     sf_runtime:sf_runtime.dll
 0000:00000000       .debug$S                   0000000180000000     sf_runtime:sf_runtime.dll
 0000:00000000       .debug$S                   0000000180000000     sf_runtime:sf_runtime.dll
 0000:00000000       .debug$S                   0000000180000000     sf_runtime:sf_runtime.dll
 0000:00000000       .debug$S                   0000000180000000     sf_runtime:sf_runtime.dll
 0000:00000000       .debug$S                   0000000180000000     sf_runtime:sf_runtime.dll
 0000:00000000       .debug$S                   0000000180000000     sf_runtime:sf_runtime.dll
 0000:00000000       .debug$S                   0000000180000000     sf_runtime:sf_runtime.dll
 0000:00000000       .debug$S                   0000000180000000     sf_runtime:sf_runtime.dll
 0000:00000000       .debug$S                   0000000180000000     sf_runtime:sf_runtime.dll
 0000:00000000       .debug$S                   0000000180000000     sf_runtime:sf_runtime.dll
 0000:00000000       .debug$S                   0000000180000000     libmx:libmx.dll
 0000:00000000       .debug$S                   0000000180000000     sf_runtime:sf_runtime.dll
 0000:00000000       .debug$S                   0000000180000000     sf_runtime:sf_runtime.dll
 0000:00000000       .debug$S                   0000000180000000     sf_runtime:sf_runtime.dll
 0000:00000000       .debug$S                   0000000180000000     sf_runtime:sf_runtime.dll
 0000:00000000       .debug$S                   0000000180000000     sf_runtime:sf_runtime.dll
 0000:00000000       .debug$S                   0000000180000000     sf_runtime:sf_runtime.dll
 0000:00000000       .debug$S                   0000000180000000     libmx:libmx.dll
 0000:00000000       .debug$S                   0000000180000000     sf_runtime:sf_runtime.dll
 0000:00000000       .debug$S                   0000000180000000     libmx:libmx.dll
 0000:00000000       .debug$S                   0000000180000000     libmx:libmx.dll
 0000:00000000       .debug$S                   0000000180000000     sf_runtime:sf_runtime.dll
 0000:00000000       .debug$S                   0000000180000000     libmx:libmx.dll
 0000:00000000       .debug$S                   0000000180000000     libmx:libmx.dll
 0000:00000000       .debug$S                   0000000180000000     sf_runtime:sf_runtime.dll
 0000:00000000       .debug$S                   0000000180000000     libmx:libmx.dll
 0000:00000000       .debug$S                   0000000180000000     libmx:libmx.dll
 0000:00000000       .debug$S                   0000000180000000     sf_runtime:sf_runtime.dll
 0000:00000000       .debug$S                   0000000180000000     libmx:libmx.dll
 0000:00000000       .debug$S                   0000000180000000     libmx:libmx.dll
 0000:00000000       .debug$S                   0000000180000000     libmx:libmx.dll
 0001:00001220       chart_debug_initialization 0000000180002220 f   c12_ballonplate_correctordinates.obj
 0001:00002740       chart_debug_initialize_data_addresses 0000000180003740 f   c12_ballonplate_correctordinates.obj
 0001:00002b80       initialize_c12_ballonplate_correctordinates 0000000180003b80 f   c12_ballonplate_correctordinates.obj
 0001:00002bf0       initialize_params_c12_ballonplate_correctordinates 0000000180003bf0 f   c12_ballonplate_correctordinates.obj
 0001:00002c00       enable_c12_ballonplate_correctordinates 0000000180003c00 f   c12_ballonplate_correctordinates.obj
 0001:00002c30       disable_c12_ballonplate_correctordinates 0000000180003c30 f   c12_ballonplate_correctordinates.obj
 0001:00002c60       c12_update_debugger_state_c12_ballonplate_correctordinates 0000000180003c60 f   c12_ballonplate_correctordinates.obj
 0001:00002c70       get_sim_state_c12_ballonplate_correctordinates 0000000180003c70 f   c12_ballonplate_correctordinates.obj
 0001:00002e90       set_sim_state_c12_ballonplate_correctordinates 0000000180003e90 f   c12_ballonplate_correctordinates.obj
 0001:00002fb0       finalize_c12_ballonplate_correctordinates 0000000180003fb0 f   c12_ballonplate_correctordinates.obj
 0001:00002fc0       sf_gateway_c12_ballonplate_correctordinates 0000000180003fc0 f   c12_ballonplate_correctordinates.obj
 0001:000037b0       mdl_start_c12_ballonplate_correctordinates 00000001800047b0 f   c12_ballonplate_correctordinates.obj
 0001:000037c0       c12_chartstep_c12_ballonplate_correctordinates 00000001800047c0 f   c12_ballonplate_correctordinates.obj
 0001:00005b90       initSimStructsc12_ballonplate_correctordinates 0000000180006b90 f   c12_ballonplate_correctordinates.obj
 0001:00005ba0       init_script_number_translation 0000000180006ba0 f   c12_ballonplate_correctordinates.obj
 0001:00005bc0       c12_sf_marshallOut         0000000180006bc0 f   c12_ballonplate_correctordinates.obj
 0001:00005c70       c12_emlrt_marshallIn       0000000180006c70 f   c12_ballonplate_correctordinates.obj
 0001:00005ce0       c12_b_emlrt_marshallIn     0000000180006ce0 f   c12_ballonplate_correctordinates.obj
 0001:00005d70       c12_sf_marshallIn          0000000180006d70 f   c12_ballonplate_correctordinates.obj
 0001:00005e20       c12_error                  0000000180006e20 f   c12_ballonplate_correctordinates.obj
 0001:00005f00       c12_b_error                0000000180006f00 f   c12_ballonplate_correctordinates.obj
 0001:00006050       c12_d_emlrt_marshallIn     0000000180007050 f   c12_ballonplate_correctordinates.obj
 0001:000060c0       c12_e_emlrt_marshallIn     00000001800070c0 f   c12_ballonplate_correctordinates.obj
 0001:00006150       c12_b_sin                  0000000180007150 f   c12_ballonplate_correctordinates.obj
 0001:00006180       c12_b_cos                  0000000180007180 f   c12_ballonplate_correctordinates.obj
 0001:000061b0       init_dsm_address_info      00000001800071b0 f   c12_ballonplate_correctordinates.obj
 0001:000061c0       init_simulink_io_address   00000001800071c0 f   c12_ballonplate_correctordinates.obj
 0001:00007850       sf_get_sim_state_info_c12_ballonplate_correctordinates 0000000180008850 f   c12_ballonplate_correctordinates.obj
 0001:00007920       sf_get_instance_specialization 0000000180008920 f   c12_ballonplate_correctordinates.obj
 0001:00007930       sf_opaque_initialize_c12_ballonplate_correctordinates 0000000180008930 f   c12_ballonplate_correctordinates.obj
 0001:00007970       sf_opaque_enable_c12_ballonplate_correctordinates 0000000180008970 f   c12_ballonplate_correctordinates.obj
 0001:00007990       sf_opaque_disable_c12_ballonplate_correctordinates 0000000180008990 f   c12_ballonplate_correctordinates.obj
 0001:000079b0       sf_opaque_gateway_c12_ballonplate_correctordinates 00000001800089b0 f   c12_ballonplate_correctordinates.obj
 0001:000079d0       sf_opaque_get_sim_state_c12_ballonplate_correctordinates 00000001800089d0 f   c12_ballonplate_correctordinates.obj
 0001:00007a00       sf_opaque_set_sim_state_c12_ballonplate_correctordinates 0000000180008a00 f   c12_ballonplate_correctordinates.obj
 0001:00007a30       sf_opaque_terminate_c12_ballonplate_correctordinates 0000000180008a30 f   c12_ballonplate_correctordinates.obj
 0001:00007ad0       mdlProcessParameters_c12_ballonplate_correctordinates 0000000180008ad0 f   c12_ballonplate_correctordinates.obj
 0001:00007b90       mdlSetWorkWidths_c12_ballonplate_correctordinates 0000000180008b90 f   c12_ballonplate_correctordinates.obj
 0001:00008400       mdlRTW_c12_ballonplate_correctordinates 0000000180009400 f   c12_ballonplate_correctordinates.obj
 0001:00008440       mdlStart_c12_ballonplate_correctordinates 0000000180009440 f   c12_ballonplate_correctordinates.obj
 0001:00009988       $LN120                     000000018000a988     ballonplate_correctordinates_sfun_registry.obj
 0001:0000b704       $LN17                      000000018000c704     ballonplate_correctordinates_sfun_registry.obj
 0001:0000bc8c       $LN26                      000000018000cc8c     ballonplate_correctordinates_sfun_registry.obj
 0001:0000c374       $LN23                      000000018000d374     ballonplate_correctordinates_sfun_registry.obj
 0001:0000c950       $LN26                      000000018000d950     ballonplate_correctordinates_sfun_registry.obj
 0001:0000e520       sf_debug_api_wrapper       000000018000f520 f   ballonplate_correctordinates_sfun_registry.obj
 0001:0000e570       ProcessMexSfunctionCmdLineCall 000000018000f570 f   ballonplate_correctordinates_sfun_registry.obj
 0001:0000e8e0       mdlSetWorkWidths           000000018000f8e0 f   ballonplate_correctordinates_sfun_registry.obj
 0001:0000e910       mdlProcessParameters       000000018000f910 f   ballonplate_correctordinates_sfun_registry.obj
 0001:0000e940       mdl_start_processing       000000018000f940 f   ballonplate_correctordinates_sfun_registry.obj
 0001:0000e9f0       mdl_terminate_processing   000000018000f9f0 f   ballonplate_correctordinates_sfun_registry.obj
 0001:0000ea70       mdlStart                   000000018000fa70 f   ballonplate_correctordinates_sfun_registry.obj
 0001:0000eaa0       mdlTerminate               000000018000faa0 f   ballonplate_correctordinates_sfun_registry.obj
 0001:0000ead0       mdlInitializeSizes         000000018000fad0 f   ballonplate_correctordinates_sfun_registry.obj
 0001:0000eb00       mdlInitializeSampleTimes   000000018000fb00 f   ballonplate_correctordinates_sfun_registry.obj
 0001:0000eb30       mdl_outputs_continuous_legacy 000000018000fb30 f   ballonplate_correctordinates_sfun_registry.obj
 0001:0000ec30       mdl_outputs_processing     000000018000fc30 f   ballonplate_correctordinates_sfun_registry.obj
 0001:0000ed50       mdl_zeroCrossings_processing 000000018000fd50 f   ballonplate_correctordinates_sfun_registry.obj
 0001:0000ed90       mdlZeroCrossings           000000018000fd90 f   ballonplate_correctordinates_sfun_registry.obj
 0001:0000edc0       mdl_derivatives_processing 000000018000fdc0 f   ballonplate_correctordinates_sfun_registry.obj
 0001:0000ee10       mdlDerivatives             000000018000fe10 f   ballonplate_correctordinates_sfun_registry.obj
 0001:0000ee40       mdl_initialize_conditions_processing 000000018000fe40 f   ballonplate_correctordinates_sfun_registry.obj
 0001:0000ee90       mdlInitializeConditions    000000018000fe90 f   ballonplate_correctordinates_sfun_registry.obj
 0001:0000eec0       mdl_ext_mode_exec_processing 000000018000fec0 f   ballonplate_correctordinates_sfun_registry.obj
 0001:0000ef00       mdlExtModeExec             000000018000ff00 f   ballonplate_correctordinates_sfun_registry.obj
 0001:0000ef30       mdlRTW                     000000018000ff30 f   ballonplate_correctordinates_sfun_registry.obj
 0001:0000ef70       mdl_enable_processing      000000018000ff70 f   ballonplate_correctordinates_sfun_registry.obj
 0001:0000efb0       mdlEnable                  000000018000ffb0 f   ballonplate_correctordinates_sfun_registry.obj
 0001:0000efe0       mdl_disable_processing     000000018000ffe0 f   ballonplate_correctordinates_sfun_registry.obj
 0001:0000f020       mdlDisable                 0000000180010020 f   ballonplate_correctordinates_sfun_registry.obj
 0001:0000f050       mdlOutputs                 0000000180010050 f   ballonplate_correctordinates_sfun_registry.obj
 0001:0000f080       mdl_update_processing      0000000180010080 f   ballonplate_correctordinates_sfun_registry.obj
 0001:0000f0d0       mdlUpdate                  00000001800100d0 f   ballonplate_correctordinates_sfun_registry.obj
 0001:0000f2b0       mdlGetTimeOfNextVarHit     00000001800102b0 f   ballonplate_correctordinates_sfun_registry.obj
 0001:0000f300       _RegNumInputPortsCB        0000000180010300 f   ballonplate_correctordinates_sfun_registry.obj
 0001:0000f380       _RegNumOutputPortsCB       0000000180010380 f   ballonplate_correctordinates_sfun_registry.obj
 0001:0000f400       _CreateSimStruct           0000000180010400 f   ballonplate_correctordinates_sfun_registry.obj
 0001:0000f5e0       _ssFatalError              00000001800105e0 f   ballonplate_correctordinates_sfun_registry.obj
 0001:0000f6b0       _ProcessMexSfunctionCmdLineCall 00000001800106b0 f   ballonplate_correctordinates_sfun_registry.obj
 0001:000103e0       $$000000                   00000001800113e0     MSVCRT:amdsecgs.obj
 0001:0001043c       pre_c_init                 000000018001143c f   MSVCRT:crtdll.obj
 0001:00010734       __DllMainCRTStartup        0000000180011734 f   MSVCRT:crtdll.obj
 0001:00010c50       __DllMainCRTStartup$filt$0 0000000180011c50 f   MSVCRT:crtdll.obj
 0001:00010c75       __DllMainCRTStartup$fin$1  0000000180011c75 f   MSVCRT:crtdll.obj
 0001:00010c90       _IsNonwritableInCurrentImage$filt$0 0000000180011c90 f   MSVCRT:pesect.obj
 0001:00010cb0       _onexit$fin$0              0000000180011cb0 f   MSVCRT:atonexit.obj
 0002:000004a0       pcinit                     00000001800124a0     MSVCRT:crtdll.obj
 0002:000004a8       pinit                      00000001800124a8     MSVCRT:atonexit.obj
 0002:00000b50       GS_ExceptionPointers       0000000180012b50     MSVCRT:gs_report.obj
 0002:00000c10       $unwind$load_ballonplate_correctordinates_optimization_info 0000000180012c10     ballonplate_correctordinates_sfun.obj
 0002:00000c18       $unwind$unload_ballonplate_correctordinates_optimization_info 0000000180012c18     ballonplate_correctordinates_sfun.obj
 0002:00000c20       $unwind$sf_ballonplate_correctordinates_method_dispatcher 0000000180012c20     ballonplate_correctordinates_sfun.obj
 0002:00000c28       $unwind$sf_ballonplate_correctordinates_process_check_sum_call 0000000180012c28     ballonplate_correctordinates_sfun.obj
 0002:00000c38       $unwind$sf_ballonplate_correctordinates_autoinheritance_info 0000000180012c38     ballonplate_correctordinates_sfun.obj
 0002:00000c48       $unwind$sf_ballonplate_correctordinates_get_eml_resolved_functions_info 0000000180012c48     ballonplate_correctordinates_sfun.obj
 0002:00000c58       $unwind$sf_ballonplate_correctordinates_third_party_uses_info 0000000180012c58     ballonplate_correctordinates_sfun.obj
 0002:00000c68       $unwind$sf_ballonplate_correctordinates_jit_fallback_info 0000000180012c68     ballonplate_correctordinates_sfun.obj
 0002:00000c78       $unwind$sf_ballonplate_correctordinates_updateBuildInfo_args_info 0000000180012c78     ballonplate_correctordinates_sfun.obj
 0002:00000c88       $unwind$ballonplate_correctordinates_debug_initialize 0000000180012c88     ballonplate_correctordinates_sfun.obj
 0002:00000c90       $unwind$sf_c12_ballonplate_correctordinates_get_eml_resolved_functions_info 0000000180012c90     c12_ballonplate_correctordinates.obj
 0002:00000c98       $unwind$sf_c12_ballonplate_correctordinates_get_check_sum 0000000180012c98     c12_ballonplate_correctordinates.obj
 0002:00000ca0       $unwind$c12_ballonplate_correctordinates_method_dispatcher 0000000180012ca0     c12_ballonplate_correctordinates.obj
 0002:00000ca8       $unwind$chart_debug_initialization 0000000180012ca8     c12_ballonplate_correctordinates.obj
 0002:00000cb0       $unwind$chart_debug_initialize_data_addresses 0000000180012cb0     c12_ballonplate_correctordinates.obj
 0002:00000cb8       $unwind$initialize_c12_ballonplate_correctordinates 0000000180012cb8     c12_ballonplate_correctordinates.obj
 0002:00000cc0       $unwind$enable_c12_ballonplate_correctordinates 0000000180012cc0     c12_ballonplate_correctordinates.obj
 0002:00000cc8       $unwind$disable_c12_ballonplate_correctordinates 0000000180012cc8     c12_ballonplate_correctordinates.obj
 0002:00000cd0       $unwind$get_sim_state_c12_ballonplate_correctordinates 0000000180012cd0     c12_ballonplate_correctordinates.obj
 0002:00000cd8       $unwind$set_sim_state_c12_ballonplate_correctordinates 0000000180012cd8     c12_ballonplate_correctordinates.obj
 0002:00000ce0       $unwind$sf_gateway_c12_ballonplate_correctordinates 0000000180012ce0     c12_ballonplate_correctordinates.obj
 0002:00000ce8       $unwind$c12_chartstep_c12_ballonplate_correctordinates 0000000180012ce8     c12_ballonplate_correctordinates.obj
 0002:00000cf8       $unwind$c12_sf_marshallOut 0000000180012cf8     c12_ballonplate_correctordinates.obj
 0002:00000d00       $unwind$c12_emlrt_marshallIn 0000000180012d00     c12_ballonplate_correctordinates.obj
 0002:00000d08       $unwind$c12_b_emlrt_marshallIn 0000000180012d08     c12_ballonplate_correctordinates.obj
 0002:00000d10       $unwind$c12_sf_marshallIn  0000000180012d10     c12_ballonplate_correctordinates.obj
 0002:00000d18       $unwind$c12_error          0000000180012d18     c12_ballonplate_correctordinates.obj
 0002:00000d20       $unwind$c12_b_error        0000000180012d20     c12_ballonplate_correctordinates.obj
 0002:00000d28       $unwind$c12_d_emlrt_marshallIn 0000000180012d28     c12_ballonplate_correctordinates.obj
 0002:00000d30       $unwind$c12_e_emlrt_marshallIn 0000000180012d30     c12_ballonplate_correctordinates.obj
 0002:00000d38       $unwind$c12_b_sin          0000000180012d38     c12_ballonplate_correctordinates.obj
 0002:00000d40       $unwind$c12_b_cos          0000000180012d40     c12_ballonplate_correctordinates.obj
 0002:00000d48       $unwind$init_simulink_io_address 0000000180012d48     c12_ballonplate_correctordinates.obj
 0002:00000d50       $unwind$sf_c12_ballonplate_correctordinates_get_post_codegen_info 0000000180012d50     c12_ballonplate_correctordinates.obj
 0002:00000d58       $unwind$sf_c12_ballonplate_correctordinates_get_autoinheritance_info 0000000180012d58     c12_ballonplate_correctordinates.obj
 0002:00000d68       $unwind$sf_c12_ballonplate_correctordinates_third_party_uses_info 0000000180012d68     c12_ballonplate_correctordinates.obj
 0002:00000d70       $unwind$sf_c12_ballonplate_correctordinates_jit_fallback_info 0000000180012d70     c12_ballonplate_correctordinates.obj
 0002:00000d80       $unwind$sf_c12_ballonplate_correctordinates_updateBuildInfo_args_info 0000000180012d80     c12_ballonplate_correctordinates.obj
 0002:00000d88       $unwind$sf_get_sim_state_info_c12_ballonplate_correctordinates 0000000180012d88     c12_ballonplate_correctordinates.obj
 0002:00000d90       $unwind$sf_opaque_initialize_c12_ballonplate_correctordinates 0000000180012d90     c12_ballonplate_correctordinates.obj
 0002:00000d98       $unwind$sf_opaque_enable_c12_ballonplate_correctordinates 0000000180012d98     c12_ballonplate_correctordinates.obj
 0002:00000da0       $unwind$sf_opaque_disable_c12_ballonplate_correctordinates 0000000180012da0     c12_ballonplate_correctordinates.obj
 0002:00000da8       $unwind$sf_opaque_gateway_c12_ballonplate_correctordinates 0000000180012da8     c12_ballonplate_correctordinates.obj
 0002:00000db0       $unwind$sf_opaque_get_sim_state_c12_ballonplate_correctordinates 0000000180012db0     c12_ballonplate_correctordinates.obj
 0002:00000db8       $unwind$sf_opaque_set_sim_state_c12_ballonplate_correctordinates 0000000180012db8     c12_ballonplate_correctordinates.obj
 0002:00000dc0       $unwind$sf_opaque_terminate_c12_ballonplate_correctordinates 0000000180012dc0     c12_ballonplate_correctordinates.obj
[...]
 0004:000000f0       $pdata$sf_gateway_c12_ballonplate_correctordinates 00000001800180f0     c12_ballonplate_correctordinates.obj
 0004:000000fc       $pdata$c12_chartstep_c12_ballonplate_correctordinates 00000001800180fc     c12_ballonplate_correctordinates.obj
 0004:00000108       $pdata$c12_sf_marshallOut  0000000180018108     c12_ballonplate_correctordinates.obj
 0004:00000114       $pdata$c12_emlrt_marshallIn 0000000180018114     c12_ballonplate_correctordinates.obj
 0004:00000120       $pdata$c12_b_emlrt_marshallIn 0000000180018120     c12_ballonplate_correctordinates.obj
 0004:0000012c       $pdata$c12_sf_marshallIn   000000018001812c     c12_ballonplate_correctordinates.obj
 0004:00000138       $pdata$c12_error           0000000180018138     c12_ballonplate_correctordinates.obj
 0004:00000144       $pdata$c12_b_error         0000000180018144     c12_ballonplate_correctordinates.obj
 0004:00000150       $pdata$c12_d_emlrt_marshallIn 0000000180018150     c12_ballonplate_correctordinates.obj
 0004:0000015c       $pdata$c12_e_emlrt_marshallIn 000000018001815c     c12_ballonplate_correctordinates.obj
 0004:00000168       $pdata$c12_b_sin           0000000180018168     c12_ballonplate_correctordinates.obj
 0004:00000174       $pdata$c12_b_cos           0000000180018174     c12_ballonplate_correctordinates.obj
 0004:00000180       $pdata$init_simulink_io_address 0000000180018180     c12_ballonplate_correctordinates.obj
 0004:0000018c       $pdata$sf_c12_ballonplate_correctordinates_get_post_codegen_info 000000018001818c     c12_ballonplate_correctordinates.obj
 0004:00000198       $pdata$sf_c12_ballonplate_correctordinates_get_autoinheritance_info 0000000180018198     c12_ballonplate_correctordinates.obj
 0004:000001a4       $pdata$sf_c12_ballonplate_correctordinates_third_party_uses_info 00000001800181a4     c12_ballonplate_correctordinates.obj
 0004:000001b0       $pdata$sf_c12_ballonplate_correctordinates_jit_fallback_info 00000001800181b0     c12_ballonplate_correctordinates.obj
 0004:000001bc       $pdata$sf_c12_ballonplate_correctordinates_updateBuildInfo_args_info 00000001800181bc     c12_ballonplate_correctordinates.obj
 0004:000001c8       $pdata$sf_get_sim_state_info_c12_ballonplate_correctordinates 00000001800181c8     c12_ballonplate_correctordinates.obj
 0004:000001d4       $pdata$sf_opaque_initialize_c12_ballonplate_correctordinates 00000001800181d4     c12_ballonplate_correctordinates.obj
 0004:000001e0       $pdata$sf_opaque_enable_c12_ballonplate_correctordinates 00000001800181e0     c12_ballonplate_correctordinates.obj
 0004:000001ec       $pdata$sf_opaque_disable_c12_ballonplate_correctordinates 00000001800181ec     c12_ballonplate_correctordinates.obj
 0004:000001f8       $pdata$sf_opaque_gateway_c12_ballonplate_correctordinates 00000001800181f8     c12_ballonplate_correctordinates.obj
 0004:00000204       $pdata$sf_opaque_get_sim_state_c12_ballonplate_correctordinates 0000000180018204     c12_ballonplate_correctordinates.obj
 0004:00000210       $pdata$sf_opaque_set_sim_state_c12_ballonplate_correctordinates 0000000180018210     c12_ballonplate_correctordinates.obj
 0004:0000021c       $pdata$sf_opaque_terminate_c12_ballonplate_correctordinates 000000018001821c     c12_ballonplate_correctordinates.obj
 0004:00000228       $pdata$mdlProcessParameters_c12_ballonplate_correctordinates 0000000180018228     c12_ballonplate_correctordinates.obj
 0004:00000234       $pdata$mdlSetWorkWidths_c12_ballonplate_correctordinates 0000000180018234     c12_ballonplate_correctordinates.obj
 0004:00000240       $pdata$mdlRTW_c12_ballonplate_correctordinates 0000000180018240     c12_ballonplate_correctordinates.obj
 0004:0000024c       $pdata$mdlStart_c12_ballonplate_correctordinates 000000018001824c     c12_ballonplate_correctordinates.obj
 0004:00000258       $pdata$mexFunction         0000000180018258     ballonplate_correctordinates_sfun_registry.obj
 0004:00000264       $pdata$_ssSetInputPortDirectFeedThroughFcn 0000000180018264     ballonplate_correctordinates_sfun_registry.obj
 0004:00000270       $pdata$_ssGetInputPortSignalPtrsFcn 0000000180018270     ballonplate_correctordinates_sfun_registry.obj
 0004:0000027c       $pdata$_ssGetInputPortSignalFcn 000000018001827c     ballonplate_correctordinates_sfun_registry.obj
 0004:00000288       $pdata$_ssSetInputPortReusableFcn 0000000180018288     ballonplate_correctordinates_sfun_registry.obj
 0004:00000294       $pdata$_ssSetOutputPortReusableFcn 0000000180018294     ballonplate_correctordinates_sfun_registry.obj
 0004:000002a0       $pdata$_ssSetSymbolicDimsSupport 00000001800182a0     ballonplate_correctordinates_sfun_registry.obj
 0004:000002ac       $pdata$_ssRegisterSymbolicDimsExpr 00000001800182ac     ballonplate_correctordinates_sfun_registry.obj
 0004:000002b8       $pdata$_ssRegisterSymbolicDims 00000001800182b8     ballonplate_correctordinates_sfun_registry.obj
 0004:000002c4       $pdata$_ssRegisterSymbolicDimsString 00000001800182c4     ballonplate_correctordinates_sfun_registry.obj
 0004:000002d0       $pdata$_ssRegisterSymbolicDimsIntValue 00000001800182d0     ballonplate_correctordinates_sfun_registry.obj
 0004:000002dc       $pdata$_ssRegisterSymbolicDimsPlus 00000001800182dc     ballonplate_correctordinates_sfun_registry.obj
 0004:000002e8       $pdata$_ssRegisterSymbolicDimsMinus 00000001800182e8     ballonplate_correctordinates_sfun_registry.obj
 0004:000002f4       $pdata$_ssRegisterSymbolicDimsMultiply 00000001800182f4     ballonplate_correctordinates_sfun_registry.obj
 0004:00000300       $pdata$_ssRegisterSymbolicDimsDivide 0000000180018300     ballonplate_correctordinates_sfun_registry.obj
 0004:0000030c       $pdata$_ssGetNumSymbolicDims 000000018001830c     ballonplate_correctordinates_sfun_registry.obj
 0004:00000318       $pdata$_ssGetSymbolicDim   0000000180018318     ballonplate_correctordinates_sfun_registry.obj
 0004:00000324       $pdata$_ssSetInputPortSymbolicDimsId 0000000180018324     ballonplate_correctordinates_sfun_registry.obj
 0004:00000330       $pdata$_ssGetCompInputPortSymbolicDimsId 0000000180018330     ballonplate_correctordinates_sfun_registry.obj
 0004:0000033c       $pdata$_ssSetCompInputPortSymbolicDimsId 000000018001833c     ballonplate_correctordinates_sfun_registry.obj
 0004:00000348       $pdata$_ssSetOutputPortSymbolicDimsId 0000000180018348     ballonplate_correctordinates_sfun_registry.obj
 0004:00000354       $pdata$_ssGetCompOutputPortSymbolicDimsId 0000000180018354     ballonplate_correctordinates_sfun_registry.obj
 0004:00000360       $pdata$_ssSetCompOutputPortSymbolicDimsId 0000000180018360     ballonplate_correctordinates_sfun_registry.obj
 0004:0000036c       $pdata$_ssSetCompDWorkSymbolicDimsId 000000018001836c     ballonplate_correctordinates_sfun_registry.obj
 0004:00000378       $pdata$ssGetIsZeroCrossControlDisabled 0000000180018378     ballonplate_correctordinates_sfun_registry.obj
 0004:00000384       $pdata$ssSetIsInputPortUsedForContZcSignal 0000000180018384     ballonplate_correctordinates_sfun_registry.obj
 0004:00000390       $pdata$ssSetZcSignalIsZcElementDisc 0000000180018390     ballonplate_correctordinates_sfun_registry.obj
 0004:0000039c       $pdata$ssSetZcSignalName   000000018001839c     ballonplate_correctordinates_sfun_registry.obj
 0004:000003a8       $pdata$ssSetZcSignalWidth  00000001800183a8     ballonplate_correctordinates_sfun_registry.obj
 0004:000003b4       $pdata$ssSetZcSignalZcEventType 00000001800183b4     ballonplate_correctordinates_sfun_registry.obj
 0004:000003c0       $pdata$ssSetZcSignalType   00000001800183c0     ballonplate_correctordinates_sfun_registry.obj
 0004:000003cc       $pdata$ssSetZcSignalZcTol  00000001800183cc     ballonplate_correctordinates_sfun_registry.obj
 0004:000003d8       $pdata$ssSetZcSignalNeedsEventNotification 00000001800183d8     ballonplate_correctordinates_sfun_registry.obj
 0004:000003e4       $pdata$ssCreateAndAddZcSignalInfo 00000001800183e4     ballonplate_correctordinates_sfun_registry.obj
 0004:000003f0       $pdata$ssCloneAndAddZcSignalInfo 00000001800183f0     ballonplate_correctordinates_sfun_registry.obj
 0004:000003fc       $pdata$ssGetNumZcSignals   00000001800183fc     ballonplate_correctordinates_sfun_registry.obj
 0004:00000408       $pdata$ssGetZcSignalVector 0000000180018408     ballonplate_correctordinates_sfun_registry.obj
 0004:00000414       $pdata$ssGetZcSignalName   0000000180018414     ballonplate_correctordinates_sfun_registry.obj
 0004:00000420       $pdata$ssGetZcSignalWidth  0000000180018420     ballonplate_correctordinates_sfun_registry.obj
 0004:0000042c       $pdata$ssGetZcSignalZcEventType 000000018001842c     ballonplate_correctordinates_sfun_registry.obj
 0004:00000438       $pdata$ssGetZcSignalZcEvents 0000000180018438     ballonplate_correctordinates_sfun_registry.obj
 0004:00000444       $pdata$ssGetZcSignalType   0000000180018444     ballonplate_correctordinates_sfun_registry.obj
 0004:00000450       $pdata$ssGetZcSignalZcTol  0000000180018450     ballonplate_correctordinates_sfun_registry.obj
 0004:0000045c       $pdata$ssGetZcSignalNeedsEventNotification 000000018001845c     ballonplate_correctordinates_sfun_registry.obj
 0004:00000468       $pdata$ssGetZcSignalIsZcElementDisc 0000000180018468     ballonplate_correctordinates_sfun_registry.obj
 0004:00000474       $pdata$ssGetIsInputPortElementContinuous 0000000180018474     ballonplate_correctordinates_sfun_registry.obj
 0004:00000480       $pdata$ssGetDTypeIdFromMxArray 0000000180018480     ballonplate_correctordinates_sfun_registry.obj
 0004:0000048c       $pdata$ssWriteRTWStr       000000018001848c     ballonplate_correctordinates_sfun_registry.obj
 0004:00000498       $pdata$ssWriteRTWNameValuePair 0000000180018498     ballonplate_correctordinates_sfun_registry.obj
 0004:000004a4       $pdata$ssWriteRTWParamSettings 00000001800184a4     ballonplate_correctordinates_sfun_registry.obj
 0004:000004b0       $pdata$ssWriteRTWParameters 00000001800184b0     ballonplate_correctordinates_sfun_registry.obj
 0004:000004bc       $pdata$ssWriteRTWWorkVect  00000001800184bc     ballonplate_correctordinates_sfun_registry.obj
 0004:000004c8       $pdata$ssWriteRTWMxVectParam 00000001800184c8     ballonplate_correctordinates_sfun_registry.obj
 0004:000004d4       $pdata$ssWriteRTWMx2dMatParam 00000001800184d4     ballonplate_correctordinates_sfun_registry.obj
 0004:000004e0       $pdata$_ssSetInputPortMatrixDimensions 00000001800184e0     ballonplate_correctordinates_sfun_registry.obj
 0004:000004ec       $pdata$_ssSetOutputPortMatrixDimensions 00000001800184ec     ballonplate_correctordinates_sfun_registry.obj
 0004:000004f8       $pdata$_ssSetInputPortVectorDimension 00000001800184f8     ballonplate_correctordinates_sfun_registry.obj
 0004:00000504       $pdata$_ssSetOutputPortVectorDimension 0000000180018504     ballonplate_correctordinates_sfun_registry.obj
 0004:00000510       $pdata$ssIsRunTimeParamTunable 0000000180018510     ballonplate_correctordinates_sfun_registry.obj
 0004:0000051c       $pdata$ssGetSFuncBlockHandle 000000018001851c     ballonplate_correctordinates_sfun_registry.obj
 0004:00000528       $pdata$_ssGetCurrentInputPortWidth 0000000180018528     ballonplate_correctordinates_sfun_registry.obj
 0004:00000534       $pdata$_ssGetCurrentOutputPortWidth 0000000180018534     ballonplate_correctordinates_sfun_registry.obj
 0004:00000540       $pdata$_ssGetCallSystemNumFcnCallDestinations 0000000180018540     ballonplate_correctordinates_sfun_registry.obj
 0004:0000054c       $pdata$ssGetParameterTuningCompliance 000000018001854c     ballonplate_correctordinates_sfun_registry.obj
 0004:00000558       $pdata$ssWarning           0000000180018558     ballonplate_correctordinates_sfun_registry.obj
 0004:00000564       $pdata$_ssGetAbsTol        0000000180018564     ballonplate_correctordinates_sfun_registry.obj
 0004:00000570       $pdata$sf_process_check_sum_call 0000000180018570     ballonplate_correctordinates_sfun_registry.obj
 0004:0000057c       $pdata$sf_process_autoinheritance_call 000000018001857c     ballonplate_correctordinates_sfun_registry.obj
 0004:00000588       $pdata$sf_process_get_third_party_uses_info_call 0000000180018588     ballonplate_correctordinates_sfun_registry.obj
 0004:00000594       $pdata$sf_process_get_jit_fallback_info_call 0000000180018594     ballonplate_correctordinates_sfun_registry.obj
 0004:000005a0       $pdata$sf_process_get_updateBuildInfo_args_info_call 00000001800185a0     ballonplate_correctordinates_sfun_registry.obj
 0004:000005ac       $pdata$sf_process_get_eml_resolved_functions_info_call 00000001800185ac     ballonplate_correctordinates_sfun_registry.obj
 0004:000005b8       $pdata$sf_mex_unlock_call  00000001800185b8     ballonplate_correctordinates_sfun_registry.obj
 0004:000005c4       $pdata$sf_debug_api_wrapper 00000001800185c4     ballonplate_correctordinates_sfun_registry.obj
 0004:000005d0       $pdata$ProcessMexSfunctionCmdLineCall 00000001800185d0     ballonplate_correctordinates_sfun_registry.obj
 0004:000005dc       $pdata$sf_machine_global_initializer_called 00000001800185dc     ballonplate_correctordinates_sfun_registry.obj
 0004:000005e8       $pdata$sf_machine_global_method_dispatcher 00000001800185e8     ballonplate_correctordinates_sfun_registry.obj
 0004:000005f4       $pdata$sf_machine_global_terminator 00000001800185f4     ballonplate_correctordinates_sfun_registry.obj
 0004:00000600       $pdata$sf_register_machine_exported_symbols 0000000180018600     ballonplate_correctordinates_sfun_registry.obj
 0004:0000060c       $pdata$sf_machine_global_initializer 000000018001860c     ballonplate_correctordinates_sfun_registry.obj
 0004:00000618       $pdata$mdlGetSimState      0000000180018618     ballonplate_correctordinates_sfun_registry.obj
 0004:00000624       $pdata$mdlSetSimState      0000000180018624     ballonplate_correctordinates_sfun_registry.obj
 0004:00000630       $pdata$mdlSetWorkWidths    0000000180018630     ballonplate_correctordinates_sfun_registry.obj
 0004:0000063c       $pdata$mdlProcessParameters 000000018001863c     ballonplate_correctordinates_sfun_registry.obj
 0004:00000648       $pdata$mdl_start_processing 0000000180018648     ballonplate_correctordinates_sfun_registry.obj
 0004:00000654       $pdata$mdl_terminate_processing 0000000180018654     ballonplate_correctordinates_sfun_registry.obj
 0004:00000660       $pdata$mdlStart            0000000180018660     ballonplate_correctordinates_sfun_registry.obj
 0004:0000066c       $pdata$mdlTerminate        000000018001866c     ballonplate_correctordinates_sfun_registry.obj
 0004:00000678       $pdata$mdlInitializeSizes  0000000180018678     ballonplate_correctordinates_sfun_registry.obj
 0004:00000684       $pdata$mdlInitializeSampleTimes 0000000180018684     ballonplate_correctordinates_sfun_registry.obj
 0004:00000690       $pdata$mdl_outputs_continuous_legacy 0000000180018690     ballonplate_correctordinates_sfun_registry.obj
 0004:0000069c       $pdata$mdl_outputs_processing 000000018001869c     ballonplate_correctordinates_sfun_registry.obj
 0004:000006a8       $pdata$mdl_zeroCrossings_processing 00000001800186a8     ballonplate_correctordinates_sfun_registry.obj
 0004:000006b4       $pdata$mdlZeroCrossings    00000001800186b4     ballonplate_correctordinates_sfun_registry.obj
 0004:000006c0       $pdata$mdl_derivatives_processing 00000001800186c0     ballonplate_correctordinates_sfun_registry.obj
 0004:000006cc       $pdata$mdlDerivatives      00000001800186cc     ballonplate_correctordinates_sfun_registry.obj
 0004:000006d8       $pdata$mdl_initialize_conditions_processing 00000001800186d8     ballonplate_correctordinates_sfun_registry.obj
 0004:000006e4       $pdata$mdlInitializeConditions 00000001800186e4     ballonplate_correctordinates_sfun_registry.obj
 0004:000006f0       $pdata$mdl_ext_mode_exec_processing 00000001800186f0     ballonplate_correctordinates_sfun_registry.obj
 0004:000006fc       $pdata$mdlExtModeExec      00000001800186fc     ballonplate_correctordinates_sfun_registry.obj
 0004:00000708       $pdata$mdlRTW              0000000180018708     ballonplate_correctordinates_sfun_registry.obj
 0004:00000714       $pdata$mdl_enable_processing 0000000180018714     ballonplate_correctordinates_sfun_registry.obj
 0004:00000720       $pdata$mdlEnable           0000000180018720     ballonplate_correctordinates_sfun_registry.obj
 0004:0000072c       $pdata$mdl_disable_processing 000000018001872c     ballonplate_correctordinates_sfun_registry.obj
 0004:00000738       $pdata$mdlDisable          0000000180018738     ballonplate_correctordinates_sfun_registry.obj
 0004:00000744       $pdata$mdlOutputs          0000000180018744     ballonplate_correctordinates_sfun_registry.obj
 0004:00000750       $pdata$mdl_update_processing 0000000180018750     ballonplate_correctordinates_sfun_registry.obj
 0004:0000075c       $pdata$mdlUpdate           000000018001875c     ballonplate_correctordinates_sfun_registry.obj
 0004:00000768       $pdata$ProcessMexSfunctionEveryCall 0000000180018768     ballonplate_correctordinates_sfun_registry.obj
 0004:00000774       $pdata$_RegNumInputPortsCB 0000000180018774     ballonplate_correctordinates_sfun_registry.obj
 0004:00000780       $pdata$_RegNumOutputPortsCB 0000000180018780     ballonplate_correctordinates_sfun_registry.obj
 0004:0000078c       $pdata$_CreateSimStruct    000000018001878c     ballonplate_correctordinates_sfun_registry.obj
 0004:00000798       $pdata$_ssFatalError       0000000180018798     ballonplate_correctordinates_sfun_registry.obj
 0004:000007a4       $pdata$_ProcessMexSfunctionCmdLineCall 00000001800187a4     ballonplate_correctordinates_sfun_registry.obj
 0004:000007b0       $pdata$__raise_securityfailure 00000001800187b0     MSVCRT:gs_report.obj
 0004:000007bc       $pdata$__report_gsfailure  00000001800187bc     MSVCRT:gs_report.obj
 0004:000007c8       $pdata$__report_rangecheckfailure 00000001800187c8     MSVCRT:gs_report.obj
 0004:000007d4       $pdata$__report_securityfailure 00000001800187d4     MSVCRT:gs_report.obj
 0004:000007e0       $pdata$__report_securityfailureEx 00000001800187e0     MSVCRT:gs_report.obj
 0004:000007ec       $pdata$__GSHandlerCheck    00000001800187ec     MSVCRT:gshandler.obj
 0004:000007f8       $pdata$__GSHandlerCheckCommon 00000001800187f8     MSVCRT:gshandler.obj
 0004:00000810       $pdata$pre_c_init          0000000180018810     MSVCRT:crtdll.obj
 0004:0000081c       $pdata$_CRT_INIT           000000018001881c     MSVCRT:crtdll.obj
 0004:00000828       $pdata$_DllMainCRTStartup  0000000180018828     MSVCRT:crtdll.obj
 0004:00000834       $pdata$__DllMainCRTStartup 0000000180018834     MSVCRT:crtdll.obj
 0004:00000840       $pdata$_IsNonwritableInCurrentImage 0000000180018840     MSVCRT:pesect.obj
 0004:0000084c       $pdata$__atonexitinit      000000018001884c     MSVCRT:atonexit.obj
 0004:00000858       $pdata$_onexit             0000000180018858     MSVCRT:atonexit.obj
 0004:00000864       $pdata$atexit              0000000180018864     MSVCRT:atonexit.obj
 0004:00000870       $pdata$__security_init_cookie 0000000180018870     MSVCRT:gs_support.obj
 0004:0000087c       $pdata$DllMain             000000018001887c     MSVCRT:dllmain.obj
 0004:00000888       $pdata$_RTC_Initialize     0000000180018888     MSVCRT:initsect.obj
 0004:00000894       $pdata$_RTC_Terminate      0000000180018894     MSVCRT:initsect.obj
 0004:000008a0       $pdata$__DllMainCRTStartup$filt$0 00000001800188a0     MSVCRT:crtdll.obj
 0004:000008ac       $pdata$__DllMainCRTStartup$fin$1 00000001800188ac     MSVCRT:crtdll.obj
 0004:000008b8       $pdata$_IsNonwritableInCurrentImage$filt$0 00000001800188b8     MSVCRT:pesect.obj
 0004:000008c4       $pdata$_onexit$fin$0       00000001800188c4     MSVCRT:atonexit.obj
