 pendulumgui_sfun

 Timestamp is 57884430 (Thu Jul 14 22:02:24 2016)

 Preferred load address is 0000000180000000

 Start         Length     Name                   Class
 0001:00000000 00018722H .text$mn                CODE
 0001:00018730 0000007bH .text$x                 CODE
 0002:00000000 000004d0H .idata$5                DATA
 0002:000004d0 00000008H .CRT$XCA                DATA
 0002:000004d8 00000008H .CRT$XCZ                DATA
 0002:000004e0 00000008H .CRT$XIA                DATA
 0002:000004e8 00000008H .CRT$XIAA               DATA
 0002:000004f0 00000008H .CRT$XIC                DATA
 0002:000004f8 00000008H .CRT$XIZ                DATA
 0002:00000500 000008b0H .rdata                  DATA
 0002:00000db0 00000008H .rtc$IAA                DATA
 0002:00000db8 00000008H .rtc$IZZ                DATA
 0002:00000dc0 00000008H .rtc$TAA                DATA
 0002:00000dc8 00000008H .rtc$TZZ                DATA
 0002:00000dd0 000008acH .xdata                  DATA
 0002:00001680 00000056H .edata                  DATA
 0002:000016d8 0000008cH .idata$2                DATA
 0002:00001764 00000014H .idata$3                DATA
 0002:00001778 000004d0H .idata$4                DATA
 0002:00001c48 00000df2H .idata$6                DATA
 0003:00000000 000029b8H .data                   DATA
 0003:000029c0 000006b8H .bss                    DATA
 0004:00000000 00000a20H .pdata                  DATA

  Address         Publics by Value              Rva+Base               Lib:Object

 0000:00000000       ___safe_se_handler_table   0000000000000000     <absolute>
 0000:00000000       __guard_flags              0000000000000000     <absolute>
 0000:00000000       ___safe_se_handler_count   0000000000000000     <absolute>
 0000:00000000       __guard_fids_count         0000000000000000     <absolute>
 0000:00000000       __guard_fids_table         0000000000000000     <absolute>
 0000:00000000       __ImageBase                0000000180000000     <linker-defined>
 0001:00000000       pendulumgui_initializer    0000000180001000 f   pendulumgui_sfun.obj
 0001:00000010       pendulumgui_terminator     0000000180001010 f   pendulumgui_sfun.obj
 0001:00000020       load_pendulumgui_optimization_info 0000000180001020 f   pendulumgui_sfun.obj
 0001:000000d0       unload_pendulumgui_optimization_info 00000001800010d0 f   pendulumgui_sfun.obj
 0001:00000100       sf_pendulumgui_method_dispatcher 0000000180001100 f   pendulumgui_sfun.obj
 0001:00000150       sf_pendulumgui_process_check_sum_call 0000000180001150 f   pendulumgui_sfun.obj
 0001:00000700       sf_pendulumgui_autoinheritance_info 0000000180001700 f   pendulumgui_sfun.obj
 0001:000008e0       sf_pendulumgui_get_eml_resolved_functions_info 00000001800018e0 f   pendulumgui_sfun.obj
 0001:00000a60       sf_pendulumgui_third_party_uses_info 0000000180001a60 f   pendulumgui_sfun.obj
 0001:00000c30       sf_pendulumgui_jit_fallback_info 0000000180001c30 f   pendulumgui_sfun.obj
 0001:00000e00       sf_pendulumgui_updateBuildInfo_args_info 0000000180001e00 f   pendulumgui_sfun.obj
 0001:00000fd0       pendulumgui_debug_initialize 0000000180001fd0 f   pendulumgui_sfun.obj
 0001:00001050       pendulumgui_register_exported_symbols 0000000180002050 f   pendulumgui_sfun.obj
 0001:00001060       sf_c9_pendulumgui_get_eml_resolved_functions_info 0000000180002060 f   c9_pendulumgui.obj
 0001:000010e0       sf_c9_pendulumgui_get_check_sum 00000001800020e0 f   c9_pendulumgui.obj
 0001:000011b0       c9_pendulumgui_method_dispatcher 00000001800021b0 f   c9_pendulumgui.obj
 0001:0000deb0       sf_c9_pendulumgui_get_post_codegen_info 000000018000eeb0 f   c9_pendulumgui.obj
 0001:0000df80       sf_c9_pendulumgui_get_autoinheritance_info 000000018000ef80 f   c9_pendulumgui.obj
 0001:0000f1b0       sf_c9_pendulumgui_third_party_uses_info 00000001800101b0 f   c9_pendulumgui.obj
 0001:0000f1e0       sf_c9_pendulumgui_jit_fallback_info 00000001800101e0 f   c9_pendulumgui.obj
 0001:0000f370       sf_c9_pendulumgui_updateBuildInfo_args_info 0000000180010370 f   c9_pendulumgui.obj
 0001:00010130       mexFunction                0000000180011130 f   pendulumgui_sfun_registry.obj
 0001:00011500       _ssSetInputPortDirectFeedThroughFcn 0000000180012500 f   pendulumgui_sfun_registry.obj
 0001:000116b0       _ssGetInputPortSignalPtrsFcn 00000001800126b0 f   pendulumgui_sfun_registry.obj
 0001:00011980       _ssGetInputPortSignalFcn   0000000180012980 f   pendulumgui_sfun_registry.obj
 0001:00011c50       _ssSetInputPortReusableFcn 0000000180012c50 f   pendulumgui_sfun_registry.obj
 0001:00011d30       _ssSetOutputPortReusableFcn 0000000180012d30 f   pendulumgui_sfun_registry.obj
 0001:00011e10       _ssSetSymbolicDimsSupport  0000000180012e10 f   pendulumgui_sfun_registry.obj
 0001:00011e80       _ssRegisterSymbolicDimsExpr 0000000180012e80 f   pendulumgui_sfun_registry.obj
 0001:00011f00       _ssRegisterSymbolicDims    0000000180012f00 f   pendulumgui_sfun_registry.obj
 0001:00011fa0       _ssRegisterSymbolicDimsString 0000000180012fa0 f   pendulumgui_sfun_registry.obj
 0001:00012020       _ssRegisterSymbolicDimsIntValue 0000000180013020 f   pendulumgui_sfun_registry.obj
 0001:00012090       _ssRegisterSymbolicDimsPlus 0000000180013090 f   pendulumgui_sfun_registry.obj
 0001:00012110       _ssRegisterSymbolicDimsMinus 0000000180013110 f   pendulumgui_sfun_registry.obj
 0001:00012190       _ssRegisterSymbolicDimsMultiply 0000000180013190 f   pendulumgui_sfun_registry.obj
 0001:00012210       _ssRegisterSymbolicDimsDivide 0000000180013210 f   pendulumgui_sfun_registry.obj
 0001:00012290       _ssGetNumSymbolicDims      0000000180013290 f   pendulumgui_sfun_registry.obj
 0001:00012300       _ssGetSymbolicDim          0000000180013300 f   pendulumgui_sfun_registry.obj
 0001:00012380       _ssSetInputPortSymbolicDimsId 0000000180013380 f   pendulumgui_sfun_registry.obj
 0001:000123f0       _ssGetCompInputPortSymbolicDimsId 00000001800133f0 f   pendulumgui_sfun_registry.obj
 0001:00012460       _ssSetCompInputPortSymbolicDimsId 0000000180013460 f   pendulumgui_sfun_registry.obj
 0001:000124d0       _ssSetOutputPortSymbolicDimsId 00000001800134d0 f   pendulumgui_sfun_registry.obj
 0001:00012540       _ssGetCompOutputPortSymbolicDimsId 0000000180013540 f   pendulumgui_sfun_registry.obj
 0001:000125b0       _ssSetCompOutputPortSymbolicDimsId 00000001800135b0 f   pendulumgui_sfun_registry.obj
 0001:00012620       _ssSetCompDWorkSymbolicDimsId 0000000180013620 f   pendulumgui_sfun_registry.obj
 0001:00012690       ssGetIsZeroCrossControlDisabled 0000000180013690 f   pendulumgui_sfun_registry.obj
 0001:00012700       ssSetIsInputPortUsedForContZcSignal 0000000180013700 f   pendulumgui_sfun_registry.obj
 0001:00012770       ssSetZcSignalIsZcElementDisc 0000000180013770 f   pendulumgui_sfun_registry.obj
 0001:00012820       ssSetZcSignalName          0000000180013820 f   pendulumgui_sfun_registry.obj
 0001:00012890       ssSetZcSignalWidth         0000000180013890 f   pendulumgui_sfun_registry.obj
 0001:00012900       ssSetZcSignalZcEventType   0000000180013900 f   pendulumgui_sfun_registry.obj
 0001:00012970       ssSetZcSignalType          0000000180013970 f   pendulumgui_sfun_registry.obj
 0001:000129e0       ssSetZcSignalZcTol         00000001800139e0 f   pendulumgui_sfun_registry.obj
 0001:00012a50       ssSetZcSignalNeedsEventNotification 0000000180013a50 f   pendulumgui_sfun_registry.obj
 0001:00012ac0       ssCreateAndAddZcSignalInfo 0000000180013ac0 f   pendulumgui_sfun_registry.obj
 0001:00012b30       ssCloneAndAddZcSignalInfo  0000000180013b30 f   pendulumgui_sfun_registry.obj
 0001:00012ba0       ssGetNumZcSignals          0000000180013ba0 f   pendulumgui_sfun_registry.obj
 0001:00012c10       ssGetZcSignalVector        0000000180013c10 f   pendulumgui_sfun_registry.obj
 0001:00012c80       ssGetZcSignalName          0000000180013c80 f   pendulumgui_sfun_registry.obj
 0001:00012cf0       ssGetZcSignalWidth         0000000180013cf0 f   pendulumgui_sfun_registry.obj
 0001:00012d60       ssGetZcSignalZcEventType   0000000180013d60 f   pendulumgui_sfun_registry.obj
 0001:00012dd0       ssGetZcSignalZcEvents      0000000180013dd0 f   pendulumgui_sfun_registry.obj
 0001:00012e40       ssGetZcSignalType          0000000180013e40 f   pendulumgui_sfun_registry.obj
 0001:00012eb0       ssGetZcSignalZcTol         0000000180013eb0 f   pendulumgui_sfun_registry.obj
 0001:00012f30       ssGetZcSignalNeedsEventNotification 0000000180013f30 f   pendulumgui_sfun_registry.obj
 0001:00012fa0       ssGetZcSignalIsZcElementDisc 0000000180013fa0 f   pendulumgui_sfun_registry.obj
 0001:00013040       ssGetIsInputPortElementContinuous 0000000180014040 f   pendulumgui_sfun_registry.obj
 0001:000130e0       ssGetDTypeIdFromMxArray    00000001800140e0 f   pendulumgui_sfun_registry.obj
 0001:00013200       ssWriteRTWStr              0000000180014200 f   pendulumgui_sfun_registry.obj
 0001:00013260       ssWriteRTWNameValuePair    0000000180014260 f   pendulumgui_sfun_registry.obj
 0001:00013760       ssWriteRTWParamSettings    0000000180014760 f   pendulumgui_sfun_registry.obj
 0001:00013e50       ssWriteRTWParameters       0000000180014e50 f   pendulumgui_sfun_registry.obj
 0001:00014420       ssWriteRTWWorkVect         0000000180015420 f   pendulumgui_sfun_registry.obj
 0001:00014910       ssWriteRTWMxVectParam      0000000180015910 f   pendulumgui_sfun_registry.obj
 0001:00014990       ssWriteRTWMx2dMatParam     0000000180015990 f   pendulumgui_sfun_registry.obj
 0001:00014a20       _ssSetInputPortMatrixDimensions 0000000180015a20 f   pendulumgui_sfun_registry.obj
 0001:00014b20       _ssSetOutputPortMatrixDimensions 0000000180015b20 f   pendulumgui_sfun_registry.obj
 0001:00014c20       _ssSetInputPortVectorDimension 0000000180015c20 f   pendulumgui_sfun_registry.obj
 0001:00014cd0       _ssSetOutputPortVectorDimension 0000000180015cd0 f   pendulumgui_sfun_registry.obj
 0001:00014d80       ssIsRunTimeParamTunable    0000000180015d80 f   pendulumgui_sfun_registry.obj
 0001:00014df0       ssGetSFuncBlockHandle      0000000180015df0 f   pendulumgui_sfun_registry.obj
 0001:00014e60       _ssGetCurrentInputPortWidth 0000000180015e60 f   pendulumgui_sfun_registry.obj
 0001:00014f80       _ssGetCurrentOutputPortWidth 0000000180015f80 f   pendulumgui_sfun_registry.obj
 0001:000150a0       _ssGetCallSystemNumFcnCallDestinations 00000001800160a0 f   pendulumgui_sfun_registry.obj
 0001:00015110       ssGetParameterTuningCompliance 0000000180016110 f   pendulumgui_sfun_registry.obj
 0001:00015180       ssWarning                  0000000180016180 f   pendulumgui_sfun_registry.obj
 0001:00015270       _ssGetAbsTol               0000000180016270 f   pendulumgui_sfun_registry.obj
 0001:000152e0       _ssSetStateAbsTol          00000001800162e0 f   pendulumgui_sfun_registry.obj
 0001:000153c0       sf_process_check_sum_call  00000001800163c0 f   pendulumgui_sfun_registry.obj
 0001:00015410       sf_process_autoinheritance_call 0000000180016410 f   pendulumgui_sfun_registry.obj
 0001:00015640       sf_process_get_third_party_uses_info_call 0000000180016640 f   pendulumgui_sfun_registry.obj
 0001:00015870       sf_process_get_jit_fallback_info_call 0000000180016870 f   pendulumgui_sfun_registry.obj
 0001:00015aa0       sf_process_get_updateBuildInfo_args_info_call 0000000180016aa0 f   pendulumgui_sfun_registry.obj
 0001:00015cd0       sf_process_get_eml_resolved_functions_info_call 0000000180016cd0 f   pendulumgui_sfun_registry.obj
 0001:00015ed0       sf_mex_unlock_call         0000000180016ed0 f   pendulumgui_sfun_registry.obj
 0001:00016170       sf_machine_global_initializer_called 0000000180017170 f   pendulumgui_sfun_registry.obj
 0001:000161a0       sf_machine_global_method_dispatcher 00000001800171a0 f   pendulumgui_sfun_registry.obj
 0001:00016200       sf_machine_global_terminator 0000000180017200 f   pendulumgui_sfun_registry.obj
 0001:00016250       sf_register_machine_exported_symbols 0000000180017250 f   pendulumgui_sfun_registry.obj
 0001:00016270       callCustomFcn              0000000180017270 f   pendulumgui_sfun_registry.obj
 0001:00016280       sf_machine_global_initializer 0000000180017280 f   pendulumgui_sfun_registry.obj
 0001:00016300       mdlGetSimState             0000000180017300 f   pendulumgui_sfun_registry.obj
 0001:00016340       mdlSetSimState             0000000180017340 f   pendulumgui_sfun_registry.obj
 0001:00016ba0       ProcessMexSfunctionEveryCall 0000000180017ba0 f   pendulumgui_sfun_registry.obj
 0001:000178a6       sf_load_rtw_optimization_info 00000001800188a6 f   sf_runtime:sf_runtime.dll
 0001:000178ac       sf_debug_initialize_machine 00000001800188ac f   sf_runtime:sf_runtime.dll
 0001:000178b2       sf_debug_set_machine_event_thresholds 00000001800188b2 f   sf_runtime:sf_runtime.dll
 0001:000178b8       sf_debug_set_machine_data_thresholds 00000001800188b8 f   sf_runtime:sf_runtime.dll
 0001:000178be       sf_init_ChartRunTimeInfo   00000001800188be f   sf_runtime:sf_runtime.dll
 0001:000178c4       sf_free_ChartRunTimeInfo   00000001800188c4 f   sf_runtime:sf_runtime.dll
 0001:000178ca       sf_get_chart_instance_ptr  00000001800188ca f   sf_runtime:sf_runtime.dll
 0001:000178d0       sf_rtw_info_uint_prop      00000001800188d0 f   sf_runtime:sf_runtime.dll
 0001:000178d6       sf_update_buildInfo        00000001800188d6 f   sf_runtime:sf_runtime.dll
 0001:000178dc       sf_is_chart_inlinable      00000001800188dc f   sf_runtime:sf_runtime.dll
 0001:000178e2       sf_mark_chart_reusable_outputs 00000001800188e2 f   sf_runtime:sf_runtime.dll
 0001:000178e8       sf_mark_chart_expressionable_inputs 00000001800188e8 f   sf_runtime:sf_runtime.dll
 0001:000178ee       sim_mode_is_rtw_gen        00000001800188ee f   sf_runtime:sf_runtime.dll
 0001:000178f4       sim_mode_is_external       00000001800188f4 f   sf_runtime:sf_runtime.dll
 0001:000178fa       sim_mode_is_modelref_sim   00000001800188fa f   sf_runtime:sf_runtime.dll
 0001:00017900       sf_clear_rtw_identifier    0000000180018900 f   sf_runtime:sf_runtime.dll
 0001:00017906       sf_set_rtw_dwork_info      0000000180018906 f   sf_runtime:sf_runtime.dll
 0001:0001790c       sf_get_time                000000018001890c f   sf_runtime:sf_runtime.dll
 0001:00017912       sf_is_first_init_cond      0000000180018912 f   sf_runtime:sf_runtime.dll
 0001:00017918       sf_set_chart_accesses_machine_info 0000000180018918 f   sf_runtime:sf_runtime.dll
 0001:0001791e       sf_mex_call_debug          000000018001891e f   sf_runtime:sf_runtime.dll
 0001:00017924       sf_mex_error_message       0000000180018924 f   sf_runtime:sf_runtime.dll
 0001:0001792a       sf_mex_create              000000018001892a f   sf_runtime:sf_runtime.dll
 0001:00017930       sf_mex_createcellmatrix    0000000180018930 f   sf_runtime:sf_runtime.dll
 0001:00017936       sf_mex_setcell             0000000180018936 f   sf_runtime:sf_runtime.dll
 0001:0001793c       sf_mex_getcell             000000018001893c f   sf_runtime:sf_runtime.dll
 0001:00017942       sf_mex_assign              0000000180018942 f   sf_runtime:sf_runtime.dll
 0001:00017948       sf_mex_dup                 0000000180018948 f   sf_runtime:sf_runtime.dll
 0001:0001794e       sf_mex_destroy             000000018001894e f   sf_runtime:sf_runtime.dll
 0001:00017954       sf_mex_import              0000000180018954 f   sf_runtime:sf_runtime.dll
 0001:0001795a       sf_mex_import_vs           000000018001895a f   sf_runtime:sf_runtime.dll
 0001:00017960       sf_mex_decode_encoded_mx_struct_array 0000000180018960 f   sf_runtime:sf_runtime.dll
 0001:00017966       ssGetSFcnDataStoreNameAddrIdx_wrapper 0000000180018966 f   sf_runtime:sf_runtime.dll
 0001:0001796c       ssReadFromDataStoreElement_wrapper 000000018001896c f   sf_runtime:sf_runtime.dll
 0001:00017972       ssWriteToDataStoreElement_wrapper 0000000180018972 f   sf_runtime:sf_runtime.dll
 0001:00017978       ssUpdateDataStoreLog_wrapper 0000000180018978 f   sf_runtime:sf_runtime.dll
 0001:0001797e       ssGetInputPortSignal_wrapper 000000018001897e f   sf_runtime:sf_runtime.dll
 0001:00017984       ssGetOutputPortSignal_wrapper 0000000180018984 f   sf_runtime:sf_runtime.dll
 0001:0001798a       sf_debug_initialize_chart  000000018001898a f   sf_runtime:sf_runtime.dll
 0001:00017990       sf_debug_call              0000000180018990 f   sf_runtime:sf_runtime.dll
 0001:00017996       eml_debug_line_call        0000000180018996 f   sf_runtime:sf_runtime.dll
 0001:0001799c       cv_eml_eval                000000018001899c f   sf_runtime:sf_runtime.dll
 0001:000179a2       cv_eval_relational         00000001800189a2 f   sf_runtime:sf_runtime.dll
 0001:000179a8       cv_eml_init_script         00000001800189a8 f   sf_runtime:sf_runtime.dll
 0001:000179ae       cv_eml_init_fcn            00000001800189ae f   sf_runtime:sf_runtime.dll
 0001:000179b4       cv_eml_init_if             00000001800189b4 f   sf_runtime:sf_runtime.dll
 0001:000179ba       cv_eml_init_mcdc           00000001800189ba f   sf_runtime:sf_runtime.dll
 0001:000179c0       cv_eml_init_relational     00000001800189c0 f   sf_runtime:sf_runtime.dll
 0001:000179c6       sf_debug_reset_current_state_configuration 00000001800189c6 f   sf_runtime:sf_runtime.dll
 0001:000179cc       sf_debug_check_for_state_inconsistency 00000001800189cc f   sf_runtime:sf_runtime.dll
 0001:000179d2       sf_debug_set_chart_data_props 00000001800189d2 f   sf_runtime:sf_runtime.dll
 0001:000179d8       sf_debug_set_chart_data_compiled_props 00000001800189d8 f   sf_runtime:sf_runtime.dll
 0001:000179de       sf_debug_symbol_scope_push 00000001800189de f   sf_runtime:sf_runtime.dll
 0001:000179e4       sf_debug_symbol_scope_push_eml 00000001800189e4 f   sf_runtime:sf_runtime.dll
 0001:000179ea       sf_debug_symbol_scope_pop  00000001800189ea f   sf_runtime:sf_runtime.dll
 0001:000179f0       sf_debug_symbol_scope_add_eml 00000001800189f0 f   sf_runtime:sf_runtime.dll
 0001:000179f6       sf_debug_symbol_scope_add_eml_importable 00000001800189f6 f   sf_runtime:sf_runtime.dll
 0001:000179fc       sf_debug_symbol_scope_add_eml_dyn_importable 00000001800189fc f   sf_runtime:sf_runtime.dll
 0001:00017a02       sf_debug_symbol_switch     0000000180018a02 f   sf_runtime:sf_runtime.dll
 0001:00017a08       sf_debug_set_instance_data_value_ptr 0000000180018a08 f   sf_runtime:sf_runtime.dll
 0001:00017a0e       sf_debug_set_chart_disable_implicit_casting 0000000180018a0e f   sf_runtime:sf_runtime.dll
 0001:00017a14       sf_debug_set_chart_event_thresholds 0000000180018a14 f   sf_runtime:sf_runtime.dll
 0001:00017a1a       sf_debug_set_chart_state_info 0000000180018a1a f   sf_runtime:sf_runtime.dll
 0001:00017a20       sf_debug_set_chart_decomposition 0000000180018a20 f   sf_runtime:sf_runtime.dll
 0001:00017a26       sf_debug_set_chart_substate_count 0000000180018a26 f   sf_runtime:sf_runtime.dll
 0001:00017a2c       sf_debug_data_range_wrapper 0000000180018a2c f   sf_runtime:sf_runtime.dll
 0001:00017a32       sf_debug_cv_init_trans     0000000180018a32 f   sf_runtime:sf_runtime.dll
 0001:00017a38       sf_debug_cv_init_chart     0000000180018a38 f   sf_runtime:sf_runtime.dll
 0001:00017a3e       sf_debug_cv_init_state     0000000180018a3e f   sf_runtime:sf_runtime.dll
 0001:00017a44       sf_get_ChartInfoStruct_CodeGen 0000000180018a44 f   sf_runtime:sf_runtime.dll
 0001:00017a4a       sf_get_isEnhancedMooreMachine 0000000180018a4a f   sf_runtime:sf_runtime.dll
 0001:00017a50       sf_set_compiledInfo        0000000180018a50 f   sf_runtime:sf_runtime.dll
 0001:00017a56       callMdlMethodAndReportError 0000000180018a56 f   sf_runtime:sf_runtime.dll
 0001:00017a5c       call_sf_machine_global_method_dispatcher 0000000180018a5c f   sf_runtime:sf_runtime.dll
 0001:00017a62       sf_mex_error_direct_call   0000000180018a62 f   sf_runtime:sf_runtime.dll
 0001:00017a68       sf_clear_error_manager_info 0000000180018a68 f   sf_runtime:sf_runtime.dll
 0001:00017a6e       sf_debug_create_debug_instance_struct 0000000180018a6e f   sf_runtime:sf_runtime.dll
 0001:00017a74       sf_debug_terminate         0000000180018a74 f   sf_runtime:sf_runtime.dll
 0001:00017a7a       sf_debug_api               0000000180018a7a f   sf_runtime:sf_runtime.dll
 0001:00017a80       mxIsChar                   0000000180018a80 f   libmx:libmx.dll
 0001:00017a86       mxGetPr                    0000000180018a86 f   libmx:libmx.dll
 0001:00017a8c       mxGetScalar                0000000180018a8c f   libmx:libmx.dll
 0001:00017a92       mxDestroyArray             0000000180018a92 f   libmx:libmx.dll
 0001:00017a98       mxCreateDoubleMatrix_730   0000000180018a98 f   libmx:libmx.dll
 0001:00017a9e       mxGetString_730            0000000180018a9e f   libmx:libmx.dll
 0001:00017aa4       mxDuplicateArray           0000000180018aa4 f   libmx:libmx.dll
 0001:00017aaa       mxSetField_730             0000000180018aaa f   libmx:libmx.dll
 0001:00017ab0       mxCreateDoubleScalar       0000000180018ab0 f   libmx:libmx.dll
 0001:00017ab6       mxCreateString             0000000180018ab6 f   libmx:libmx.dll
 0001:00017abc       mxCreateCellMatrix_730     0000000180018abc f   libmx:libmx.dll
 0001:00017ac2       mxCreateCellArray_730      0000000180018ac2 f   libmx:libmx.dll
 0001:00017ac8       mxCreateStructMatrix_730   0000000180018ac8 f   libmx:libmx.dll
 0001:00017ace       mxCreateStructArray_730    0000000180018ace f   libmx:libmx.dll
 0001:00017ad4       mxCalloc                   0000000180018ad4 f   libmx:libmx.dll
 0001:00017ada       mxGetM                     0000000180018ada f   libmx:libmx.dll
 0001:00017ae0       mxGetClassID               0000000180018ae0 f   libmx:libmx.dll
 0001:00017ae6       mxIsNumeric                0000000180018ae6 f   libmx:libmx.dll
 0001:00017aec       mxIsComplex                0000000180018aec f   libmx:libmx.dll
 0001:00017af2       mxGetN                     0000000180018af2 f   libmx:libmx.dll
 0001:00017af8       mexMakeArrayPersistent     0000000180018af8 f   libmex:libmex.dll
 0001:00017afe       mexErrMsgTxt               0000000180018afe f   libmex:libmex.dll
 0001:00017b04       mexWarnMsgTxt              0000000180018b04 f   libmex:libmex.dll
 0001:00017b0a       mexCallMATLABWithObject    0000000180018b0a f   libmex:libmex.dll
 0001:00017b10       mexLock                    0000000180018b10 f   libmex:libmex.dll
 0001:00017b16       mexUnlock                  0000000180018b16 f   libmex:libmex.dll
 0001:00017b1c       mexIsLocked                0000000180018b1c f   libmex:libmex.dll
 0001:00017b22       utMalloc                   0000000180018b22 f   libut:libut.dll
 0001:00017b28       utFree                     0000000180018b28 f   libut:libut.dll
 0001:00017b2e       muDoubleScalarAbs          0000000180018b2e f   libmwmathutil:libmwmathutil.dll
 0001:00017b34       muDoubleScalarCos          0000000180018b34 f   libmwmathutil:libmwmathutil.dll
 0001:00017b3a       muDoubleScalarSin          0000000180018b3a f   libmwmathutil:libmwmathutil.dll
 0001:00017b40       muDoubleScalarSign         0000000180018b40 f   libmwmathutil:libmwmathutil.dll
 0001:00017b46       muDoubleScalarIsNaN        0000000180018b46 f   libmwmathutil:libmwmathutil.dll
 0001:00017b4c       __raise_securityfailure    0000000180018b4c f   MSVCRT:gs_report.obj
 0001:00017b98       __report_gsfailure         0000000180018b98 f   MSVCRT:gs_report.obj
 0001:00017c6c       __report_rangecheckfailure 0000000180018c6c f   MSVCRT:gs_report.obj
 0001:00017c80       __report_securityfailure   0000000180018c80 f   MSVCRT:gs_report.obj
 0001:00017d1c       __report_securityfailureEx 0000000180018d1c f   MSVCRT:gs_report.obj
 0001:00017e2a       strcmp                     0000000180018e2a f   MSVCRT:MSVCR120.dll
 0001:00017e30       __GSHandlerCheck           0000000180018e30 f   MSVCRT:gshandler.obj
 0001:00017e50       __GSHandlerCheckCommon     0000000180018e50 f   MSVCRT:gshandler.obj
 0001:00017ed0       __security_check_cookie    0000000180018ed0 f   MSVCRT:amdsecgs.obj
 0001:00017ef0       memset                     0000000180018ef0 f   MSVCRT:MSVCR120.dll
 0001:00017ef6       memcpy                     0000000180018ef6 f   MSVCRT:MSVCR120.dll
 0001:00017efc       strcat                     0000000180018efc f   MSVCRT:MSVCR120.dll
 0001:00017f02       strlen                     0000000180018f02 f   MSVCRT:MSVCR120.dll
 0001:00017f08       sprintf                    0000000180018f08 f   MSVCRT:MSVCR120.dll
 0001:00017f0e       free                       0000000180018f0e f   MSVCRT:MSVCR120.dll
 0001:00017f14       malloc                     0000000180018f14 f   MSVCRT:MSVCR120.dll
 0001:00017f7c       NtCurrentTeb               0000000180018f7c f i MSVCRT:crtdll.obj
 0001:00017f88       _CRT_INIT                  0000000180018f88 f   MSVCRT:crtdll.obj
 0001:000181d4       _DllMainCRTStartup         00000001800191d4 f   MSVCRT:crtdll.obj
 0001:0001834a       __crt_debugger_hook        000000018001934a f   MSVCRT:MSVCR120.dll
 0001:00018350       __crtUnhandledException    0000000180019350 f   MSVCRT:MSVCR120.dll
 0001:00018356       __crtTerminateProcess      0000000180019356 f   MSVCRT:MSVCR120.dll
 0001:0001835c       __crtCaptureCurrentContext 000000018001935c f   MSVCRT:MSVCR120.dll
 0001:00018362       __crtCapturePreviousContext 0000000180019362 f   MSVCRT:MSVCR120.dll
 0001:00018368       __CppXcptFilter            0000000180019368 f   MSVCRT:MSVCR120.dll
 0001:0001836e       _amsg_exit                 000000018001936e f   MSVCRT:MSVCR120.dll
 0001:00018380       _FindPESection             0000000180019380 f   MSVCRT:pesect.obj
 0001:000183d0       _IsNonwritableInCurrentImage 00000001800193d0 f   MSVCRT:pesect.obj
 0001:00018420       _ValidateImageBase         0000000180019420 f   MSVCRT:pesect.obj
 0001:00018450       __atonexitinit             0000000180019450 f   MSVCRT:atonexit.obj
 0001:000184a0       _onexit                    00000001800194a0 f   MSVCRT:atonexit.obj
 0001:00018550       atexit                     0000000180019550 f   MSVCRT:atonexit.obj
 0001:00018568       __security_init_cookie     0000000180019568 f   MSVCRT:gs_support.obj
 0001:00018614       DllMain                    0000000180019614 f   MSVCRT:dllmain.obj
 0001:00018638       _malloc_crt                0000000180019638 f   MSVCRT:MSVCR120.dll
 0001:00018640       _RTC_Initialize            0000000180019640 f   MSVCRT:initsect.obj
 0001:00018678       _RTC_Terminate             0000000180019678 f   MSVCRT:initsect.obj
 0001:000186b0       _initterm                  00000001800196b0 f   MSVCRT:MSVCR120.dll
 0001:000186b6       _initterm_e                00000001800196b6 f   MSVCRT:MSVCR120.dll
 0001:000186bc       __clean_type_info_names    00000001800196bc f   MSVCRT:tncleanup.obj
 0001:000186c8       __C_specific_handler       00000001800196c8 f   MSVCRT:MSVCR120.dll
 0001:000186ce       _lock                      00000001800196ce f   MSVCRT:MSVCR120.dll
 0001:000186d4       _unlock                    00000001800196d4 f   MSVCRT:MSVCR120.dll
 0001:000186da       _calloc_crt                00000001800196da f   MSVCRT:MSVCR120.dll
 0001:000186e0       __dllonexit                00000001800196e0 f   MSVCRT:MSVCR120.dll
 0001:000186e6       __clean_type_info_names_internal 00000001800196e6 f   MSVCRT:MSVCR120.dll
 0001:000186ec       IsDebuggerPresent          00000001800196ec f   kernel32:KERNEL32.dll
 0001:000186f2       IsProcessorFeaturePresent  00000001800196f2 f   kernel32:KERNEL32.dll
 0001:000186f8       EncodePointer              00000001800196f8 f   kernel32:KERNEL32.dll
 0001:000186fe       DecodePointer              00000001800196fe f   kernel32:KERNEL32.dll
 0001:00018704       QueryPerformanceCounter    0000000180019704 f   kernel32:KERNEL32.dll
 0001:0001870a       GetCurrentProcessId        000000018001970a f   kernel32:KERNEL32.dll
 0001:00018710       GetCurrentThreadId         0000000180019710 f   kernel32:KERNEL32.dll
 0001:00018716       GetSystemTimeAsFileTime    0000000180019716 f   kernel32:KERNEL32.dll
 0001:0001871c       DisableThreadLibraryCalls  000000018001971c f   kernel32:KERNEL32.dll
 0002:00000000       __imp_GetSystemTimeAsFileTime 000000018001a000     kernel32:KERNEL32.dll
 0002:00000008       __imp_GetCurrentThreadId   000000018001a008     kernel32:KERNEL32.dll
 0002:00000010       __imp_GetCurrentProcessId  000000018001a010     kernel32:KERNEL32.dll
 0002:00000018       __imp_QueryPerformanceCounter 000000018001a018     kernel32:KERNEL32.dll
 0002:00000020       __imp_DecodePointer        000000018001a020     kernel32:KERNEL32.dll
 0002:00000028       __imp_EncodePointer        000000018001a028     kernel32:KERNEL32.dll
 0002:00000030       __imp_IsProcessorFeaturePresent 000000018001a030     kernel32:KERNEL32.dll
 0002:00000038       __imp_IsDebuggerPresent    000000018001a038     kernel32:KERNEL32.dll
 0002:00000040       __imp_DisableThreadLibraryCalls 000000018001a040     kernel32:KERNEL32.dll
 0002:00000048       \177KERNEL32_NULL_THUNK_DATA 000000018001a048     kernel32:KERNEL32.dll
 0002:00000050       __imp___clean_type_info_names_internal 000000018001a050     MSVCRT:MSVCR120.dll
 0002:00000058       __imp__onexit              000000018001a058     MSVCRT:MSVCR120.dll
 0002:00000060       __imp___dllonexit          000000018001a060     MSVCRT:MSVCR120.dll
 0002:00000068       __imp__calloc_crt          000000018001a068     MSVCRT:MSVCR120.dll
 0002:00000070       __imp__unlock              000000018001a070     MSVCRT:MSVCR120.dll
 0002:00000078       __imp__lock                000000018001a078     MSVCRT:MSVCR120.dll
 0002:00000080       __imp___C_specific_handler 000000018001a080     MSVCRT:MSVCR120.dll
 0002:00000088       __imp__initterm_e          000000018001a088     MSVCRT:MSVCR120.dll
 0002:00000090       __imp__initterm            000000018001a090     MSVCRT:MSVCR120.dll
 0002:00000098       __imp__malloc_crt          000000018001a098     MSVCRT:MSVCR120.dll
 0002:000000a0       __imp__amsg_exit           000000018001a0a0     MSVCRT:MSVCR120.dll
 0002:000000a8       __imp___CppXcptFilter      000000018001a0a8     MSVCRT:MSVCR120.dll
 0002:000000b0       __imp___crtCapturePreviousContext 000000018001a0b0     MSVCRT:MSVCR120.dll
 0002:000000b8       __imp___crtCaptureCurrentContext 000000018001a0b8     MSVCRT:MSVCR120.dll
 0002:000000c0       __imp___crtTerminateProcess 000000018001a0c0     MSVCRT:MSVCR120.dll
 0002:000000c8       __imp___crtUnhandledException 000000018001a0c8     MSVCRT:MSVCR120.dll
 0002:000000d0       __imp___crt_debugger_hook  000000018001a0d0     MSVCRT:MSVCR120.dll
 0002:000000d8       __imp_malloc               000000018001a0d8     MSVCRT:MSVCR120.dll
 0002:000000e0       __imp_free                 000000018001a0e0     MSVCRT:MSVCR120.dll
 0002:000000e8       __imp_sprintf              000000018001a0e8     MSVCRT:MSVCR120.dll
 0002:000000f0       __imp_strlen               000000018001a0f0     MSVCRT:MSVCR120.dll
 0002:000000f8       __imp_strcat               000000018001a0f8     MSVCRT:MSVCR120.dll
 0002:00000100       __imp_memcpy               000000018001a100     MSVCRT:MSVCR120.dll
 0002:00000108       __imp_memset               000000018001a108     MSVCRT:MSVCR120.dll
 0002:00000110       __imp_strcmp               000000018001a110     MSVCRT:MSVCR120.dll
 0002:00000118       \177MSVCR120_NULL_THUNK_DATA 000000018001a118     MSVCRT:MSVCR120.dll
 0002:00000120       __imp_mexIsLocked          000000018001a120     libmex:libmex.dll
 0002:00000128       __imp_mexErrMsgTxt         000000018001a128     libmex:libmex.dll
 0002:00000130       __imp_mexWarnMsgTxt        000000018001a130     libmex:libmex.dll
 0002:00000138       __imp_mexCallMATLABWithObject 000000018001a138     libmex:libmex.dll
 0002:00000140       __imp_mexLock              000000018001a140     libmex:libmex.dll
 0002:00000148       __imp_mexUnlock            000000018001a148     libmex:libmex.dll
 0002:00000150       __imp_mexMakeArrayPersistent 000000018001a150     libmex:libmex.dll
 0002:00000158       \177libmex_NULL_THUNK_DATA 000000018001a158     libmex:libmex.dll
 0002:00000160       __imp_muDoubleScalarCos    000000018001a160     libmwmathutil:libmwmathutil.dll
 0002:00000168       __imp_muDoubleScalarSin    000000018001a168     libmwmathutil:libmwmathutil.dll
 0002:00000170       __imp_muDoubleScalarSign   000000018001a170     libmwmathutil:libmwmathutil.dll
 0002:00000178       __imp_muDoubleScalarIsNaN  000000018001a178     libmwmathutil:libmwmathutil.dll
 0002:00000180       __imp_muDoubleScalarAbs    000000018001a180     libmwmathutil:libmwmathutil.dll
 0002:00000188       \177libmwmathutil_NULL_THUNK_DATA 000000018001a188     libmwmathutil:libmwmathutil.dll
 0002:00000190       __imp_mxGetN               000000018001a190     libmx:libmx.dll
 0002:00000198       __imp_mxIsComplex          000000018001a198     libmx:libmx.dll
 0002:000001a0       __imp_mxIsNumeric          000000018001a1a0     libmx:libmx.dll
 0002:000001a8       __imp_mxGetClassID         000000018001a1a8     libmx:libmx.dll
 0002:000001b0       __imp_mxGetM               000000018001a1b0     libmx:libmx.dll
 0002:000001b8       __imp_mxCalloc             000000018001a1b8     libmx:libmx.dll
 0002:000001c0       __imp_mxCreateStructArray_730 000000018001a1c0     libmx:libmx.dll
 0002:000001c8       __imp_mxCreateStructMatrix_730 000000018001a1c8     libmx:libmx.dll
 0002:000001d0       __imp_mxCreateCellArray_730 000000018001a1d0     libmx:libmx.dll
 0002:000001d8       __imp_mxCreateCellMatrix_730 000000018001a1d8     libmx:libmx.dll
 0002:000001e0       __imp_mxCreateString       000000018001a1e0     libmx:libmx.dll
 0002:000001e8       __imp_mxCreateDoubleScalar 000000018001a1e8     libmx:libmx.dll
 0002:000001f0       __imp_mxSetField_730       000000018001a1f0     libmx:libmx.dll
 0002:000001f8       __imp_mxDuplicateArray     000000018001a1f8     libmx:libmx.dll
 0002:00000200       __imp_mxGetString_730      000000018001a200     libmx:libmx.dll
 0002:00000208       __imp_mxCreateDoubleMatrix_730 000000018001a208     libmx:libmx.dll
 0002:00000210       __imp_mxDestroyArray       000000018001a210     libmx:libmx.dll
 0002:00000218       __imp_mxGetScalar          000000018001a218     libmx:libmx.dll
 0002:00000220       __imp_mxIsChar             000000018001a220     libmx:libmx.dll
 0002:00000228       __imp_mxGetPr              000000018001a228     libmx:libmx.dll
 0002:00000230       \177libmx_NULL_THUNK_DATA  000000018001a230     libmx:libmx.dll
 0002:00000238       __imp_utMalloc             000000018001a238     libut:libut.dll
 0002:00000240       __imp_utFree               000000018001a240     libut:libut.dll
 0002:00000248       \177libut_NULL_THUNK_DATA  000000018001a248     libut:libut.dll
 0002:00000250       __imp_sf_mex_error_direct_call 000000018001a250     sf_runtime:sf_runtime.dll
 0002:00000258       __imp_sf_clear_error_manager_info 000000018001a258     sf_runtime:sf_runtime.dll
 0002:00000260       __imp_sf_is_chart_inlinable 000000018001a260     sf_runtime:sf_runtime.dll
 0002:00000268       __imp_sf_get_isEnhancedMooreMachine 000000018001a268     sf_runtime:sf_runtime.dll
 0002:00000270       __imp_sf_debug_api         000000018001a270     sf_runtime:sf_runtime.dll
 0002:00000278       __imp_sf_get_ChartInfoStruct_CodeGen 000000018001a278     sf_runtime:sf_runtime.dll
 0002:00000280       __imp_sf_mark_chart_reusable_outputs 000000018001a280     sf_runtime:sf_runtime.dll
 0002:00000288       __imp_sf_debug_cv_init_state 000000018001a288     sf_runtime:sf_runtime.dll
 0002:00000290       __imp_sf_debug_cv_init_chart 000000018001a290     sf_runtime:sf_runtime.dll
 0002:00000298       __imp_sf_debug_cv_init_trans 000000018001a298     sf_runtime:sf_runtime.dll
 0002:000002a0       __imp_sf_debug_data_range_wrapper 000000018001a2a0     sf_runtime:sf_runtime.dll
 0002:000002a8       __imp_sf_debug_set_chart_substate_count 000000018001a2a8     sf_runtime:sf_runtime.dll
 0002:000002b0       __imp_sf_debug_set_chart_decomposition 000000018001a2b0     sf_runtime:sf_runtime.dll
 0002:000002b8       __imp_sf_debug_set_chart_state_info 000000018001a2b8     sf_runtime:sf_runtime.dll
 0002:000002c0       __imp_sf_debug_set_chart_event_thresholds 000000018001a2c0     sf_runtime:sf_runtime.dll
 0002:000002c8       __imp_sf_debug_set_chart_disable_implicit_casting 000000018001a2c8     sf_runtime:sf_runtime.dll
 0002:000002d0       __imp_call_sf_machine_global_method_dispatcher 000000018001a2d0     sf_runtime:sf_runtime.dll
 0002:000002d8       __imp_sf_debug_symbol_switch 000000018001a2d8     sf_runtime:sf_runtime.dll
 0002:000002e0       __imp_sf_debug_symbol_scope_add_eml_dyn_importable 000000018001a2e0     sf_runtime:sf_runtime.dll
 0002:000002e8       __imp_sf_debug_symbol_scope_add_eml_importable 000000018001a2e8     sf_runtime:sf_runtime.dll
 0002:000002f0       __imp_sf_debug_symbol_scope_add_eml 000000018001a2f0     sf_runtime:sf_runtime.dll
 0002:000002f8       __imp_sf_debug_symbol_scope_pop 000000018001a2f8     sf_runtime:sf_runtime.dll
 0002:00000300       __imp_sf_debug_symbol_scope_push_eml 000000018001a300     sf_runtime:sf_runtime.dll
 0002:00000308       __imp_sf_debug_symbol_scope_push 000000018001a308     sf_runtime:sf_runtime.dll
 0002:00000310       __imp_sf_debug_set_chart_data_compiled_props 000000018001a310     sf_runtime:sf_runtime.dll
 0002:00000318       __imp_sf_debug_set_chart_data_props 000000018001a318     sf_runtime:sf_runtime.dll
 0002:00000320       __imp_sf_debug_check_for_state_inconsistency 000000018001a320     sf_runtime:sf_runtime.dll
 0002:00000328       __imp_sf_debug_reset_current_state_configuration 000000018001a328     sf_runtime:sf_runtime.dll
 0002:00000330       __imp_cv_eml_init_relational 000000018001a330     sf_runtime:sf_runtime.dll
 0002:00000338       __imp_cv_eml_init_mcdc     000000018001a338     sf_runtime:sf_runtime.dll
 0002:00000340       __imp_cv_eml_init_if       000000018001a340     sf_runtime:sf_runtime.dll
 0002:00000348       __imp_cv_eml_init_fcn      000000018001a348     sf_runtime:sf_runtime.dll
 0002:00000350       __imp_cv_eml_init_script   000000018001a350     sf_runtime:sf_runtime.dll
 0002:00000358       __imp_cv_eval_relational   000000018001a358     sf_runtime:sf_runtime.dll
 0002:00000360       __imp_callMdlMethodAndReportError 000000018001a360     sf_runtime:sf_runtime.dll
 0002:00000368       __imp_sf_debug_set_instance_data_value_ptr 000000018001a368     sf_runtime:sf_runtime.dll
 0002:00000370       __imp_sf_set_compiledInfo  000000018001a370     sf_runtime:sf_runtime.dll
 0002:00000378       __imp_cv_eml_eval          000000018001a378     sf_runtime:sf_runtime.dll
 0002:00000380       __imp_eml_debug_line_call  000000018001a380     sf_runtime:sf_runtime.dll
 0002:00000388       __imp_sf_debug_call        000000018001a388     sf_runtime:sf_runtime.dll
 0002:00000390       __imp_sf_debug_initialize_chart 000000018001a390     sf_runtime:sf_runtime.dll
 0002:00000398       __imp_ssGetOutputPortSignal_wrapper 000000018001a398     sf_runtime:sf_runtime.dll
 0002:000003a0       __imp_ssGetInputPortSignal_wrapper 000000018001a3a0     sf_runtime:sf_runtime.dll
 0002:000003a8       __imp_ssUpdateDataStoreLog_wrapper 000000018001a3a8     sf_runtime:sf_runtime.dll
 0002:000003b0       __imp_ssWriteToDataStoreElement_wrapper 000000018001a3b0     sf_runtime:sf_runtime.dll
 0002:000003b8       __imp_ssReadFromDataStoreElement_wrapper 000000018001a3b8     sf_runtime:sf_runtime.dll
 0002:000003c0       __imp_ssGetSFcnDataStoreNameAddrIdx_wrapper 000000018001a3c0     sf_runtime:sf_runtime.dll
 0002:000003c8       __imp_sf_mex_decode_encoded_mx_struct_array 000000018001a3c8     sf_runtime:sf_runtime.dll
 0002:000003d0       __imp_sf_mex_import_vs     000000018001a3d0     sf_runtime:sf_runtime.dll
 0002:000003d8       __imp_sf_mex_import        000000018001a3d8     sf_runtime:sf_runtime.dll
 0002:000003e0       __imp_sf_mex_destroy       000000018001a3e0     sf_runtime:sf_runtime.dll
 0002:000003e8       __imp_sf_mex_dup           000000018001a3e8     sf_runtime:sf_runtime.dll
 0002:000003f0       __imp_sf_mex_assign        000000018001a3f0     sf_runtime:sf_runtime.dll
 0002:000003f8       __imp_sf_mex_getcell       000000018001a3f8     sf_runtime:sf_runtime.dll
 0002:00000400       __imp_sf_mex_setcell       000000018001a400     sf_runtime:sf_runtime.dll
 0002:00000408       __imp_sf_mex_createcellmatrix 000000018001a408     sf_runtime:sf_runtime.dll
 0002:00000410       __imp_sf_mex_create        000000018001a410     sf_runtime:sf_runtime.dll
 0002:00000418       __imp_sf_mex_error_message 000000018001a418     sf_runtime:sf_runtime.dll
 0002:00000420       __imp_sf_mex_call_debug    000000018001a420     sf_runtime:sf_runtime.dll
 0002:00000428       __imp_sf_set_chart_accesses_machine_info 000000018001a428     sf_runtime:sf_runtime.dll
 0002:00000430       __imp_sf_is_first_init_cond 000000018001a430     sf_runtime:sf_runtime.dll
 0002:00000438       __imp_sf_get_time          000000018001a438     sf_runtime:sf_runtime.dll
 0002:00000440       __imp_sf_set_rtw_dwork_info 000000018001a440     sf_runtime:sf_runtime.dll
 0002:00000448       __imp_sf_clear_rtw_identifier 000000018001a448     sf_runtime:sf_runtime.dll
 0002:00000450       __imp_sim_mode_is_modelref_sim 000000018001a450     sf_runtime:sf_runtime.dll
 0002:00000458       __imp_sim_mode_is_external 000000018001a458     sf_runtime:sf_runtime.dll
 0002:00000460       __imp_sim_mode_is_rtw_gen  000000018001a460     sf_runtime:sf_runtime.dll
 0002:00000468       __imp_sf_mark_chart_expressionable_inputs 000000018001a468     sf_runtime:sf_runtime.dll
 0002:00000470       __imp_sf_debug_terminate   000000018001a470     sf_runtime:sf_runtime.dll
 0002:00000478       __imp_sf_update_buildInfo  000000018001a478     sf_runtime:sf_runtime.dll
 0002:00000480       __imp_sf_rtw_info_uint_prop 000000018001a480     sf_runtime:sf_runtime.dll
 0002:00000488       __imp_sf_get_chart_instance_ptr 000000018001a488     sf_runtime:sf_runtime.dll
 0002:00000490       __imp_sf_free_ChartRunTimeInfo 000000018001a490     sf_runtime:sf_runtime.dll
 0002:00000498       __imp_sf_init_ChartRunTimeInfo 000000018001a498     sf_runtime:sf_runtime.dll
 0002:000004a0       __imp_sf_debug_set_machine_data_thresholds 000000018001a4a0     sf_runtime:sf_runtime.dll
 0002:000004a8       __imp_sf_debug_set_machine_event_thresholds 000000018001a4a8     sf_runtime:sf_runtime.dll
 0002:000004b0       __imp_sf_debug_initialize_machine 000000018001a4b0     sf_runtime:sf_runtime.dll
 0002:000004b8       __imp_sf_debug_create_debug_instance_struct 000000018001a4b8     sf_runtime:sf_runtime.dll
 0002:000004c0       __imp_sf_load_rtw_optimization_info 000000018001a4c0     sf_runtime:sf_runtime.dll
 0002:000004c8       \177sf_runtime_NULL_THUNK_DATA 000000018001a4c8     sf_runtime:sf_runtime.dll
 0002:000004d0       __xc_a                     000000018001a4d0     MSVCRT:cinitexe.obj
 0002:000004d8       __xc_z                     000000018001a4d8     MSVCRT:cinitexe.obj
 0002:000004e0       __xi_a                     000000018001a4e0     MSVCRT:cinitexe.obj
 0002:000004f8       __xi_z                     000000018001a4f8     MSVCRT:cinitexe.obj
 0002:00000500       __real@41b48881c0000000    000000018001a500     pendulumgui_sfun.obj
 0002:00000508       __real@41c56f1a25800000    000000018001a508     pendulumgui_sfun.obj
 0002:00000510       __real@41d3c2c2fb000000    000000018001a510     pendulumgui_sfun.obj
 0002:00000518       __real@41e27ad9ab000000    000000018001a518     pendulumgui_sfun.obj
 0002:00000520       __real@41e2b11ee9400000    000000018001a520     pendulumgui_sfun.obj
 0002:00000528       __real@41e3cef624a00000    000000018001a528     pendulumgui_sfun.obj
 0002:00000530       __real@41e439a0c9c00000    000000018001a530     pendulumgui_sfun.obj
 0002:00000538       __real@41e510993ba00000    000000018001a538     pendulumgui_sfun.obj
 0002:00000540       __real@41e5a8c5d3400000    000000018001a540     pendulumgui_sfun.obj
 0002:00000548       __real@41e8583dfc000000    000000018001a548     pendulumgui_sfun.obj
 0002:00000550       __real@41e8cffe7aa00000    000000018001a550     pendulumgui_sfun.obj
 0002:00000558       __real@41eae3f958e00000    000000018001a558     pendulumgui_sfun.obj
 0002:00000560       __real@0000000000000000    000000018001a560     c9_pendulumgui.obj
 0002:00000568       __real@3cb0000000000000    000000018001a568     c9_pendulumgui.obj
 0002:00000570       __real@3ec0c6f7a0b5ed8d    000000018001a570     c9_pendulumgui.obj
 0002:00000578       __real@3ee2fbff411d9482    000000018001a578     c9_pendulumgui.obj
 0002:00000580       __real@3efd5c31593e5fb7    000000018001a580     c9_pendulumgui.obj
 0002:00000588       __real@3f15d974eaa76d06    000000018001a588     c9_pendulumgui.obj
 0002:00000590       __real@3f195eaea773afd7    000000018001a590     c9_pendulumgui.obj
 0002:00000598       __real@3f1a36e2eb1c432d    000000018001a598     c9_pendulumgui.obj
 0002:000005a0       __real@3f1e6040e5deab77    000000018001a5a0     c9_pendulumgui.obj
 0002:000005a8       __real@3f4d7dbf487fcb92    000000018001a5a8     c9_pendulumgui.obj
 0002:000005b0       __real@3f5d7dbf487fcb92    000000018001a5b0     c9_pendulumgui.obj
 0002:000005b8       __real@3f60624dd2f1a9fc    000000018001a5b8     c9_pendulumgui.obj
 0002:000005c0       __real@3f613404ea4a8c15    000000018001a5c0     c9_pendulumgui.obj
 0002:000005c8       __real@3f69988d2a1f8e3b    000000018001a5c8     c9_pendulumgui.obj
 0002:000005d0       __real@3f71e646f1561912    000000018001a5d0     c9_pendulumgui.obj
 0002:000005d8       __real@3f723a29c779a6b5    000000018001a5d8     c9_pendulumgui.obj
 0002:000005e0       __real@3f823a29c779a6b5    000000018001a5e0     c9_pendulumgui.obj
 0002:000005e8       __real@3f878d4fdf3b645b    000000018001a5e8     c9_pendulumgui.obj
 0002:000005f0       __real@3fa2fcefaa4766c7    000000018001a5f0     c9_pendulumgui.obj
 0002:000005f8       __real@3fa999999999999a    000000018001a5f8     c9_pendulumgui.obj
 0002:00000600       __real@3fb3f7ced916872b    000000018001a600     c9_pendulumgui.obj
 0002:00000608       __real@3fb758e219652bd5    000000018001a608     c9_pendulumgui.obj
 0002:00000610       __real@3fb7f21b5ae10b5b    000000018001a610     c9_pendulumgui.obj
 0002:00000618       __real@3fb999999999999a    000000018001a618     c9_pendulumgui.obj
 0002:00000620       __real@3fbcd9e83e425af0    000000018001a620     c9_pendulumgui.obj
 0002:00000628       __real@3fbd70a3d70a3d71    000000018001a628     c9_pendulumgui.obj
 0002:00000630       __real@3fc70a3d70a3d70a    000000018001a630     c9_pendulumgui.obj
 0002:00000638       __real@3fc851eb851eb852    000000018001a638     c9_pendulumgui.obj
 0002:00000640       __real@3fd0c152382d7365    000000018001a640     c9_pendulumgui.obj
 0002:00000648       __real@3fd57342edbb59de    000000018001a648     c9_pendulumgui.obj
 0002:00000650       __real@3fd851eb851eb852    000000018001a650     c9_pendulumgui.obj
 0002:00000658       __real@3fe999999999999a    000000018001a658     c9_pendulumgui.obj
 0002:00000660       __real@3feb333333333333    000000018001a660     c9_pendulumgui.obj
 0002:00000668       __real@3feb8f3f9f873afa    000000018001a668     c9_pendulumgui.obj
 0002:00000670       __real@3fec99ae924f227f    000000018001a670     c9_pendulumgui.obj
 0002:00000678       __real@3feccccccccccccd    000000018001a678     c9_pendulumgui.obj
 0002:00000680       __real@3ff0000000000000    000000018001a680     c9_pendulumgui.obj
 0002:00000688       __real@3ff8000000000000    000000018001a688     c9_pendulumgui.obj
 0002:00000690       __real@4000000000000000    000000018001a690     c9_pendulumgui.obj
 0002:00000698       __real@4008000000000000    000000018001a698     c9_pendulumgui.obj
 0002:000006a0       __real@4014000000000000    000000018001a6a0     c9_pendulumgui.obj
 0002:000006a8       __real@40145b131802e77d    000000018001a6a8     c9_pendulumgui.obj
 0002:000006b0       __real@4020000000000000    000000018001a6b0     c9_pendulumgui.obj
 0002:000006b8       __real@402399999999999a    000000018001a6b8     c9_pendulumgui.obj
 0002:000006c0       __real@4024000000000000    000000018001a6c0     c9_pendulumgui.obj
 0002:000006c8       __real@402c000000000000    000000018001a6c8     c9_pendulumgui.obj
 0002:000006d0       __real@402e000000000000    000000018001a6d0     c9_pendulumgui.obj
 0002:000006d8       __real@40442dc2c9e3b6ba    000000018001a6d8     c9_pendulumgui.obj
 0002:000006e0       __real@4049000000000000    000000018001a6e0     c9_pendulumgui.obj
 0002:000006e8       __real@41d4193082800000    000000018001a6e8     c9_pendulumgui.obj
 0002:000006f0       __real@41dfcbae35400000    000000018001a6f0     c9_pendulumgui.obj
 0002:000006f8       __real@41e32576e9c00000    000000018001a6f8     c9_pendulumgui.obj
 0002:00000700       __real@41eeaf63c3e00000    000000018001a700     c9_pendulumgui.obj
 0002:00000708       __real@bef00b73a3263a70    000000018001a708     c9_pendulumgui.obj
 0002:00000710       __real@befd4d6dc702de40    000000018001a710     c9_pendulumgui.obj
 0002:00000718       __real@bf138eecdc259f10    000000018001a718     c9_pendulumgui.obj
 0002:00000720       __real@bf2ec3347eaa0288    000000018001a720     c9_pendulumgui.obj
 0002:00000728       __real@bf66e0688a53e8a3    000000018001a728     c9_pendulumgui.obj
 0002:00000730       __real@bf71e646f1561912    000000018001a730     c9_pendulumgui.obj
 0002:00000738       __real@bfc43ce43d0df115    000000018001a738     c9_pendulumgui.obj
 0002:00000740       __real@bfd27aecb719bf00    000000018001a740     c9_pendulumgui.obj
 0002:00000748       __real@bfe8ab6ee2c377b4    000000018001a748     c9_pendulumgui.obj
 0002:00000750       __real@bff0000000000000    000000018001a750     c9_pendulumgui.obj
 0002:00000758       __real@c00366a7705a6fcd    000000018001a758     c9_pendulumgui.obj
 0002:00000760       __real@c03cdaeb7c6f82d4    000000018001a760     c9_pendulumgui.obj
 0002:00000768       __real@c04597f8e98215c1    000000018001a768     c9_pendulumgui.obj
 0002:00000770       __xmm@80000000000000008000000000000000 000000018001a770     c9_pendulumgui.obj
 0002:00000780       DYNAMIC_DIMENSION_DEF      000000018001a780     pendulumgui_sfun_registry.obj
 0002:000007a0       _ssBadLevel2InputAccessMsg 000000018001a7a0     pendulumgui_sfun_registry.obj
 0002:00000930       _ssBadLevel2DirectFeedMsg  000000018001a930     pendulumgui_sfun_registry.obj
 0002:00000a70       _ssBadLevel2DirectFeedSolutionMsg 000000018001aa70     pendulumgui_sfun_registry.obj
 0002:00000ae0       _ssBadLevel2ZeroDirectFeedMsg 000000018001aae0     pendulumgui_sfun_registry.obj
 0002:00000c20       _ssBadLevel2ZeroDirectFeedMsg2 000000018001ac20     pendulumgui_sfun_registry.obj
 0002:00000d08       __real@41602cbca0000000    000000018001ad08     pendulumgui_sfun_registry.obj
 0002:00000d20       _pDefaultRawDllMain        000000018001ad20     MSVCRT:crtdll.obj
 0002:00000d20       _pRawDllMain               000000018001ad20     MSVCRT:crtdll.obj
 0002:00000d28       ?ProcessDetach@NativeDll@<CrtImplementationDetails>@@0IB 000000018001ad28     MSVCRT:initsect.obj
 0002:00000d2c       ?ProcessAttach@NativeDll@<CrtImplementationDetails>@@0IB 000000018001ad2c     MSVCRT:initsect.obj
 0002:00000d30       ?ThreadAttach@NativeDll@<CrtImplementationDetails>@@0IB 000000018001ad30     MSVCRT:initsect.obj
 0002:00000d34       ?ThreadDetach@NativeDll@<CrtImplementationDetails>@@0IB 000000018001ad34     MSVCRT:initsect.obj
 0002:00000d38       ?ProcessVerifier@NativeDll@<CrtImplementationDetails>@@0IB 000000018001ad38     MSVCRT:initsect.obj
 0002:00000d3c       ?value@?$integral_constant@_N$0A@@std@@2_NB 000000018001ad3c     MSVCRT:tncleanup.obj
 0002:00000d3d       ?value@?$integral_constant@_N$00@std@@2_NB 000000018001ad3d     MSVCRT:tncleanup.obj
 0002:00000d40       _load_config_used          000000018001ad40     MSVCRT:loadcfg.obj
 0002:00000db0       __rtc_iaa                  000000018001adb0     MSVCRT:initsect.obj
 0002:00000db8       __rtc_izz                  000000018001adb8     MSVCRT:initsect.obj
 0002:00000dc0       __rtc_taa                  000000018001adc0     MSVCRT:initsect.obj
 0002:00000dc8       __rtc_tzz                  000000018001adc8     MSVCRT:initsect.obj
 0002:000016d8       __IMPORT_DESCRIPTOR_sf_runtime 000000018001b6d8     sf_runtime:sf_runtime.dll
 0002:000016ec       __IMPORT_DESCRIPTOR_libmx  000000018001b6ec     libmx:libmx.dll
 0002:00001700       __IMPORT_DESCRIPTOR_libmex 000000018001b700     libmex:libmex.dll
 0002:00001714       __IMPORT_DESCRIPTOR_libut  000000018001b714     libut:libut.dll
 0002:00001728       __IMPORT_DESCRIPTOR_libmwmathutil 000000018001b728     libmwmathutil:libmwmathutil.dll
 0002:0000173c       __IMPORT_DESCRIPTOR_MSVCR120 000000018001b73c     MSVCRT:MSVCR120.dll
 0002:00001750       __IMPORT_DESCRIPTOR_KERNEL32 000000018001b750     kernel32:KERNEL32.dll
 0002:00001764       __NULL_IMPORT_DESCRIPTOR   000000018001b764     sf_runtime:sf_runtime.dll
 0003:000022f0       DYNAMIC_DIMENSION          000000018001f2f0     pendulumgui_sfun_registry.obj
 0003:000029a0       __security_cookie          000000018001f9a0     MSVCRT:gs_cookie.obj
 0003:000029a8       __security_cookie_complement 000000018001f9a8     MSVCRT:gs_cookie.obj
 0003:000029b0       _fltused                   000000018001f9b0     MSVCRT:dllsupp.obj
 0003:000029b4       __native_dllmain_reason    000000018001f9b4     MSVCRT:natstart.obj
 0003:000029e8       sfGlobalDebugInstanceStruct 000000018001f9e8     pendulumgui_sfun_registry.obj
 0003:00003038       ?__type_info_root_node@@3U__type_info_node@@A 0000000180020038     MSVCRT:tncleanup.obj
 0003:00003048       _pendulumguiMachineNumber_ 0000000180020048     <common>
 0003:00003050       __native_startup_lock      0000000180020050     <common>
 0003:00003058       __native_startup_state     0000000180020058     <common>
 0003:00003060       __onexitend                0000000180020060     <common>
 0003:00003068       __onexitbegin              0000000180020068     <common>
 0003:00003070       __dyn_tls_init_callback    0000000180020070     <common>

 entry point at        0001:000181d4

 Static symbols

 0000:00000000       .debug$S                   0000000180000000     sf_runtime:sf_runtime.dll
 0000:00000000       .debug$S                   0000000180000000     sf_runtime:sf_runtime.dll
 0000:00000000       .debug$S                   0000000180000000     sf_runtime:sf_runtime.dll
 0000:00000000       .debug$S                   0000000180000000     sf_runtime:sf_runtime.dll
 0000:00000000       .debug$S                   0000000180000000     sf_runtime:sf_runtime.dll
 0000:00000000       .debug$S                   0000000180000000     sf_runtime:sf_runtime.dll
 0000:00000000       .debug$S                   0000000180000000     kernel32:KERNEL32.dll
 0000:00000000       .debug$S                   0000000180000000     kernel32:KERNEL32.dll
 0000:00000000       .debug$S                   0000000180000000     kernel32:KERNEL32.dll
 0000:00000000       .debug$S                   0000000180000000     kernel32:KERNEL32.dll
 0000:00000000       .debug$S                   0000000180000000     kernel32:KERNEL32.dll
 0000:00000000       .debug$S                   0000000180000000     kernel32:KERNEL32.dll
 0000:00000000       .debug$S                   0000000180000000     kernel32:KERNEL32.dll
 0000:00000000       .debug$S                   0000000180000000     kernel32:KERNEL32.dll
 0000:00000000       .debug$S                   0000000180000000     kernel32:KERNEL32.dll
 0000:00000000       .debug$S                   0000000180000000     MSVCRT:MSVCR120.dll
 0000:00000000       .debug$S                   0000000180000000     MSVCRT:MSVCR120.dll
 0000:00000000       .debug$S                   0000000180000000     MSVCRT:MSVCR120.dll
 0000:00000000       .debug$S                   0000000180000000     MSVCRT:MSVCR120.dll
 0000:00000000       .debug$S                   0000000180000000     MSVCRT:MSVCR120.dll
 0000:00000000       .debug$S                   0000000180000000     MSVCRT:MSVCR120.dll
 0000:00000000       .debug$S                   0000000180000000     MSVCRT:MSVCR120.dll
 0000:00000000       .debug$S                   0000000180000000     MSVCRT:MSVCR120.dll
 0000:00000000       .debug$S                   0000000180000000     MSVCRT:MSVCR120.dll
 0000:00000000       .debug$S                   0000000180000000     MSVCRT:MSVCR120.dll
 0000:00000000       .debug$S                   0000000180000000     MSVCRT:MSVCR120.dll
 0000:00000000       .debug$S                   0000000180000000     MSVCRT:MSVCR120.dll
 0000:00000000       .debug$S                   0000000180000000     MSVCRT:MSVCR120.dll
 0000:00000000       .debug$S                   0000000180000000     MSVCRT:MSVCR120.dll
 0000:00000000       .debug$S                   0000000180000000     MSVCRT:MSVCR120.dll
 0000:00000000       .debug$S                   0000000180000000     MSVCRT:MSVCR120.dll
 0000:00000000       .debug$S                   0000000180000000     MSVCRT:MSVCR120.dll
 0000:00000000       .debug$S                   0000000180000000     MSVCRT:MSVCR120.dll
 0000:00000000       .debug$S                   0000000180000000     MSVCRT:MSVCR120.dll
 0000:00000000       .debug$S                   0000000180000000     MSVCRT:MSVCR120.dll
 0000:00000000       .debug$S                   0000000180000000     MSVCRT:MSVCR120.dll
 0000:00000000       .debug$S                   0000000180000000     MSVCRT:MSVCR120.dll
 0000:00000000       .debug$S                   0000000180000000     MSVCRT:MSVCR120.dll
 0000:00000000       .debug$S                   0000000180000000     MSVCRT:MSVCR120.dll
 0000:00000000       .debug$S                   0000000180000000     MSVCRT:MSVCR120.dll
 0000:00000000       .debug$S                   0000000180000000     sf_runtime:sf_runtime.dll
 0000:00000000       .debug$S                   0000000180000000     sf_runtime:sf_runtime.dll
 0000:00000000       .debug$S                   0000000180000000     sf_runtime:sf_runtime.dll
 0000:00000000       .debug$S                   0000000180000000     sf_runtime:sf_runtime.dll
 0000:00000000       .debug$S                   0000000180000000     sf_runtime:sf_runtime.dll
 0000:00000000       .debug$S                   0000000180000000     sf_runtime:sf_runtime.dll
 0000:00000000       .debug$S                   0000000180000000     sf_runtime:sf_runtime.dll
 0000:00000000       .debug$S                   0000000180000000     sf_runtime:sf_runtime.dll
 0000:00000000       .debug$S                   0000000180000000     sf_runtime:sf_runtime.dll
 0000:00000000       .debug$S                   0000000180000000     sf_runtime:sf_runtime.dll
 0000:00000000       .debug$S                   0000000180000000     sf_runtime:sf_runtime.dll
 0000:00000000       .debug$S                   0000000180000000     sf_runtime:sf_runtime.dll
 0000:00000000       .debug$S                   0000000180000000     sf_runtime:sf_runtime.dll
 0000:00000000       .debug$S                   0000000180000000     sf_runtime:sf_runtime.dll
 0000:00000000       .debug$S                   0000000180000000     sf_runtime:sf_runtime.dll
 0000:00000000       .debug$S                   0000000180000000     sf_runtime:sf_runtime.dll
 0000:00000000       .debug$S                   0000000180000000     sf_runtime:sf_runtime.dll
 0000:00000000       .debug$S                   0000000180000000     sf_runtime:sf_runtime.dll
 0000:00000000       .debug$S                   0000000180000000     sf_runtime:sf_runtime.dll
 0000:00000000       .debug$S                   0000000180000000     sf_runtime:sf_runtime.dll
 0000:00000000       .debug$S                   0000000180000000     sf_runtime:sf_runtime.dll
 0000:00000000       .debug$S                   0000000180000000     sf_runtime:sf_runtime.dll
 0000:00000000       .debug$S                   0000000180000000     sf_runtime:sf_runtime.dll
 0000:00000000       .debug$S                   0000000180000000     sf_runtime:sf_runtime.dll
 0000:00000000       .debug$S                   0000000180000000     sf_runtime:sf_runtime.dll
 0000:00000000       .debug$S                   0000000180000000     sf_runtime:sf_runtime.dll
 0000:00000000       .debug$S                   0000000180000000     sf_runtime:sf_runtime.dll
 0000:00000000       .debug$S                   0000000180000000     sf_runtime:sf_runtime.dll
 0000:00000000       .debug$S                   0000000180000000     sf_runtime:sf_runtime.dll
 0000:00000000       .debug$S                   0000000180000000     sf_runtime:sf_runtime.dll
 0000:00000000       .debug$S                   0000000180000000     sf_runtime:sf_runtime.dll
 0000:00000000       .debug$S                   0000000180000000     sf_runtime:sf_runtime.dll
 0000:00000000       .debug$S                   0000000180000000     sf_runtime:sf_runtime.dll
 0000:00000000       .debug$S                   0000000180000000     sf_runtime:sf_runtime.dll
 0000:00000000       .debug$S                   0000000180000000     sf_runtime:sf_runtime.dll
 0000:00000000       .debug$S                   0000000180000000     sf_runtime:sf_runtime.dll
 0000:00000000       .debug$S                   0000000180000000     libmwmathutil:libmwmathutil.dll
 0000:00000000       .debug$S                   0000000180000000     libmwmathutil:libmwmathutil.dll
 0000:00000000       .debug$S                   0000000180000000     libmwmathutil:libmwmathutil.dll
 0000:00000000       .debug$S                   0000000180000000     libmwmathutil:libmwmathutil.dll
 0000:00000000       .debug$S                   0000000180000000     libmwmathutil:libmwmathutil.dll
 0000:00000000       .debug$S                   0000000180000000     sf_runtime:sf_runtime.dll
 0000:00000000       .debug$S                   0000000180000000     libut:libut.dll
 0000:00000000       .debug$S                   0000000180000000     libut:libut.dll
 0000:00000000       .debug$S                   0000000180000000     sf_runtime:sf_runtime.dll
 0000:00000000       .debug$S                   0000000180000000     libmex:libmex.dll
 0000:00000000       .debug$S                   0000000180000000     libmex:libmex.dll
 0000:00000000       .debug$S                   0000000180000000     libmex:libmex.dll
 0000:00000000       .debug$S                   0000000180000000     libmex:libmex.dll
 0000:00000000       .debug$S                   0000000180000000     libmex:libmex.dll
 0000:00000000       .debug$S                   0000000180000000     libmex:libmex.dll
 0000:00000000       .debug$S                   0000000180000000     libmex:libmex.dll
 0000:00000000       .debug$S                   0000000180000000     sf_runtime:sf_runtime.dll
 0000:00000000       .debug$S                   0000000180000000     libmx:libmx.dll
 0000:00000000       .debug$S                   0000000180000000     libmx:libmx.dll
 0000:00000000       .debug$S                   0000000180000000     libmx:libmx.dll
 0000:00000000       .debug$S                   0000000180000000     libmx:libmx.dll
 0000:00000000       .debug$S                   0000000180000000     libmx:libmx.dll
 0000:00000000       .debug$S                   0000000180000000     libmx:libmx.dll
 0000:00000000       .debug$S                   0000000180000000     libmx:libmx.dll
 0000:00000000       .debug$S                   0000000180000000     sf_runtime:sf_runtime.dll
 0000:00000000       .debug$S                   0000000180000000     sf_runtime:sf_runtime.dll
 0000:00000000       .debug$S                   0000000180000000     sf_runtime:sf_runtime.dll
 0000:00000000       .debug$S                   0000000180000000     sf_runtime:sf_runtime.dll
 0000:00000000       .debug$S                   0000000180000000     sf_runtime:sf_runtime.dll
 0000:00000000       .debug$S                   0000000180000000     sf_runtime:sf_runtime.dll
 0000:00000000       .debug$S                   0000000180000000     sf_runtime:sf_runtime.dll
 0000:00000000       .debug$S                   0000000180000000     sf_runtime:sf_runtime.dll
 0000:00000000       .debug$S                   0000000180000000     sf_runtime:sf_runtime.dll
 0000:00000000       .debug$S                   0000000180000000     sf_runtime:sf_runtime.dll
 0000:00000000       .debug$S                   0000000180000000     sf_runtime:sf_runtime.dll
 0000:00000000       .debug$S                   0000000180000000     sf_runtime:sf_runtime.dll
 0000:00000000       .debug$S                   0000000180000000     sf_runtime:sf_runtime.dll
 0000:00000000       .debug$S                   0000000180000000     sf_runtime:sf_runtime.dll
 0000:00000000       .debug$S                   0000000180000000     sf_runtime:sf_runtime.dll
 0000:00000000       .debug$S                   0000000180000000     sf_runtime:sf_runtime.dll
 0000:00000000       .debug$S                   0000000180000000     sf_runtime:sf_runtime.dll
 0000:00000000       .debug$S                   0000000180000000     sf_runtime:sf_runtime.dll
 0000:00000000       .debug$S                   0000000180000000     sf_runtime:sf_runtime.dll
 0000:00000000       .debug$S                   0000000180000000     sf_runtime:sf_runtime.dll
 0000:00000000       .debug$S                   0000000180000000     sf_runtime:sf_runtime.dll
 0000:00000000       .debug$S                   0000000180000000     sf_runtime:sf_runtime.dll
 0000:00000000       .debug$S                   0000000180000000     sf_runtime:sf_runtime.dll
 0000:00000000       .debug$S                   0000000180000000     sf_runtime:sf_runtime.dll
 0000:00000000       .debug$S                   0000000180000000     sf_runtime:sf_runtime.dll
 0000:00000000       .debug$S                   0000000180000000     sf_runtime:sf_runtime.dll
 0000:00000000       .debug$S                   0000000180000000     sf_runtime:sf_runtime.dll
 0000:00000000       .debug$S                   0000000180000000     sf_runtime:sf_runtime.dll
 0000:00000000       .debug$S                   0000000180000000     sf_runtime:sf_runtime.dll
 0000:00000000       .debug$S                   0000000180000000     sf_runtime:sf_runtime.dll
 0000:00000000       .debug$S                   0000000180000000     sf_runtime:sf_runtime.dll
 0000:00000000       .debug$S                   0000000180000000     sf_runtime:sf_runtime.dll
 0000:00000000       .debug$S                   0000000180000000     sf_runtime:sf_runtime.dll
 0000:00000000       .debug$S                   0000000180000000     sf_runtime:sf_runtime.dll
 0000:00000000       .debug$S                   0000000180000000     libmx:libmx.dll
 0000:00000000       .debug$S                   0000000180000000     libmx:libmx.dll
 0000:00000000       .debug$S                   0000000180000000     libmx:libmx.dll
 0000:00000000       .debug$S                   0000000180000000     libmx:libmx.dll
 0000:00000000       .debug$S                   0000000180000000     libmx:libmx.dll
 0000:00000000       .debug$S                   0000000180000000     libmx:libmx.dll
 0000:00000000       .debug$S                   0000000180000000     libmx:libmx.dll
 0000:00000000       .debug$S                   0000000180000000     libmx:libmx.dll
 0000:00000000       .debug$S                   0000000180000000     libmx:libmx.dll
 0000:00000000       .debug$S                   0000000180000000     libmx:libmx.dll
 0000:00000000       .debug$S                   0000000180000000     libmx:libmx.dll
 0000:00000000       .debug$S                   0000000180000000     libmx:libmx.dll
 0000:00000000       .debug$S                   0000000180000000     libmx:libmx.dll
 0001:00001220       chart_debug_initialization 0000000180002220 f   c9_pendulumgui.obj
 0001:00002d70       chart_debug_initialize_data_addresses 0000000180003d70 f   c9_pendulumgui.obj
 0001:00003200       initialize_c9_pendulumgui  0000000180004200 f   c9_pendulumgui.obj
 0001:00003270       initialize_params_c9_pendulumgui 0000000180004270 f   c9_pendulumgui.obj
 0001:00003280       enable_c9_pendulumgui      0000000180004280 f   c9_pendulumgui.obj
 0001:000032b0       disable_c9_pendulumgui     00000001800042b0 f   c9_pendulumgui.obj
 0001:000032e0       c9_update_debugger_state_c9_pendulumgui 00000001800042e0 f   c9_pendulumgui.obj
 0001:000032f0       get_sim_state_c9_pendulumgui 00000001800042f0 f   c9_pendulumgui.obj
 0001:00003700       set_sim_state_c9_pendulumgui 0000000180004700 f   c9_pendulumgui.obj
 0001:000038e0       finalize_c9_pendulumgui    00000001800048e0 f   c9_pendulumgui.obj
 0001:000038f0       sf_gateway_c9_pendulumgui  00000001800048f0 f   c9_pendulumgui.obj
 0001:000040e0       mdl_start_c9_pendulumgui   00000001800050e0 f   c9_pendulumgui.obj
 0001:000040f0       c9_chartstep_c9_pendulumgui 00000001800050f0 f   c9_pendulumgui.obj
 0001:0000b970       initSimStructsc9_pendulumgui 000000018000c970 f   c9_pendulumgui.obj
 0001:0000b980       init_script_number_translation 000000018000c980 f   c9_pendulumgui.obj
 0001:0000b9a0       c9_sf_marshallOut          000000018000c9a0 f   c9_pendulumgui.obj
 0001:0000ba50       c9_emlrt_marshallIn        000000018000ca50 f   c9_pendulumgui.obj
 0001:0000bac0       c9_b_emlrt_marshallIn      000000018000cac0 f   c9_pendulumgui.obj
 0001:0000bb50       c9_sf_marshallIn           000000018000cb50 f   c9_pendulumgui.obj
 0001:0000bc00       c9_b_sf_marshallOut        000000018000cc00 f   c9_pendulumgui.obj
 0001:0000bd80       c9_c_emlrt_marshallIn      000000018000cd80 f   c9_pendulumgui.obj
 0001:0000bf60       c9_b_sf_marshallIn         000000018000cf60 f   c9_pendulumgui.obj
 0001:0000c0d0       c9_c_sf_marshallOut        000000018000d0d0 f   c9_pendulumgui.obj
 0001:0000c1f0       c9_d_sf_marshallOut        000000018000d1f0 f   c9_pendulumgui.obj
 0001:0000c350       c9_e_sf_marshallOut        000000018000d350 f   c9_pendulumgui.obj
 0001:0000c460       c9_d_emlrt_marshallIn      000000018000d460 f   c9_pendulumgui.obj
 0001:0000c560       c9_c_sf_marshallIn         000000018000d560 f   c9_pendulumgui.obj
 0001:0000c6b0       c9_e_emlrt_marshallIn      000000018000d6b0 f   c9_pendulumgui.obj
 0001:0000c7a0       c9_d_sf_marshallIn         000000018000d7a0 f   c9_pendulumgui.obj
 0001:0000c8b0       c9_f_sf_marshallOut        000000018000d8b0 f   c9_pendulumgui.obj
 0001:0000c960       c9_f_emlrt_marshallIn      000000018000d960 f   c9_pendulumgui.obj
 0001:0000c9f0       c9_e_sf_marshallIn         000000018000d9f0 f   c9_pendulumgui.obj
 0001:0000caa0       c9_g_sf_marshallOut        000000018000daa0 f   c9_pendulumgui.obj
 0001:0000cbb0       c9_g_emlrt_marshallIn      000000018000dbb0 f   c9_pendulumgui.obj
 0001:0000cca0       c9_f_sf_marshallIn         000000018000dca0 f   c9_pendulumgui.obj
 0001:0000cda0       c9_h_sf_marshallOut        000000018000dda0 f   c9_pendulumgui.obj
 0001:0000cec0       c9_i_sf_marshallOut        000000018000dec0 f   c9_pendulumgui.obj
 0001:0000d020       c9_mpower                  000000018000e020 f   c9_pendulumgui.obj
 0001:0000d0a0       c9_error                   000000018000e0a0 f   c9_pendulumgui.obj
 0001:0000d180       c9_abs                     000000018000e180 f   c9_pendulumgui.obj
 0001:0000d1c0       c9_inv                     000000018000e1c0 f   c9_pendulumgui.obj
 0001:0000d520       c9_warning                 000000018000e520 f   c9_pendulumgui.obj
 0001:0000d6f0       c9_b_warning               000000018000e6f0 f   c9_pendulumgui.obj
 0001:0000d940       c9_h_emlrt_marshallIn      000000018000e940 f   c9_pendulumgui.obj
 0001:0000d9b0       c9_i_emlrt_marshallIn      000000018000e9b0 f   c9_pendulumgui.obj
 0001:0000daa0       c9_k_emlrt_marshallIn      000000018000eaa0 f   c9_pendulumgui.obj
 0001:0000db10       c9_l_emlrt_marshallIn      000000018000eb10 f   c9_pendulumgui.obj
 0001:0000dba0       c9_b_cos                   000000018000eba0 f   c9_pendulumgui.obj
 0001:0000dbd0       c9_b_sign                  000000018000ebd0 f   c9_pendulumgui.obj
 0001:0000dc00       c9_b_sin                   000000018000ec00 f   c9_pendulumgui.obj
 0001:0000dc30       c9_get_n                   000000018000ec30 f   c9_pendulumgui.obj
 0001:0000dc70       c9_set_n                   000000018000ec70 f   c9_pendulumgui.obj
 0001:0000dcc0       init_dsm_address_info      000000018000ecc0 f   c9_pendulumgui.obj
 0001:0000dd10       init_simulink_io_address   000000018000ed10 f   c9_pendulumgui.obj
 0001:0000f3a0       sf_get_sim_state_info_c9_pendulumgui 00000001800103a0 f   c9_pendulumgui.obj
 0001:0000f470       sf_get_instance_specialization 0000000180010470 f   c9_pendulumgui.obj
 0001:0000f480       sf_opaque_initialize_c9_pendulumgui 0000000180010480 f   c9_pendulumgui.obj
 0001:0000f4c0       sf_opaque_enable_c9_pendulumgui 00000001800104c0 f   c9_pendulumgui.obj
 0001:0000f4e0       sf_opaque_disable_c9_pendulumgui 00000001800104e0 f   c9_pendulumgui.obj
 0001:0000f500       sf_opaque_gateway_c9_pendulumgui 0000000180010500 f   c9_pendulumgui.obj
 0001:0000f520       sf_opaque_get_sim_state_c9_pendulumgui 0000000180010520 f   c9_pendulumgui.obj
 0001:0000f550       sf_opaque_set_sim_state_c9_pendulumgui 0000000180010550 f   c9_pendulumgui.obj
 0001:0000f580       sf_opaque_terminate_c9_pendulumgui 0000000180010580 f   c9_pendulumgui.obj
 0001:0000f620       mdlProcessParameters_c9_pendulumgui 0000000180010620 f   c9_pendulumgui.obj
 0001:0000f6e0       mdlSetWorkWidths_c9_pendulumgui 00000001800106e0 f   c9_pendulumgui.obj
 0001:0000fea0       mdlRTW_c9_pendulumgui      0000000180010ea0 f   c9_pendulumgui.obj
 0001:0000fee0       mdlStart_c9_pendulumgui    0000000180010ee0 f   c9_pendulumgui.obj
 0001:00011428       $LN120                     0000000180012428     pendulumgui_sfun_registry.obj
 0001:000131a4       $LN17                      00000001800141a4     pendulumgui_sfun_registry.obj
 0001:0001372c       $LN26                      000000018001472c     pendulumgui_sfun_registry.obj
 0001:00013e14       $LN23                      0000000180014e14     pendulumgui_sfun_registry.obj
 0001:000143f0       $LN26                      00000001800153f0     pendulumgui_sfun_registry.obj
 0001:00015fc0       sf_debug_api_wrapper       0000000180016fc0 f   pendulumgui_sfun_registry.obj
 0001:00016010       ProcessMexSfunctionCmdLineCall 0000000180017010 f   pendulumgui_sfun_registry.obj
 0001:00016380       mdlSetWorkWidths           0000000180017380 f   pendulumgui_sfun_registry.obj
 0001:000163b0       mdlProcessParameters       00000001800173b0 f   pendulumgui_sfun_registry.obj
 0001:000163e0       mdl_start_processing       00000001800173e0 f   pendulumgui_sfun_registry.obj
 0001:00016490       mdl_terminate_processing   0000000180017490 f   pendulumgui_sfun_registry.obj
 0001:00016510       mdlStart                   0000000180017510 f   pendulumgui_sfun_registry.obj
 0001:00016540       mdlTerminate               0000000180017540 f   pendulumgui_sfun_registry.obj
 0001:00016570       mdlInitializeSizes         0000000180017570 f   pendulumgui_sfun_registry.obj
 0001:000165a0       mdlInitializeSampleTimes   00000001800175a0 f   pendulumgui_sfun_registry.obj
 0001:000165d0       mdl_outputs_continuous_legacy 00000001800175d0 f   pendulumgui_sfun_registry.obj
 0001:000166d0       mdl_outputs_processing     00000001800176d0 f   pendulumgui_sfun_registry.obj
 0001:000167f0       mdl_zeroCrossings_processing 00000001800177f0 f   pendulumgui_sfun_registry.obj
 0001:00016830       mdlZeroCrossings           0000000180017830 f   pendulumgui_sfun_registry.obj
 0001:00016860       mdl_derivatives_processing 0000000180017860 f   pendulumgui_sfun_registry.obj
 0001:000168b0       mdlDerivatives             00000001800178b0 f   pendulumgui_sfun_registry.obj
 0001:000168e0       mdl_initialize_conditions_processing 00000001800178e0 f   pendulumgui_sfun_registry.obj
 0001:00016930       mdlInitializeConditions    0000000180017930 f   pendulumgui_sfun_registry.obj
 0001:00016960       mdl_ext_mode_exec_processing 0000000180017960 f   pendulumgui_sfun_registry.obj
 0001:000169a0       mdlExtModeExec             00000001800179a0 f   pendulumgui_sfun_registry.obj
 0001:000169d0       mdlRTW                     00000001800179d0 f   pendulumgui_sfun_registry.obj
 0001:00016a10       mdl_enable_processing      0000000180017a10 f   pendulumgui_sfun_registry.obj
 0001:00016a50       mdlEnable                  0000000180017a50 f   pendulumgui_sfun_registry.obj
 0001:00016a80       mdl_disable_processing     0000000180017a80 f   pendulumgui_sfun_registry.obj
 0001:00016ac0       mdlDisable                 0000000180017ac0 f   pendulumgui_sfun_registry.obj
 0001:00016af0       mdlOutputs                 0000000180017af0 f   pendulumgui_sfun_registry.obj
 0001:00016b20       mdl_update_processing      0000000180017b20 f   pendulumgui_sfun_registry.obj
 0001:00016b70       mdlUpdate                  0000000180017b70 f   pendulumgui_sfun_registry.obj
 0001:00016d50       mdlGetTimeOfNextVarHit     0000000180017d50 f   pendulumgui_sfun_registry.obj
 0001:00016da0       _RegNumInputPortsCB        0000000180017da0 f   pendulumgui_sfun_registry.obj
 0001:00016e20       _RegNumOutputPortsCB       0000000180017e20 f   pendulumgui_sfun_registry.obj
 0001:00016ea0       _CreateSimStruct           0000000180017ea0 f   pendulumgui_sfun_registry.obj
 0001:00017080       _ssFatalError              0000000180018080 f   pendulumgui_sfun_registry.obj
 0001:00017150       _ProcessMexSfunctionCmdLineCall 0000000180018150 f   pendulumgui_sfun_registry.obj
 0001:00017ec0       $$000000                   0000000180018ec0     MSVCRT:amdsecgs.obj
 0001:00017f1c       pre_c_init                 0000000180018f1c f   MSVCRT:crtdll.obj
 0001:00018214       __DllMainCRTStartup        0000000180019214 f   MSVCRT:crtdll.obj
 0001:00018730       __DllMainCRTStartup$filt$0 0000000180019730 f   MSVCRT:crtdll.obj
 0001:00018755       __DllMainCRTStartup$fin$1  0000000180019755 f   MSVCRT:crtdll.obj
 0001:00018770       _IsNonwritableInCurrentImage$filt$0 0000000180019770 f   MSVCRT:pesect.obj
 0001:00018790       _onexit$fin$0              0000000180019790 f   MSVCRT:atonexit.obj
 0002:000004e8       pcinit                     000000018001a4e8     MSVCRT:crtdll.obj
 0002:000004f0       pinit                      000000018001a4f0     MSVCRT:atonexit.obj
 0002:00000d10       GS_ExceptionPointers       000000018001ad10     MSVCRT:gs_report.obj
 0002:00000dd0       $unwind$load_pendulumgui_optimization_info 000000018001add0     pendulumgui_sfun.obj
 0002:00000dd8       $unwind$unload_pendulumgui_optimization_info 000000018001add8     pendulumgui_sfun.obj
 0002:00000de0       $unwind$sf_pendulumgui_method_dispatcher 000000018001ade0     pendulumgui_sfun.obj
 0002:00000de8       $unwind$sf_pendulumgui_process_check_sum_call 000000018001ade8     pendulumgui_sfun.obj
 0002:00000df8       $unwind$sf_pendulumgui_autoinheritance_info 000000018001adf8     pendulumgui_sfun.obj
 0002:00000e08       $unwind$sf_pendulumgui_get_eml_resolved_functions_info 000000018001ae08     pendulumgui_sfun.obj
 0002:00000e18       $unwind$sf_pendulumgui_third_party_uses_info 000000018001ae18     pendulumgui_sfun.obj
 0002:00000e28       $unwind$sf_pendulumgui_jit_fallback_info 000000018001ae28     pendulumgui_sfun.obj
 0002:00000e38       $unwind$sf_pendulumgui_updateBuildInfo_args_info 000000018001ae38     pendulumgui_sfun.obj
 0002:00000e48       $unwind$pendulumgui_debug_initialize 000000018001ae48     pendulumgui_sfun.obj
 0002:00000e50       $unwind$sf_c9_pendulumgui_get_eml_resolved_functions_info 000000018001ae50     c9_pendulumgui.obj
[...]
 0004:000000c0       $pdata$enable_c9_pendulumgui 00000001800210c0     c9_pendulumgui.obj
 0004:000000cc       $pdata$disable_c9_pendulumgui 00000001800210cc     c9_pendulumgui.obj
 0004:000000d8       $pdata$get_sim_state_c9_pendulumgui 00000001800210d8     c9_pendulumgui.obj
 0004:000000e4       $pdata$set_sim_state_c9_pendulumgui 00000001800210e4     c9_pendulumgui.obj
 0004:000000f0       $pdata$sf_gateway_c9_pendulumgui 00000001800210f0     c9_pendulumgui.obj
 0004:000000fc       $pdata$c9_chartstep_c9_pendulumgui 00000001800210fc     c9_pendulumgui.obj
 0004:00000108       $pdata$c9_sf_marshallOut   0000000180021108     c9_pendulumgui.obj
 0004:00000114       $pdata$c9_emlrt_marshallIn 0000000180021114     c9_pendulumgui.obj
 0004:00000120       $pdata$c9_b_emlrt_marshallIn 0000000180021120     c9_pendulumgui.obj
 0004:0000012c       $pdata$c9_sf_marshallIn    000000018002112c     c9_pendulumgui.obj
 0004:00000138       $pdata$c9_b_sf_marshallOut 0000000180021138     c9_pendulumgui.obj
 0004:00000144       $pdata$c9_c_emlrt_marshallIn 0000000180021144     c9_pendulumgui.obj
 0004:00000150       $pdata$c9_b_sf_marshallIn  0000000180021150     c9_pendulumgui.obj
 0004:0000015c       $pdata$c9_c_sf_marshallOut 000000018002115c     c9_pendulumgui.obj
 0004:00000168       $pdata$c9_d_sf_marshallOut 0000000180021168     c9_pendulumgui.obj
 0004:00000174       $pdata$c9_e_sf_marshallOut 0000000180021174     c9_pendulumgui.obj
 0004:00000180       $pdata$c9_d_emlrt_marshallIn 0000000180021180     c9_pendulumgui.obj
 0004:0000018c       $pdata$c9_c_sf_marshallIn  000000018002118c     c9_pendulumgui.obj
 0004:00000198       $pdata$c9_e_emlrt_marshallIn 0000000180021198     c9_pendulumgui.obj
 0004:000001a4       $pdata$c9_d_sf_marshallIn  00000001800211a4     c9_pendulumgui.obj
 0004:000001b0       $pdata$c9_f_sf_marshallOut 00000001800211b0     c9_pendulumgui.obj
 0004:000001bc       $pdata$c9_f_emlrt_marshallIn 00000001800211bc     c9_pendulumgui.obj
 0004:000001c8       $pdata$c9_e_sf_marshallIn  00000001800211c8     c9_pendulumgui.obj
 0004:000001d4       $pdata$c9_g_sf_marshallOut 00000001800211d4     c9_pendulumgui.obj
 0004:000001e0       $pdata$c9_g_emlrt_marshallIn 00000001800211e0     c9_pendulumgui.obj
 0004:000001ec       $pdata$c9_f_sf_marshallIn  00000001800211ec     c9_pendulumgui.obj
 0004:000001f8       $pdata$c9_h_sf_marshallOut 00000001800211f8     c9_pendulumgui.obj
 0004:00000204       $pdata$c9_i_sf_marshallOut 0000000180021204     c9_pendulumgui.obj
 0004:00000210       $pdata$c9_mpower           0000000180021210     c9_pendulumgui.obj
 0004:0000021c       $pdata$c9_error            000000018002121c     c9_pendulumgui.obj
 0004:00000228       $pdata$c9_abs              0000000180021228     c9_pendulumgui.obj
 0004:00000234       $pdata$c9_inv              0000000180021234     c9_pendulumgui.obj
 0004:00000240       $pdata$c9_warning          0000000180021240     c9_pendulumgui.obj
 0004:0000024c       $pdata$c9_b_warning        000000018002124c     c9_pendulumgui.obj
 0004:00000258       $pdata$c9_h_emlrt_marshallIn 0000000180021258     c9_pendulumgui.obj
 0004:00000264       $pdata$c9_i_emlrt_marshallIn 0000000180021264     c9_pendulumgui.obj
 0004:00000270       $pdata$c9_k_emlrt_marshallIn 0000000180021270     c9_pendulumgui.obj
 0004:0000027c       $pdata$c9_l_emlrt_marshallIn 000000018002127c     c9_pendulumgui.obj
 0004:00000288       $pdata$c9_b_cos            0000000180021288     c9_pendulumgui.obj
 0004:00000294       $pdata$c9_b_sign           0000000180021294     c9_pendulumgui.obj
 0004:000002a0       $pdata$c9_b_sin            00000001800212a0     c9_pendulumgui.obj
 0004:000002ac       $pdata$c9_get_n            00000001800212ac     c9_pendulumgui.obj
 0004:000002b8       $pdata$c9_set_n            00000001800212b8     c9_pendulumgui.obj
 0004:000002c4       $pdata$init_dsm_address_info 00000001800212c4     c9_pendulumgui.obj
 0004:000002d0       $pdata$init_simulink_io_address 00000001800212d0     c9_pendulumgui.obj
 0004:000002dc       $pdata$sf_c9_pendulumgui_get_post_codegen_info 00000001800212dc     c9_pendulumgui.obj
 0004:000002e8       $pdata$sf_c9_pendulumgui_get_autoinheritance_info 00000001800212e8     c9_pendulumgui.obj
 0004:000002f4       $pdata$sf_c9_pendulumgui_third_party_uses_info 00000001800212f4     c9_pendulumgui.obj
 0004:00000300       $pdata$sf_c9_pendulumgui_jit_fallback_info 0000000180021300     c9_pendulumgui.obj
 0004:0000030c       $pdata$sf_c9_pendulumgui_updateBuildInfo_args_info 000000018002130c     c9_pendulumgui.obj
 0004:00000318       $pdata$sf_get_sim_state_info_c9_pendulumgui 0000000180021318     c9_pendulumgui.obj
 0004:00000324       $pdata$sf_opaque_initialize_c9_pendulumgui 0000000180021324     c9_pendulumgui.obj
 0004:00000330       $pdata$sf_opaque_enable_c9_pendulumgui 0000000180021330     c9_pendulumgui.obj
 0004:0000033c       $pdata$sf_opaque_disable_c9_pendulumgui 000000018002133c     c9_pendulumgui.obj
 0004:00000348       $pdata$sf_opaque_gateway_c9_pendulumgui 0000000180021348     c9_pendulumgui.obj
 0004:00000354       $pdata$sf_opaque_get_sim_state_c9_pendulumgui 0000000180021354     c9_pendulumgui.obj
 0004:00000360       $pdata$sf_opaque_set_sim_state_c9_pendulumgui 0000000180021360     c9_pendulumgui.obj
 0004:0000036c       $pdata$sf_opaque_terminate_c9_pendulumgui 000000018002136c     c9_pendulumgui.obj
 0004:00000378       $pdata$mdlProcessParameters_c9_pendulumgui 0000000180021378     c9_pendulumgui.obj
 0004:00000384       $pdata$mdlSetWorkWidths_c9_pendulumgui 0000000180021384     c9_pendulumgui.obj
 0004:00000390       $pdata$mdlRTW_c9_pendulumgui 0000000180021390     c9_pendulumgui.obj
 0004:0000039c       $pdata$mdlStart_c9_pendulumgui 000000018002139c     c9_pendulumgui.obj
 0004:000003a8       $pdata$mexFunction         00000001800213a8     pendulumgui_sfun_registry.obj
 0004:000003b4       $pdata$_ssSetInputPortDirectFeedThroughFcn 00000001800213b4     pendulumgui_sfun_registry.obj
 0004:000003c0       $pdata$_ssGetInputPortSignalPtrsFcn 00000001800213c0     pendulumgui_sfun_registry.obj
 0004:000003cc       $pdata$_ssGetInputPortSignalFcn 00000001800213cc     pendulumgui_sfun_registry.obj
 0004:000003d8       $pdata$_ssSetInputPortReusableFcn 00000001800213d8     pendulumgui_sfun_registry.obj
 0004:000003e4       $pdata$_ssSetOutputPortReusableFcn 00000001800213e4     pendulumgui_sfun_registry.obj
 0004:000003f0       $pdata$_ssSetSymbolicDimsSupport 00000001800213f0     pendulumgui_sfun_registry.obj
 0004:000003fc       $pdata$_ssRegisterSymbolicDimsExpr 00000001800213fc     pendulumgui_sfun_registry.obj
 0004:00000408       $pdata$_ssRegisterSymbolicDims 0000000180021408     pendulumgui_sfun_registry.obj
 0004:00000414       $pdata$_ssRegisterSymbolicDimsString 0000000180021414     pendulumgui_sfun_registry.obj
 0004:00000420       $pdata$_ssRegisterSymbolicDimsIntValue 0000000180021420     pendulumgui_sfun_registry.obj
 0004:0000042c       $pdata$_ssRegisterSymbolicDimsPlus 000000018002142c     pendulumgui_sfun_registry.obj
 0004:00000438       $pdata$_ssRegisterSymbolicDimsMinus 0000000180021438     pendulumgui_sfun_registry.obj
 0004:00000444       $pdata$_ssRegisterSymbolicDimsMultiply 0000000180021444     pendulumgui_sfun_registry.obj
 0004:00000450       $pdata$_ssRegisterSymbolicDimsDivide 0000000180021450     pendulumgui_sfun_registry.obj
 0004:0000045c       $pdata$_ssGetNumSymbolicDims 000000018002145c     pendulumgui_sfun_registry.obj
 0004:00000468       $pdata$_ssGetSymbolicDim   0000000180021468     pendulumgui_sfun_registry.obj
 0004:00000474       $pdata$_ssSetInputPortSymbolicDimsId 0000000180021474     pendulumgui_sfun_registry.obj
 0004:00000480       $pdata$_ssGetCompInputPortSymbolicDimsId 0000000180021480     pendulumgui_sfun_registry.obj
 0004:0000048c       $pdata$_ssSetCompInputPortSymbolicDimsId 000000018002148c     pendulumgui_sfun_registry.obj
 0004:00000498       $pdata$_ssSetOutputPortSymbolicDimsId 0000000180021498     pendulumgui_sfun_registry.obj
 0004:000004a4       $pdata$_ssGetCompOutputPortSymbolicDimsId 00000001800214a4     pendulumgui_sfun_registry.obj
 0004:000004b0       $pdata$_ssSetCompOutputPortSymbolicDimsId 00000001800214b0     pendulumgui_sfun_registry.obj
 0004:000004bc       $pdata$_ssSetCompDWorkSymbolicDimsId 00000001800214bc     pendulumgui_sfun_registry.obj
 0004:000004c8       $pdata$ssGetIsZeroCrossControlDisabled 00000001800214c8     pendulumgui_sfun_registry.obj
 0004:000004d4       $pdata$ssSetIsInputPortUsedForContZcSignal 00000001800214d4     pendulumgui_sfun_registry.obj
 0004:000004e0       $pdata$ssSetZcSignalIsZcElementDisc 00000001800214e0     pendulumgui_sfun_registry.obj
 0004:000004ec       $pdata$ssSetZcSignalName   00000001800214ec     pendulumgui_sfun_registry.obj
 0004:000004f8       $pdata$ssSetZcSignalWidth  00000001800214f8     pendulumgui_sfun_registry.obj
 0004:00000504       $pdata$ssSetZcSignalZcEventType 0000000180021504     pendulumgui_sfun_registry.obj
 0004:00000510       $pdata$ssSetZcSignalType   0000000180021510     pendulumgui_sfun_registry.obj
 0004:0000051c       $pdata$ssSetZcSignalZcTol  000000018002151c     pendulumgui_sfun_registry.obj
 0004:00000528       $pdata$ssSetZcSignalNeedsEventNotification 0000000180021528     pendulumgui_sfun_registry.obj
 0004:00000534       $pdata$ssCreateAndAddZcSignalInfo 0000000180021534     pendulumgui_sfun_registry.obj
 0004:00000540       $pdata$ssCloneAndAddZcSignalInfo 0000000180021540     pendulumgui_sfun_registry.obj
 0004:0000054c       $pdata$ssGetNumZcSignals   000000018002154c     pendulumgui_sfun_registry.obj
 0004:00000558       $pdata$ssGetZcSignalVector 0000000180021558     pendulumgui_sfun_registry.obj
 0004:00000564       $pdata$ssGetZcSignalName   0000000180021564     pendulumgui_sfun_registry.obj
 0004:00000570       $pdata$ssGetZcSignalWidth  0000000180021570     pendulumgui_sfun_registry.obj
 0004:0000057c       $pdata$ssGetZcSignalZcEventType 000000018002157c     pendulumgui_sfun_registry.obj
 0004:00000588       $pdata$ssGetZcSignalZcEvents 0000000180021588     pendulumgui_sfun_registry.obj
 0004:00000594       $pdata$ssGetZcSignalType   0000000180021594     pendulumgui_sfun_registry.obj
 0004:000005a0       $pdata$ssGetZcSignalZcTol  00000001800215a0     pendulumgui_sfun_registry.obj
 0004:000005ac       $pdata$ssGetZcSignalNeedsEventNotification 00000001800215ac     pendulumgui_sfun_registry.obj
 0004:000005b8       $pdata$ssGetZcSignalIsZcElementDisc 00000001800215b8     pendulumgui_sfun_registry.obj
 0004:000005c4       $pdata$ssGetIsInputPortElementContinuous 00000001800215c4     pendulumgui_sfun_registry.obj
 0004:000005d0       $pdata$ssGetDTypeIdFromMxArray 00000001800215d0     pendulumgui_sfun_registry.obj
 0004:000005dc       $pdata$ssWriteRTWStr       00000001800215dc     pendulumgui_sfun_registry.obj
 0004:000005e8       $pdata$ssWriteRTWNameValuePair 00000001800215e8     pendulumgui_sfun_registry.obj
 0004:000005f4       $pdata$ssWriteRTWParamSettings 00000001800215f4     pendulumgui_sfun_registry.obj
 0004:00000600       $pdata$ssWriteRTWParameters 0000000180021600     pendulumgui_sfun_registry.obj
 0004:0000060c       $pdata$ssWriteRTWWorkVect  000000018002160c     pendulumgui_sfun_registry.obj
 0004:00000618       $pdata$ssWriteRTWMxVectParam 0000000180021618     pendulumgui_sfun_registry.obj
 0004:00000624       $pdata$ssWriteRTWMx2dMatParam 0000000180021624     pendulumgui_sfun_registry.obj
 0004:00000630       $pdata$_ssSetInputPortMatrixDimensions 0000000180021630     pendulumgui_sfun_registry.obj
 0004:0000063c       $pdata$_ssSetOutputPortMatrixDimensions 000000018002163c     pendulumgui_sfun_registry.obj
 0004:00000648       $pdata$_ssSetInputPortVectorDimension 0000000180021648     pendulumgui_sfun_registry.obj
 0004:00000654       $pdata$_ssSetOutputPortVectorDimension 0000000180021654     pendulumgui_sfun_registry.obj
 0004:00000660       $pdata$ssIsRunTimeParamTunable 0000000180021660     pendulumgui_sfun_registry.obj
 0004:0000066c       $pdata$ssGetSFuncBlockHandle 000000018002166c     pendulumgui_sfun_registry.obj
 0004:00000678       $pdata$_ssGetCurrentInputPortWidth 0000000180021678     pendulumgui_sfun_registry.obj
 0004:00000684       $pdata$_ssGetCurrentOutputPortWidth 0000000180021684     pendulumgui_sfun_registry.obj
 0004:00000690       $pdata$_ssGetCallSystemNumFcnCallDestinations 0000000180021690     pendulumgui_sfun_registry.obj
 0004:0000069c       $pdata$ssGetParameterTuningCompliance 000000018002169c     pendulumgui_sfun_registry.obj
 0004:000006a8       $pdata$ssWarning           00000001800216a8     pendulumgui_sfun_registry.obj
 0004:000006b4       $pdata$_ssGetAbsTol        00000001800216b4     pendulumgui_sfun_registry.obj
 0004:000006c0       $pdata$sf_process_check_sum_call 00000001800216c0     pendulumgui_sfun_registry.obj
 0004:000006cc       $pdata$sf_process_autoinheritance_call 00000001800216cc     pendulumgui_sfun_registry.obj
 0004:000006d8       $pdata$sf_process_get_third_party_uses_info_call 00000001800216d8     pendulumgui_sfun_registry.obj
 0004:000006e4       $pdata$sf_process_get_jit_fallback_info_call 00000001800216e4     pendulumgui_sfun_registry.obj
 0004:000006f0       $pdata$sf_process_get_updateBuildInfo_args_info_call 00000001800216f0     pendulumgui_sfun_registry.obj
 0004:000006fc       $pdata$sf_process_get_eml_resolved_functions_info_call 00000001800216fc     pendulumgui_sfun_registry.obj
 0004:00000708       $pdata$sf_mex_unlock_call  0000000180021708     pendulumgui_sfun_registry.obj
 0004:00000714       $pdata$sf_debug_api_wrapper 0000000180021714     pendulumgui_sfun_registry.obj
 0004:00000720       $pdata$ProcessMexSfunctionCmdLineCall 0000000180021720     pendulumgui_sfun_registry.obj
 0004:0000072c       $pdata$sf_machine_global_initializer_called 000000018002172c     pendulumgui_sfun_registry.obj
 0004:00000738       $pdata$sf_machine_global_method_dispatcher 0000000180021738     pendulumgui_sfun_registry.obj
 0004:00000744       $pdata$sf_machine_global_terminator 0000000180021744     pendulumgui_sfun_registry.obj
 0004:00000750       $pdata$sf_register_machine_exported_symbols 0000000180021750     pendulumgui_sfun_registry.obj
 0004:0000075c       $pdata$sf_machine_global_initializer 000000018002175c     pendulumgui_sfun_registry.obj
 0004:00000768       $pdata$mdlGetSimState      0000000180021768     pendulumgui_sfun_registry.obj
 0004:00000774       $pdata$mdlSetSimState      0000000180021774     pendulumgui_sfun_registry.obj
 0004:00000780       $pdata$mdlSetWorkWidths    0000000180021780     pendulumgui_sfun_registry.obj
 0004:0000078c       $pdata$mdlProcessParameters 000000018002178c     pendulumgui_sfun_registry.obj
 0004:00000798       $pdata$mdl_start_processing 0000000180021798     pendulumgui_sfun_registry.obj
 0004:000007a4       $pdata$mdl_terminate_processing 00000001800217a4     pendulumgui_sfun_registry.obj
 0004:000007b0       $pdata$mdlStart            00000001800217b0     pendulumgui_sfun_registry.obj
 0004:000007bc       $pdata$mdlTerminate        00000001800217bc     pendulumgui_sfun_registry.obj
 0004:000007c8       $pdata$mdlInitializeSizes  00000001800217c8     pendulumgui_sfun_registry.obj
 0004:000007d4       $pdata$mdlInitializeSampleTimes 00000001800217d4     pendulumgui_sfun_registry.obj
 0004:000007e0       $pdata$mdl_outputs_continuous_legacy 00000001800217e0     pendulumgui_sfun_registry.obj
 0004:000007ec       $pdata$mdl_outputs_processing 00000001800217ec     pendulumgui_sfun_registry.obj
 0004:000007f8       $pdata$mdl_zeroCrossings_processing 00000001800217f8     pendulumgui_sfun_registry.obj
 0004:00000804       $pdata$mdlZeroCrossings    0000000180021804     pendulumgui_sfun_registry.obj
 0004:00000810       $pdata$mdl_derivatives_processing 0000000180021810     pendulumgui_sfun_registry.obj
 0004:0000081c       $pdata$mdlDerivatives      000000018002181c     pendulumgui_sfun_registry.obj
 0004:00000828       $pdata$mdl_initialize_conditions_processing 0000000180021828     pendulumgui_sfun_registry.obj
 0004:00000834       $pdata$mdlInitializeConditions 0000000180021834     pendulumgui_sfun_registry.obj
 0004:00000840       $pdata$mdl_ext_mode_exec_processing 0000000180021840     pendulumgui_sfun_registry.obj
 0004:0000084c       $pdata$mdlExtModeExec      000000018002184c     pendulumgui_sfun_registry.obj
 0004:00000858       $pdata$mdlRTW              0000000180021858     pendulumgui_sfun_registry.obj
 0004:00000864       $pdata$mdl_enable_processing 0000000180021864     pendulumgui_sfun_registry.obj
 0004:00000870       $pdata$mdlEnable           0000000180021870     pendulumgui_sfun_registry.obj
 0004:0000087c       $pdata$mdl_disable_processing 000000018002187c     pendulumgui_sfun_registry.obj
 0004:00000888       $pdata$mdlDisable          0000000180021888     pendulumgui_sfun_registry.obj
 0004:00000894       $pdata$mdlOutputs          0000000180021894     pendulumgui_sfun_registry.obj
 0004:000008a0       $pdata$mdl_update_processing 00000001800218a0     pendulumgui_sfun_registry.obj
 0004:000008ac       $pdata$mdlUpdate           00000001800218ac     pendulumgui_sfun_registry.obj
 0004:000008b8       $pdata$ProcessMexSfunctionEveryCall 00000001800218b8     pendulumgui_sfun_registry.obj
 0004:000008c4       $pdata$_RegNumInputPortsCB 00000001800218c4     pendulumgui_sfun_registry.obj
 0004:000008d0       $pdata$_RegNumOutputPortsCB 00000001800218d0     pendulumgui_sfun_registry.obj
 0004:000008dc       $pdata$_CreateSimStruct    00000001800218dc     pendulumgui_sfun_registry.obj
 0004:000008e8       $pdata$_ssFatalError       00000001800218e8     pendulumgui_sfun_registry.obj
 0004:000008f4       $pdata$_ProcessMexSfunctionCmdLineCall 00000001800218f4     pendulumgui_sfun_registry.obj
 0004:00000900       $pdata$__raise_securityfailure 0000000180021900     MSVCRT:gs_report.obj
 0004:0000090c       $pdata$__report_gsfailure  000000018002190c     MSVCRT:gs_report.obj
 0004:00000918       $pdata$__report_rangecheckfailure 0000000180021918     MSVCRT:gs_report.obj
 0004:00000924       $pdata$__report_securityfailure 0000000180021924     MSVCRT:gs_report.obj
 0004:00000930       $pdata$__report_securityfailureEx 0000000180021930     MSVCRT:gs_report.obj
 0004:0000093c       $pdata$__GSHandlerCheck    000000018002193c     MSVCRT:gshandler.obj
 0004:00000948       $pdata$__GSHandlerCheckCommon 0000000180021948     MSVCRT:gshandler.obj
 0004:00000960       $pdata$pre_c_init          0000000180021960     MSVCRT:crtdll.obj
 0004:0000096c       $pdata$_CRT_INIT           000000018002196c     MSVCRT:crtdll.obj
 0004:00000978       $pdata$_DllMainCRTStartup  0000000180021978     MSVCRT:crtdll.obj
 0004:00000984       $pdata$__DllMainCRTStartup 0000000180021984     MSVCRT:crtdll.obj
 0004:00000990       $pdata$_IsNonwritableInCurrentImage 0000000180021990     MSVCRT:pesect.obj
 0004:0000099c       $pdata$__atonexitinit      000000018002199c     MSVCRT:atonexit.obj
 0004:000009a8       $pdata$_onexit             00000001800219a8     MSVCRT:atonexit.obj
 0004:000009b4       $pdata$atexit              00000001800219b4     MSVCRT:atonexit.obj
 0004:000009c0       $pdata$__security_init_cookie 00000001800219c0     MSVCRT:gs_support.obj
 0004:000009cc       $pdata$DllMain             00000001800219cc     MSVCRT:dllmain.obj
 0004:000009d8       $pdata$_RTC_Initialize     00000001800219d8     MSVCRT:initsect.obj
 0004:000009e4       $pdata$_RTC_Terminate      00000001800219e4     MSVCRT:initsect.obj
 0004:000009f0       $pdata$__DllMainCRTStartup$filt$0 00000001800219f0     MSVCRT:crtdll.obj
 0004:000009fc       $pdata$__DllMainCRTStartup$fin$1 00000001800219fc     MSVCRT:crtdll.obj
 0004:00000a08       $pdata$_IsNonwritableInCurrentImage$filt$0 0000000180021a08     MSVCRT:pesect.obj
 0004:00000a14       $pdata$_onexit$fin$0       0000000180021a14     MSVCRT:atonexit.obj
